code .
suhrob@suhrob:~/Project-3$ npm install
npm warn deprecated inflight@1.0.6: This module is not supported, and leaks memory. Do not use it. Check out lru-cache if you want a good and tested way to coalesce async requests by a key value, which is much more comprehensive and powerful.
npm warn deprecated npmlog@5.0.1: This package is no longer supported.
npm warn deprecated @humanwhocodes/config-array@0.11.14: Use @eslint/config-array instead
npm warn deprecated rimraf@3.0.2: Rimraf versions prior to v4 are no longer supported
npm warn deprecated rollup-plugin-inject@3.0.2: This package has been deprecated and is no longer maintained. Please use @rollup/plugin-inject.
npm warn deprecated are-we-there-yet@2.0.0: This package is no longer supported.
npm warn deprecated @humanwhocodes/object-schema@2.0.3: Use @eslint/object-schema instead
npm warn deprecated glob@7.2.3: Glob versions prior to v9 are no longer supported
npm warn deprecated glob@7.2.3: Glob versions prior to v9 are no longer supported
npm warn deprecated sourcemap-codec@1.4.8: Please use @jridgewell/sourcemap-codec instead
npm warn deprecated debug@4.1.1: Debug versions >=3.2.0 <3.2.7 || >=4 <4.3.1 have a low-severity ReDos regression when used in a Node.js environment. It is recommended you upgrade to 3.2.7 or 4.3.1. (https://github.com/visionmedia/debug/issues/797)
npm warn deprecated gauge@3.0.2: This package is no longer supported.
npm warn deprecated uuid@3.3.2: Please upgrade  to version 7 or higher.  Older versions may use Math.random() in certain circumstances, which is known to be problematic.  See https://v8.dev/blog/math-random for details.

added 622 packages, and audited 623 packages in 9s

149 packages are looking for funding
  run `npm fund` for details

8 vulnerabilities (3 low, 4 moderate, 1 high)

To address all issues (including breaking changes), run:
  npm audit fix --force

Run `npm audit` for details.
suhrob@suhrob:~/Project-3$ npm run dev

> my-next-app@0.1.0 dev
> next dev

   â–² Next.js 14.1.0
   - Local:        http://localhost:3000

Attention: Next.js now collects completely anonymous telemetry regarding usage.
This information is used to shape Next.js' roadmap and prioritize features.
You can learn more, including how to opt-out if you'd not like to participate in this anonymous program, by visiting the following URL:
https://nextjs.org/telemetry

 âœ“ Ready in 3.4s
 â—‹ Compiling / ...
 âœ“ Compiled / in 5.1s (511 modules)
 âœ“ Compiled in 267ms (241 modules)
 âœ“ Compiled /favicon.ico in 312ms (516 modules)
^X^C
suhrob@suhrob:~/Project-3$ npm run build

> my-next-app@0.1.0 build
> next build

   â–² Next.js 14.1.0

   Creating an optimized production build ...
 âœ“ Compiled successfully
 âœ“ Linting and checking validity of types    
 âš  Using edge runtime on a page currently disables static generation for that page
 âœ“ Collecting page data    
 âœ“ Generating static pages (4/4) 
 âœ“ Collecting build traces    
 âœ“ Finalizing page optimization    

Route (app)                              Size     First Load JS
â”Œ â—‹ /                                    5.14 kB        89.3 kB
â”œ â„‡ /_not-found                          0 B                0 B
â”” â„‡ /api/hello                           0 B                0 B
+ First Load JS shared by all            84.2 kB
  â”œ chunks/726-f264f99eb28773de.js       28.9 kB
  â”œ chunks/fd9d1056-cc48c28d170fddc2.js  53.4 kB
  â”” other shared chunks (total)          1.89 kB


â—‹  (Static)        prerendered as static content
â„‡  (Edge Runtime)  server-rendered on demand using the Edge Runtime

suhrob@suhrob:~/Project-3$ npm exec next-on-pages
âš¡ï¸ @cloudflare/next-on-pages CLI v.1.11.3
âš¡ï¸ Detected Package Manager: npm (10.7.0)
âš¡ï¸ Preparing project...
âš¡ï¸ Project is ready
âš¡ï¸ Building project...
â–²  Vercel CLI 34.2.7
â–²  WARNING: You should not upload the `.next` directory.
â–²  Installing dependencies...
â–²  up to date in 748ms
â–²  149 packages are looking for funding
â–²  run `npm fund` for details
â–²  Detected Next.js version: 14.1.0
â–²  Detected `package-lock.json` generated by npm 7+
â–²  Running "npm run build"
â–²  > my-next-app@0.1.0 build
â–²  > next build
â–²  Attention: Next.js now collects completely anonymous telemetry regarding usage.
â–²  This information is used to shape Next.js' roadmap and prioritize features.
â–²  You can learn more, including how to opt-out if you'd not like to participate in this anonymous program, by visiting the following URL:
â–²  https://nextjs.org/telemetry
â–²  â–² Next.js 14.1.0
â–²  Creating an optimized production build ...
â–²  âœ“ Compiled successfully
â–²  Linting and checking validity of types ...
â–²  Collecting page data ...
â–²  âš  Using edge runtime on a page currently disables static generation for that page
â–²  Generating static pages (0/4) ...
â–²  Generating static pages (1/4)
â–²  Generating static pages (2/4)
â–²  Generating static pages (3/4)
â–²  âœ“ Generating static pages (4/4)
â–²  Finalizing page optimization ...
â–²  Collecting build traces ...
â–²  
â–²  Route (app)                              Size     First Load JS
â–²  â”Œ â—‹ /                                    5.14 kB        89.3 kB
â–²  â”œ â„‡ /_not-found                          0 B                0 B
â–²  â”” â„‡ /api/hello                           0 B                0 B
â–²  + First Load JS shared by all            84.2 kB
â–²  â”œ chunks/726-f264f99eb28773de.js       28.9 kB
â–²  â”œ chunks/fd9d1056-cc48c28d170fddc2.js  53.4 kB
â–²  â”” other shared chunks (total)          1.89 kB
â–²  
â–²  
â–²  â—‹  (Static)        prerendered as static content
â–²  â„‡  (Edge Runtime)  server-rendered on demand using the Edge Runtime
â–²  
â–²  Traced Next.js server files in: 91.277ms
â–²  Created all serverless functions in: 508.759ms
â–²  Collected static files (public/, static/, .next/static): 2.243ms
â–²  Build Completed in .vercel/output [14s]
âš¡ï¸ Completed `npx vercel build`.

âš¡ï¸ Build Summary (@cloudflare/next-on-pages v1.11.3)
âš¡ï¸ 
âš¡ï¸ Edge Function Routes (2)
âš¡ï¸   â”Œ /_not-found
âš¡ï¸   â”” /api/hello
âš¡ï¸ 
âš¡ï¸ Prerendered Routes (3)
âš¡ï¸   â”Œ /
âš¡ï¸   â”œ /favicon.ico
âš¡ï¸   â”” /index.rsc
âš¡ï¸ 
âš¡ï¸ Other Static Assets (29)
âš¡ï¸   â”Œ /_app.rsc.json
âš¡ï¸   â”œ /_document.rsc.json
âš¡ï¸   â”œ /_error.rsc.json
âš¡ï¸   â”œ /500.html
âš¡ï¸   â”” ... 25 more

âš¡ï¸ Build log saved to '.vercel/output/static/_worker.js/nop-build-log.json'
âš¡ï¸ Generated '.vercel/output/static/_worker.js/index.js'.
âš¡ï¸ Build completed in 0.43s
suhrob@suhrob:~/Project-3$ npm exec wrangler pages deploy
ğŸŒ  Uploading... (33/33)

âœ¨ Success! Uploaded 8 files (25 already uploaded) (2.36 sec)

âœ¨ Uploading _headers
Attaching additional modules:
â”Œâ”€â”€â”€â”€â”€â”€â”€â”€â”€â”€â”€â”€â”€â”€â”€â”€â”€â”€â”€â”€â”€â”€â”€â”€â”€â”€â”€â”€â”€â”€â”€â”€â”€â”€â”€â”€â”€â”€â”€â”€â”€â”€â”€â”€â”€â”€â”€â”€â”€â”€â”€â”€â”€â”€â”€â”€â”€â”€â”€â”€â”€â”€â”€â”€â”€â”€â”€â”€â”€â”¬â”€â”€â”€â”€â”€â”€â”¬â”€â”€â”€â”€â”€â”€â”€â”€â”€â”€â”€â”€â”
â”‚ Name                                                                â”‚ Type â”‚ Size       â”‚
â”œâ”€â”€â”€â”€â”€â”€â”€â”€â”€â”€â”€â”€â”€â”€â”€â”€â”€â”€â”€â”€â”€â”€â”€â”€â”€â”€â”€â”€â”€â”€â”€â”€â”€â”€â”€â”€â”€â”€â”€â”€â”€â”€â”€â”€â”€â”€â”€â”€â”€â”€â”€â”€â”€â”€â”€â”€â”€â”€â”€â”€â”€â”€â”€â”€â”€â”€â”€â”€â”€â”¼â”€â”€â”€â”€â”€â”€â”¼â”€â”€â”€â”€â”€â”€â”€â”€â”€â”€â”€â”€â”¤
â”‚ __next-on-pages-dist__/cache/adaptor.js                             â”‚ esm  â”‚ 2.03 KiB   â”‚
â”œâ”€â”€â”€â”€â”€â”€â”€â”€â”€â”€â”€â”€â”€â”€â”€â”€â”€â”€â”€â”€â”€â”€â”€â”€â”€â”€â”€â”€â”€â”€â”€â”€â”€â”€â”€â”€â”€â”€â”€â”€â”€â”€â”€â”€â”€â”€â”€â”€â”€â”€â”€â”€â”€â”€â”€â”€â”€â”€â”€â”€â”€â”€â”€â”€â”€â”€â”€â”€â”€â”¼â”€â”€â”€â”€â”€â”€â”¼â”€â”€â”€â”€â”€â”€â”€â”€â”€â”€â”€â”€â”¤
â”‚ __next-on-pages-dist__/cache/cache-api.js                           â”‚ esm  â”‚ 0.43 KiB   â”‚
â”œâ”€â”€â”€â”€â”€â”€â”€â”€â”€â”€â”€â”€â”€â”€â”€â”€â”€â”€â”€â”€â”€â”€â”€â”€â”€â”€â”€â”€â”€â”€â”€â”€â”€â”€â”€â”€â”€â”€â”€â”€â”€â”€â”€â”€â”€â”€â”€â”€â”€â”€â”€â”€â”€â”€â”€â”€â”€â”€â”€â”€â”€â”€â”€â”€â”€â”€â”€â”€â”€â”¼â”€â”€â”€â”€â”€â”€â”¼â”€â”€â”€â”€â”€â”€â”€â”€â”€â”€â”€â”€â”¤
â”‚ __next-on-pages-dist__/cache/kv.js                                  â”‚ esm  â”‚ 0.31 KiB   â”‚
â”œâ”€â”€â”€â”€â”€â”€â”€â”€â”€â”€â”€â”€â”€â”€â”€â”€â”€â”€â”€â”€â”€â”€â”€â”€â”€â”€â”€â”€â”€â”€â”€â”€â”€â”€â”€â”€â”€â”€â”€â”€â”€â”€â”€â”€â”€â”€â”€â”€â”€â”€â”€â”€â”€â”€â”€â”€â”€â”€â”€â”€â”€â”€â”€â”€â”€â”€â”€â”€â”€â”¼â”€â”€â”€â”€â”€â”€â”¼â”€â”€â”€â”€â”€â”€â”€â”€â”€â”€â”€â”€â”¤
â”‚ __next-on-pages-dist__/functions/_not-found.func.js                 â”‚ esm  â”‚ 406.63 KiB â”‚
â”œâ”€â”€â”€â”€â”€â”€â”€â”€â”€â”€â”€â”€â”€â”€â”€â”€â”€â”€â”€â”€â”€â”€â”€â”€â”€â”€â”€â”€â”€â”€â”€â”€â”€â”€â”€â”€â”€â”€â”€â”€â”€â”€â”€â”€â”€â”€â”€â”€â”€â”€â”€â”€â”€â”€â”€â”€â”€â”€â”€â”€â”€â”€â”€â”€â”€â”€â”€â”€â”€â”¼â”€â”€â”€â”€â”€â”€â”¼â”€â”€â”€â”€â”€â”€â”€â”€â”€â”€â”€â”€â”¤
â”‚ __next-on-pages-dist__/functions/api/hello.func.js                  â”‚ esm  â”‚ 71.43 KiB  â”‚
â”œâ”€â”€â”€â”€â”€â”€â”€â”€â”€â”€â”€â”€â”€â”€â”€â”€â”€â”€â”€â”€â”€â”€â”€â”€â”€â”€â”€â”€â”€â”€â”€â”€â”€â”€â”€â”€â”€â”€â”€â”€â”€â”€â”€â”€â”€â”€â”€â”€â”€â”€â”€â”€â”€â”€â”€â”€â”€â”€â”€â”€â”€â”€â”€â”€â”€â”€â”€â”€â”€â”¼â”€â”€â”€â”€â”€â”€â”¼â”€â”€â”€â”€â”€â”€â”€â”€â”€â”€â”€â”€â”¤
â”‚ __next-on-pages-dist__/manifest/27d10e462fba646daaa29468a0656e12.js â”‚ esm  â”‚ 1.12 KiB   â”‚
â”œâ”€â”€â”€â”€â”€â”€â”€â”€â”€â”€â”€â”€â”€â”€â”€â”€â”€â”€â”€â”€â”€â”€â”€â”€â”€â”€â”€â”€â”€â”€â”€â”€â”€â”€â”€â”€â”€â”€â”€â”€â”€â”€â”€â”€â”€â”€â”€â”€â”€â”€â”€â”€â”€â”€â”€â”€â”€â”€â”€â”€â”€â”€â”€â”€â”€â”€â”€â”€â”€â”¼â”€â”€â”€â”€â”€â”€â”¼â”€â”€â”€â”€â”€â”€â”€â”€â”€â”€â”€â”€â”¤
â”‚ __next-on-pages-dist__/webpack/44bff480f105853cb03b9b061f5738d6.js  â”‚ esm  â”‚ 113.86 KiB â”‚
â””â”€â”€â”€â”€â”€â”€â”€â”€â”€â”€â”€â”€â”€â”€â”€â”€â”€â”€â”€â”€â”€â”€â”€â”€â”€â”€â”€â”€â”€â”€â”€â”€â”€â”€â”€â”€â”€â”€â”€â”€â”€â”€â”€â”€â”€â”€â”€â”€â”€â”€â”€â”€â”€â”€â”€â”€â”€â”€â”€â”€â”€â”€â”€â”€â”€â”€â”€â”€â”€â”´â”€â”€â”€â”€â”€â”€â”´â”€â”€â”€â”€â”€â”€â”€â”€â”€â”€â”€â”€â”˜
âœ¨ Compiled Worker successfully
âœ¨ Uploading Worker bundle
âœ¨ Uploading _routes.json
ğŸŒ Deploying...
âœ¨ Deployment complete! Take a peek over at https://cbfdb980.my-next-app-91i.pages.dev
âœ” Would you like to help improve Wrangler by sending usage metrics to Cloudflare? â€¦ yes
Your choice has been saved in the following file: ../.config/.wrangler/metrics.json.

  You can override the user level setting for a project in `wrangler.toml`:

   - to disable sending metrics for a project: `send_metrics = false`
   - to enable sending metrics for a project: `send_metrics = true`
suhrob@suhrob:~/Project-3$ npm exec wrangler pages deploy .vercel/output/static
ğŸŒ  Uploading... (33/33)

âœ¨ Success! Uploaded 0 files (33 already uploaded) (0.44 sec)

âœ¨ Uploading _headers
Attaching additional modules:
â”Œâ”€â”€â”€â”€â”€â”€â”€â”€â”€â”€â”€â”€â”€â”€â”€â”€â”€â”€â”€â”€â”€â”€â”€â”€â”€â”€â”€â”€â”€â”€â”€â”€â”€â”€â”€â”€â”€â”€â”€â”€â”€â”€â”€â”€â”€â”€â”€â”€â”€â”€â”€â”€â”€â”€â”€â”€â”€â”€â”€â”€â”€â”€â”€â”€â”€â”€â”€â”€â”€â”¬â”€â”€â”€â”€â”€â”€â”¬â”€â”€â”€â”€â”€â”€â”€â”€â”€â”€â”€â”€â”
â”‚ Name                                                                â”‚ Type â”‚ Size       â”‚
â”œâ”€â”€â”€â”€â”€â”€â”€â”€â”€â”€â”€â”€â”€â”€â”€â”€â”€â”€â”€â”€â”€â”€â”€â”€â”€â”€â”€â”€â”€â”€â”€â”€â”€â”€â”€â”€â”€â”€â”€â”€â”€â”€â”€â”€â”€â”€â”€â”€â”€â”€â”€â”€â”€â”€â”€â”€â”€â”€â”€â”€â”€â”€â”€â”€â”€â”€â”€â”€â”€â”¼â”€â”€â”€â”€â”€â”€â”¼â”€â”€â”€â”€â”€â”€â”€â”€â”€â”€â”€â”€â”¤
â”‚ __next-on-pages-dist__/cache/adaptor.js                             â”‚ esm  â”‚ 2.03 KiB   â”‚
â”œâ”€â”€â”€â”€â”€â”€â”€â”€â”€â”€â”€â”€â”€â”€â”€â”€â”€â”€â”€â”€â”€â”€â”€â”€â”€â”€â”€â”€â”€â”€â”€â”€â”€â”€â”€â”€â”€â”€â”€â”€â”€â”€â”€â”€â”€â”€â”€â”€â”€â”€â”€â”€â”€â”€â”€â”€â”€â”€â”€â”€â”€â”€â”€â”€â”€â”€â”€â”€â”€â”¼â”€â”€â”€â”€â”€â”€â”¼â”€â”€â”€â”€â”€â”€â”€â”€â”€â”€â”€â”€â”¤
â”‚ __next-on-pages-dist__/cache/cache-api.js                           â”‚ esm  â”‚ 0.43 KiB   â”‚
â”œâ”€â”€â”€â”€â”€â”€â”€â”€â”€â”€â”€â”€â”€â”€â”€â”€â”€â”€â”€â”€â”€â”€â”€â”€â”€â”€â”€â”€â”€â”€â”€â”€â”€â”€â”€â”€â”€â”€â”€â”€â”€â”€â”€â”€â”€â”€â”€â”€â”€â”€â”€â”€â”€â”€â”€â”€â”€â”€â”€â”€â”€â”€â”€â”€â”€â”€â”€â”€â”€â”¼â”€â”€â”€â”€â”€â”€â”¼â”€â”€â”€â”€â”€â”€â”€â”€â”€â”€â”€â”€â”¤
â”‚ __next-on-pages-dist__/cache/kv.js                                  â”‚ esm  â”‚ 0.31 KiB   â”‚
â”œâ”€â”€â”€â”€â”€â”€â”€â”€â”€â”€â”€â”€â”€â”€â”€â”€â”€â”€â”€â”€â”€â”€â”€â”€â”€â”€â”€â”€â”€â”€â”€â”€â”€â”€â”€â”€â”€â”€â”€â”€â”€â”€â”€â”€â”€â”€â”€â”€â”€â”€â”€â”€â”€â”€â”€â”€â”€â”€â”€â”€â”€â”€â”€â”€â”€â”€â”€â”€â”€â”¼â”€â”€â”€â”€â”€â”€â”¼â”€â”€â”€â”€â”€â”€â”€â”€â”€â”€â”€â”€â”¤
â”‚ __next-on-pages-dist__/functions/_not-found.func.js                 â”‚ esm  â”‚ 406.63 KiB â”‚
â”œâ”€â”€â”€â”€â”€â”€â”€â”€â”€â”€â”€â”€â”€â”€â”€â”€â”€â”€â”€â”€â”€â”€â”€â”€â”€â”€â”€â”€â”€â”€â”€â”€â”€â”€â”€â”€â”€â”€â”€â”€â”€â”€â”€â”€â”€â”€â”€â”€â”€â”€â”€â”€â”€â”€â”€â”€â”€â”€â”€â”€â”€â”€â”€â”€â”€â”€â”€â”€â”€â”¼â”€â”€â”€â”€â”€â”€â”¼â”€â”€â”€â”€â”€â”€â”€â”€â”€â”€â”€â”€â”¤
â”‚ __next-on-pages-dist__/functions/api/hello.func.js                  â”‚ esm  â”‚ 71.43 KiB  â”‚
â”œâ”€â”€â”€â”€â”€â”€â”€â”€â”€â”€â”€â”€â”€â”€â”€â”€â”€â”€â”€â”€â”€â”€â”€â”€â”€â”€â”€â”€â”€â”€â”€â”€â”€â”€â”€â”€â”€â”€â”€â”€â”€â”€â”€â”€â”€â”€â”€â”€â”€â”€â”€â”€â”€â”€â”€â”€â”€â”€â”€â”€â”€â”€â”€â”€â”€â”€â”€â”€â”€â”¼â”€â”€â”€â”€â”€â”€â”¼â”€â”€â”€â”€â”€â”€â”€â”€â”€â”€â”€â”€â”¤
â”‚ __next-on-pages-dist__/manifest/27d10e462fba646daaa29468a0656e12.js â”‚ esm  â”‚ 1.12 KiB   â”‚
â”œâ”€â”€â”€â”€â”€â”€â”€â”€â”€â”€â”€â”€â”€â”€â”€â”€â”€â”€â”€â”€â”€â”€â”€â”€â”€â”€â”€â”€â”€â”€â”€â”€â”€â”€â”€â”€â”€â”€â”€â”€â”€â”€â”€â”€â”€â”€â”€â”€â”€â”€â”€â”€â”€â”€â”€â”€â”€â”€â”€â”€â”€â”€â”€â”€â”€â”€â”€â”€â”€â”¼â”€â”€â”€â”€â”€â”€â”¼â”€â”€â”€â”€â”€â”€â”€â”€â”€â”€â”€â”€â”¤
â”‚ __next-on-pages-dist__/webpack/44bff480f105853cb03b9b061f5738d6.js  â”‚ esm  â”‚ 113.86 KiB â”‚
â””â”€â”€â”€â”€â”€â”€â”€â”€â”€â”€â”€â”€â”€â”€â”€â”€â”€â”€â”€â”€â”€â”€â”€â”€â”€â”€â”€â”€â”€â”€â”€â”€â”€â”€â”€â”€â”€â”€â”€â”€â”€â”€â”€â”€â”€â”€â”€â”€â”€â”€â”€â”€â”€â”€â”€â”€â”€â”€â”€â”€â”€â”€â”€â”€â”€â”€â”€â”€â”€â”´â”€â”€â”€â”€â”€â”€â”´â”€â”€â”€â”€â”€â”€â”€â”€â”€â”€â”€â”€â”˜
âœ¨ Compiled Worker successfully
âœ¨ Uploading Worker bundle
âœ¨ Uploading _routes.json
ğŸŒ Deploying...
âœ¨ Deployment complete! Take a peek over at https://f765c63e.my-next-app-91i.pages.dev
suhrob@suhrob:~/Project-3$ npm exec wrangler d1
wrangler d1

ğŸ—„  Interact with a D1 database

Commands:
  wrangler d1 list                List D1 databases
  wrangler d1 info <name>         Get information about a D1 database, including the current database size and state.
  wrangler d1 insights <name>     Experimental command. Get information about the queries run on a D1 database.
  wrangler d1 create <name>       Create D1 database
  wrangler d1 delete <name>       Delete D1 database
  wrangler d1 backup              Interact with D1 Backups
  wrangler d1 execute <database>  Executed command or SQL file
  wrangler d1 export <name>       Export the contents or schema of your database as a .sql file
  wrangler d1 time-travel         Use Time Travel to restore, fork or copy a database at a specific point-in-time.
  wrangler d1 migrations          Interact with D1 Migrations

Flags:
  -j, --experimental-json-config  Experimental: Support wrangler.json  [boolean]
  -c, --config                    Path to .toml configuration file  [string]
  -e, --env                       Environment to use for operations and .env files  [string]
  -h, --help                      Show help  [boolean]
  -v, --version                   Show version number  [boolean]
suhrob@suhrob:~/Project-3$ npm exec wrangler d1 create project-3-db

 â›…ï¸ wrangler 3.60.2
-------------------

âœ… Successfully created DB 'project-3-db' in region EEUR
Created your new D1 database.

[[d1_databases]]
binding = "DB" # i.e. available in your Worker on env.DB
database_name = "project-3-db"
database_id = "1ca9b7ac-f088-4e7f-8868-1b61daa2f192"
suhrob@suhrob:~/Project-3$ ^C
suhrob@suhrob:~/Project-3$ npm exec wrangler d1 execute

âœ˜ [ERROR] Not enough non-option arguments: got 0, need at least 1


wrangler d1 execute <database>

Executed command or SQL file

Positionals:
  database  The name or binding of the DB  [string] [required]

Flags:
  -j, --experimental-json-config  Experimental: Support wrangler.json  [boolean]
  -c, --config                    Path to .toml configuration file  [string]
  -e, --env                       Environment to use for operations and .env files  [string]
  -h, --help                      Show help  [boolean]
  -v, --version                   Show version number  [boolean]

Options:
  -y, --yes         Answer "yes" to any prompts  [boolean]
      --local       Execute commands/files against a local DB for use with wrangler dev  [boolean]
      --remote      Execute commands/files against a remote DB for use with wrangler dev  [boolean]
      --file        A .sql file to ingest  [string]
      --command     A single SQL statement to execute  [string]
      --persist-to  Specify directory to use for local persistence (for --local)  [string]
      --json        Return output as clean JSON  [boolean] [default: false]
      --preview     Execute commands/files against a preview D1 DB  [boolean] [default: false]
ğŸªµ  Logs were written to "/home/suhrob/.config/.wrangler/logs/wrangler-2024-06-13_06-37-47_862.log"
suhrob@suhrob:~/Project-3$ npm exec wrangler d1 execute project-3-db

 â›…ï¸ wrangler 3.60.2
-------------------


âœ˜ [ERROR] Error: must provide --command or --file.


ğŸªµ  Logs were written to "/home/suhrob/.config/.wrangler/logs/wrangler-2024-06-13_06-38-13_685.log"
suhrob@suhrob:~/Project-3$ npm exec wrangler d1 execute project-3-db --file init.sql

âœ˜ [ERROR] Unknown argument: init.sql


wrangler d1 execute <database>

Executed command or SQL file

Positionals:
  database  The name or binding of the DB  [string] [required]

Flags:
  -j, --experimental-json-config  Experimental: Support wrangler.json  [boolean]
  -c, --config                    Path to .toml configuration file  [string]
  -e, --env                       Environment to use for operations and .env files  [string]
  -h, --help                      Show help  [boolean]
  -v, --version                   Show version number  [boolean]

Options:
  -y, --yes         Answer "yes" to any prompts  [boolean]
      --local       Execute commands/files against a local DB for use with wrangler dev  [boolean]
      --remote      Execute commands/files against a remote DB for use with wrangler dev  [boolean]
      --file        A .sql file to ingest  [string]
      --command     A single SQL statement to execute  [string]
      --persist-to  Specify directory to use for local persistence (for --local)  [string]
      --json        Return output as clean JSON  [boolean] [default: false]
      --preview     Execute commands/files against a preview D1 DB  [boolean] [default: false]
ğŸªµ  Logs were written to "/home/suhrob/.config/.wrangler/logs/wrangler-2024-06-13_06-38-31_051.log"
suhrob@suhrob:~/Project-3$ npm exec wrangler d1 execute project-3-db --file 
.eslintrc.json      .gitignore          jsconfig.json       next.config.mjs     package.json        postcss.config.js   README.md           tailwind.config.js  .wrangler/          
.git/               init.sql            .next/              node_modules/       package-lock.json   public/             src/                .vercel/            wrangler.toml       
suhrob@suhrob:~/Project-3$ npm exec wrangler d1 execute project-3-db --file init.sql 

âœ˜ [ERROR] Unknown argument: init.sql


wrangler d1 execute <database>

Executed command or SQL file

Positionals:
  database  The name or binding of the DB  [string] [required]

Flags:
  -j, --experimental-json-config  Experimental: Support wrangler.json  [boolean]
  -c, --config                    Path to .toml configuration file  [string]
  -e, --env                       Environment to use for operations and .env files  [string]
  -h, --help                      Show help  [boolean]
  -v, --version                   Show version number  [boolean]

Options:
  -y, --yes         Answer "yes" to any prompts  [boolean]
      --local       Execute commands/files against a local DB for use with wrangler dev  [boolean]
      --remote      Execute commands/files against a remote DB for use with wrangler dev  [boolean]
      --file        A .sql file to ingest  [string]
      --command     A single SQL statement to execute  [string]
      --persist-to  Specify directory to use for local persistence (for --local)  [string]
      --json        Return output as clean JSON  [boolean] [default: false]
      --preview     Execute commands/files against a preview D1 DB  [boolean] [default: false]
ğŸªµ  Logs were written to "/home/suhrob/.config/.wrangler/logs/wrangler-2024-06-13_06-39-10_165.log"
suhrob@suhrob:~/Project-3$ npm exec wrangler d1 execute project-3-db --file init.sql 

âœ˜ [ERROR] Unknown argument: init.sql


wrangler d1 execute <database>

Executed command or SQL file

Positionals:
  database  The name or binding of the DB  [string] [required]

Flags:
  -j, --experimental-json-config  Experimental: Support wrangler.json  [boolean]
  -c, --config                    Path to .toml configuration file  [string]
  -e, --env                       Environment to use for operations and .env files  [string]
  -h, --help                      Show help  [boolean]
  -v, --version                   Show version number  [boolean]

Options:
  -y, --yes         Answer "yes" to any prompts  [boolean]
      --local       Execute commands/files against a local DB for use with wrangler dev  [boolean]
      --remote      Execute commands/files against a remote DB for use with wrangler dev  [boolean]
      --file        A .sql file to ingest  [string]
      --command     A single SQL statement to execute  [string]
      --persist-to  Specify directory to use for local persistence (for --local)  [string]
      --json        Return output as clean JSON  [boolean] [default: false]
      --preview     Execute commands/files against a preview D1 DB  [boolean] [default: false]
ğŸªµ  Logs were written to "/home/suhrob/.config/.wrangler/logs/wrangler-2024-06-13_06-40-23_670.log"
suhrob@suhrob:~/Project-3$ npm run deploy

> my-next-app@0.1.0 deploy
> npm run pages:build && wrangler pages deploy


> my-next-app@0.1.0 pages:build
> npx @cloudflare/next-on-pages

âš¡ï¸ @cloudflare/next-on-pages CLI v.1.11.3
âš¡ï¸ Detected Package Manager: npm (10.7.0)
âš¡ï¸ Preparing project...
âš¡ï¸ Project is ready
âš¡ï¸ Building project...
â–²  Vercel CLI 34.2.7
â–²  WARNING: You should not upload the `.next` directory.
â–²  Installing dependencies...
â–²  up to date in 781ms
â–²  149 packages are looking for funding
â–²  run `npm fund` for details
â–²  Detected Next.js version: 14.1.0
â–²  Detected `package-lock.json` generated by npm 7+
â–²  Running "npm run build"
â–²  > my-next-app@0.1.0 build
â–²  > next build
â–²  â–² Next.js 14.1.0
â–²  
â–²  Creating an optimized production build ...
â–²  âœ“ Compiled successfully
â–²  Linting and checking validity of types ...
â–²  Collecting page data ...
â–²  âš  Using edge runtime on a page currently disables static generation for that page
â–²  Generating static pages (0/4) ...
â–²  Generating static pages (1/4)
â–²  Generating static pages (2/4)
â–²  Generating static pages (3/4)
â–²  âœ“ Generating static pages (4/4)
â–²  Finalizing page optimization ...
â–²  Collecting build traces ...
â–²  
â–²  Route (app)                              Size     First Load JS
â–²  â”Œ â—‹ /                                    5.14 kB        89.3 kB
â–²  â”œ â„‡ /_not-found                          0 B                0 B
â–²  â”” â„‡ /api/hello                           0 B                0 B
â–²  + First Load JS shared by all            84.2 kB
â–²  â”œ chunks/726-f264f99eb28773de.js       28.9 kB
â–²  â”œ chunks/fd9d1056-cc48c28d170fddc2.js  53.4 kB
â–²  â”” other shared chunks (total)          1.89 kB
â–²  â—‹  (Static)        prerendered as static content
â–²  â„‡  (Edge Runtime)  server-rendered on demand using the Edge Runtime
â–²  Traced Next.js server files in: 81.185ms
â–²  Created all serverless functions in: 447.442ms
â–²  Collected static files (public/, static/, .next/static): 2.308ms
â–²  Build Completed in .vercel/output [13s]
âš¡ï¸ Completed `npx vercel build`.

âš¡ï¸ Build Summary (@cloudflare/next-on-pages v1.11.3)
âš¡ï¸ 
âš¡ï¸ Edge Function Routes (2)
âš¡ï¸   â”Œ /_not-found
âš¡ï¸   â”” /api/hello
âš¡ï¸ 
âš¡ï¸ Prerendered Routes (3)
âš¡ï¸   â”Œ /
âš¡ï¸   â”œ /favicon.ico
âš¡ï¸   â”” /index.rsc
âš¡ï¸ 
âš¡ï¸ Other Static Assets (29)
âš¡ï¸   â”Œ /_app.rsc.json
âš¡ï¸   â”œ /_document.rsc.json
âš¡ï¸   â”œ /_error.rsc.json
âš¡ï¸   â”œ /500.html
âš¡ï¸   â”” ... 25 more

âš¡ï¸ Build log saved to '.vercel/output/static/_worker.js/nop-build-log.json'
âš¡ï¸ Generated '.vercel/output/static/_worker.js/index.js'.
âš¡ï¸ Build completed in 0.53s
â–² [WARNING] Warning: Your working directory is a git repo and has uncommitted changes

  To silence this warning, pass in --commit-dirty=true


ğŸŒ  Uploading... (33/33)

âœ¨ Success! Uploaded 3 files (30 already uploaded) (2.06 sec)

âœ¨ Uploading _headers
Attaching additional modules:
â”Œâ”€â”€â”€â”€â”€â”€â”€â”€â”€â”€â”€â”€â”€â”€â”€â”€â”€â”€â”€â”€â”€â”€â”€â”€â”€â”€â”€â”€â”€â”€â”€â”€â”€â”€â”€â”€â”€â”€â”€â”€â”€â”€â”€â”€â”€â”€â”€â”€â”€â”€â”€â”€â”€â”€â”€â”€â”€â”€â”€â”€â”€â”€â”€â”€â”€â”€â”€â”€â”€â”¬â”€â”€â”€â”€â”€â”€â”¬â”€â”€â”€â”€â”€â”€â”€â”€â”€â”€â”€â”€â”
â”‚ Name                                                                â”‚ Type â”‚ Size       â”‚
â”œâ”€â”€â”€â”€â”€â”€â”€â”€â”€â”€â”€â”€â”€â”€â”€â”€â”€â”€â”€â”€â”€â”€â”€â”€â”€â”€â”€â”€â”€â”€â”€â”€â”€â”€â”€â”€â”€â”€â”€â”€â”€â”€â”€â”€â”€â”€â”€â”€â”€â”€â”€â”€â”€â”€â”€â”€â”€â”€â”€â”€â”€â”€â”€â”€â”€â”€â”€â”€â”€â”¼â”€â”€â”€â”€â”€â”€â”¼â”€â”€â”€â”€â”€â”€â”€â”€â”€â”€â”€â”€â”¤
â”‚ __next-on-pages-dist__/cache/adaptor.js                             â”‚ esm  â”‚ 2.03 KiB   â”‚
â”œâ”€â”€â”€â”€â”€â”€â”€â”€â”€â”€â”€â”€â”€â”€â”€â”€â”€â”€â”€â”€â”€â”€â”€â”€â”€â”€â”€â”€â”€â”€â”€â”€â”€â”€â”€â”€â”€â”€â”€â”€â”€â”€â”€â”€â”€â”€â”€â”€â”€â”€â”€â”€â”€â”€â”€â”€â”€â”€â”€â”€â”€â”€â”€â”€â”€â”€â”€â”€â”€â”¼â”€â”€â”€â”€â”€â”€â”¼â”€â”€â”€â”€â”€â”€â”€â”€â”€â”€â”€â”€â”¤
â”‚ __next-on-pages-dist__/cache/cache-api.js                           â”‚ esm  â”‚ 0.43 KiB   â”‚
â”œâ”€â”€â”€â”€â”€â”€â”€â”€â”€â”€â”€â”€â”€â”€â”€â”€â”€â”€â”€â”€â”€â”€â”€â”€â”€â”€â”€â”€â”€â”€â”€â”€â”€â”€â”€â”€â”€â”€â”€â”€â”€â”€â”€â”€â”€â”€â”€â”€â”€â”€â”€â”€â”€â”€â”€â”€â”€â”€â”€â”€â”€â”€â”€â”€â”€â”€â”€â”€â”€â”¼â”€â”€â”€â”€â”€â”€â”¼â”€â”€â”€â”€â”€â”€â”€â”€â”€â”€â”€â”€â”¤
â”‚ __next-on-pages-dist__/cache/kv.js                                  â”‚ esm  â”‚ 0.31 KiB   â”‚
â”œâ”€â”€â”€â”€â”€â”€â”€â”€â”€â”€â”€â”€â”€â”€â”€â”€â”€â”€â”€â”€â”€â”€â”€â”€â”€â”€â”€â”€â”€â”€â”€â”€â”€â”€â”€â”€â”€â”€â”€â”€â”€â”€â”€â”€â”€â”€â”€â”€â”€â”€â”€â”€â”€â”€â”€â”€â”€â”€â”€â”€â”€â”€â”€â”€â”€â”€â”€â”€â”€â”¼â”€â”€â”€â”€â”€â”€â”¼â”€â”€â”€â”€â”€â”€â”€â”€â”€â”€â”€â”€â”¤
â”‚ __next-on-pages-dist__/functions/_not-found.func.js                 â”‚ esm  â”‚ 406.63 KiB â”‚
â”œâ”€â”€â”€â”€â”€â”€â”€â”€â”€â”€â”€â”€â”€â”€â”€â”€â”€â”€â”€â”€â”€â”€â”€â”€â”€â”€â”€â”€â”€â”€â”€â”€â”€â”€â”€â”€â”€â”€â”€â”€â”€â”€â”€â”€â”€â”€â”€â”€â”€â”€â”€â”€â”€â”€â”€â”€â”€â”€â”€â”€â”€â”€â”€â”€â”€â”€â”€â”€â”€â”¼â”€â”€â”€â”€â”€â”€â”¼â”€â”€â”€â”€â”€â”€â”€â”€â”€â”€â”€â”€â”¤
â”‚ __next-on-pages-dist__/functions/api/hello.func.js                  â”‚ esm  â”‚ 71.43 KiB  â”‚
â”œâ”€â”€â”€â”€â”€â”€â”€â”€â”€â”€â”€â”€â”€â”€â”€â”€â”€â”€â”€â”€â”€â”€â”€â”€â”€â”€â”€â”€â”€â”€â”€â”€â”€â”€â”€â”€â”€â”€â”€â”€â”€â”€â”€â”€â”€â”€â”€â”€â”€â”€â”€â”€â”€â”€â”€â”€â”€â”€â”€â”€â”€â”€â”€â”€â”€â”€â”€â”€â”€â”¼â”€â”€â”€â”€â”€â”€â”¼â”€â”€â”€â”€â”€â”€â”€â”€â”€â”€â”€â”€â”¤
â”‚ __next-on-pages-dist__/manifest/27d10e462fba646daaa29468a0656e12.js â”‚ esm  â”‚ 1.12 KiB   â”‚
â”œâ”€â”€â”€â”€â”€â”€â”€â”€â”€â”€â”€â”€â”€â”€â”€â”€â”€â”€â”€â”€â”€â”€â”€â”€â”€â”€â”€â”€â”€â”€â”€â”€â”€â”€â”€â”€â”€â”€â”€â”€â”€â”€â”€â”€â”€â”€â”€â”€â”€â”€â”€â”€â”€â”€â”€â”€â”€â”€â”€â”€â”€â”€â”€â”€â”€â”€â”€â”€â”€â”¼â”€â”€â”€â”€â”€â”€â”¼â”€â”€â”€â”€â”€â”€â”€â”€â”€â”€â”€â”€â”¤
â”‚ __next-on-pages-dist__/webpack/b5bcda396f0172cbc45515c18240bb8b.js  â”‚ esm  â”‚ 113.86 KiB â”‚
â””â”€â”€â”€â”€â”€â”€â”€â”€â”€â”€â”€â”€â”€â”€â”€â”€â”€â”€â”€â”€â”€â”€â”€â”€â”€â”€â”€â”€â”€â”€â”€â”€â”€â”€â”€â”€â”€â”€â”€â”€â”€â”€â”€â”€â”€â”€â”€â”€â”€â”€â”€â”€â”€â”€â”€â”€â”€â”€â”€â”€â”€â”€â”€â”€â”€â”€â”€â”€â”€â”´â”€â”€â”€â”€â”€â”€â”´â”€â”€â”€â”€â”€â”€â”€â”€â”€â”€â”€â”€â”˜
âœ¨ Compiled Worker successfully
âœ¨ Uploading Worker bundle
âœ¨ Uploading _routes.json
ğŸŒ Deploying...
âœ¨ Deployment complete! Take a peek over at https://77763f9f.my-next-app-91i.pages.dev
suhrob@suhrob:~/Project-3$ npm exec wrangler d1 project-3-db --file init.sql

âœ˜ [ERROR] Unknown arguments: project-3-db, init.sql


wrangler d1

ğŸ—„  Interact with a D1 database

Commands:
  wrangler d1 list                List D1 databases
  wrangler d1 info <name>         Get information about a D1 database, including the current database size and state.
  wrangler d1 insights <name>     Experimental command. Get information about the queries run on a D1 database.
  wrangler d1 create <name>       Create D1 database
  wrangler d1 delete <name>       Delete D1 database
  wrangler d1 backup              Interact with D1 Backups
  wrangler d1 execute <database>  Executed command or SQL file
  wrangler d1 export <name>       Export the contents or schema of your database as a .sql file
  wrangler d1 time-travel         Use Time Travel to restore, fork or copy a database at a specific point-in-time.
  wrangler d1 migrations          Interact with D1 Migrations

Flags:
  -j, --experimental-json-config  Experimental: Support wrangler.json  [boolean]
  -c, --config                    Path to .toml configuration file  [string]
  -e, --env                       Environment to use for operations and .env files  [string]
  -h, --help                      Show help  [boolean]
  -v, --version                   Show version number  [boolean]
ğŸªµ  Logs were written to "/home/suhrob/.config/.wrangler/logs/wrangler-2024-06-13_06-42-32_922.log"
suhrob@suhrob:~/Project-3$ npm exec wrangler d1
wrangler d1

ğŸ—„  Interact with a D1 database

Commands:
  wrangler d1 list                List D1 databases
  wrangler d1 info <name>         Get information about a D1 database, including the current database size and state.
  wrangler d1 insights <name>     Experimental command. Get information about the queries run on a D1 database.
  wrangler d1 create <name>       Create D1 database
  wrangler d1 delete <name>       Delete D1 database
  wrangler d1 backup              Interact with D1 Backups
  wrangler d1 execute <database>  Executed command or SQL file
  wrangler d1 export <name>       Export the contents or schema of your database as a .sql file
  wrangler d1 time-travel         Use Time Travel to restore, fork or copy a database at a specific point-in-time.
  wrangler d1 migrations          Interact with D1 Migrations

Flags:
  -j, --experimental-json-config  Experimental: Support wrangler.json  [boolean]
  -c, --config                    Path to .toml configuration file  [string]
  -e, --env                       Environment to use for operations and .env files  [string]
  -h, --help                      Show help  [boolean]
  -v, --version                   Show version number  [boolean]
suhrob@suhrob:~/Project-3$ npm exec wrangler d1 execute project-3-db

 â›…ï¸ wrangler 3.60.2
-------------------


âœ˜ [ERROR] Error: must provide --command or --file.


ğŸªµ  Logs were written to "/home/suhrob/.config/.wrangler/logs/wrangler-2024-06-13_06-46-15_898.log"
suhrob@suhrob:~/Project-3$ npm exec wrangler d1 create project-3-db

 â›…ï¸ wrangler 3.60.2
-------------------


âœ˜ [ERROR] A database with that name already exists


ğŸªµ  Logs were written to "/home/suhrob/.config/.wrangler/logs/wrangler-2024-06-13_06-46-40_267.log"
suhrob@suhrob:~/Project-3$ npm exec wrangler d1 project-3-db --file init.sql

âœ˜ [ERROR] Unknown arguments: project-3-db, init.sql


wrangler d1

ğŸ—„  Interact with a D1 database

Commands:
  wrangler d1 list                List D1 databases
  wrangler d1 info <name>         Get information about a D1 database, including the current database size and state.
  wrangler d1 insights <name>     Experimental command. Get information about the queries run on a D1 database.
  wrangler d1 create <name>       Create D1 database
  wrangler d1 delete <name>       Delete D1 database
  wrangler d1 backup              Interact with D1 Backups
  wrangler d1 execute <database>  Executed command or SQL file
  wrangler d1 export <name>       Export the contents or schema of your database as a .sql file
  wrangler d1 time-travel         Use Time Travel to restore, fork or copy a database at a specific point-in-time.
  wrangler d1 migrations          Interact with D1 Migrations

Flags:
  -j, --experimental-json-config  Experimental: Support wrangler.json  [boolean]
  -c, --config                    Path to .toml configuration file  [string]
  -e, --env                       Environment to use for operations and .env files  [string]
  -h, --help                      Show help  [boolean]
  -v, --version                   Show version number  [boolean]
ğŸªµ  Logs were written to "/home/suhrob/.config/.wrangler/logs/wrangler-2024-06-13_06-47-03_316.log"
suhrob@suhrob:~/Project-3$ npm exec wrangler d1 execute project-3-db

 â›…ï¸ wrangler 3.60.2
-------------------


âœ˜ [ERROR] Error: must provide --command or --file.


ğŸªµ  Logs were written to "/home/suhrob/.config/.wrangler/logs/wrangler-2024-06-13_06-51-28_460.log"
suhrob@suhrob:~/Project-3$ npm exec wrangler d1 execute project-3-db --file

 â›…ï¸ wrangler 3.60.2
-------------------


âœ˜ [ERROR] Error: must provide --command or --file.


ğŸªµ  Logs were written to "/home/suhrob/.config/.wrangler/logs/wrangler-2024-06-13_06-51-35_143.log"
suhrob@suhrob:~/Project-3$ npm exec wrangler d1 execute project-3-db --file init.sql

âœ˜ [ERROR] Unknown argument: init.sql


wrangler d1 execute <database>

Executed command or SQL file

Positionals:
  database  The name or binding of the DB  [string] [required]

Flags:
  -j, --experimental-json-config  Experimental: Support wrangler.json  [boolean]
  -c, --config                    Path to .toml configuration file  [string]
  -e, --env                       Environment to use for operations and .env files  [string]
  -h, --help                      Show help  [boolean]
  -v, --version                   Show version number  [boolean]

Options:
  -y, --yes         Answer "yes" to any prompts  [boolean]
      --local       Execute commands/files against a local DB for use with wrangler dev  [boolean]
      --remote      Execute commands/files against a remote DB for use with wrangler dev  [boolean]
      --file        A .sql file to ingest  [string]
      --command     A single SQL statement to execute  [string]
      --persist-to  Specify directory to use for local persistence (for --local)  [string]
      --json        Return output as clean JSON  [boolean] [default: false]
      --preview     Execute commands/files against a preview D1 DB  [boolean] [default: false]
ğŸªµ  Logs were written to "/home/suhrob/.config/.wrangler/logs/wrangler-2024-06-13_06-51-44_029.log"
suhrob@suhrob:~/Project-3$ ^C
suhrob@suhrob:~/Project-3$ npm exec wrangler d1 execute project-3-db < init.sql

 â›…ï¸ wrangler 3.60.2
-------------------


âœ˜ [ERROR] Error: must provide --command or --file.


ğŸªµ  Logs were written to "/home/suhrob/.config/.wrangler/logs/wrangler-2024-06-13_06-52-32_200.log"
suhrob@suhrob:~/Project-3$ npm exec wrangler d1 execute project-3-db --file  init.sql

âœ˜ [ERROR] Unknown argument: init.sql


wrangler d1 execute <database>

Executed command or SQL file

Positionals:
  database  The name or binding of the DB  [string] [required]

Flags:
  -j, --experimental-json-config  Experimental: Support wrangler.json  [boolean]
  -c, --config                    Path to .toml configuration file  [string]
  -e, --env                       Environment to use for operations and .env files  [string]
  -h, --help                      Show help  [boolean]
  -v, --version                   Show version number  [boolean]

Options:
  -y, --yes         Answer "yes" to any prompts  [boolean]
      --local       Execute commands/files against a local DB for use with wrangler dev  [boolean]
      --remote      Execute commands/files against a remote DB for use with wrangler dev  [boolean]
      --file        A .sql file to ingest  [string]
      --command     A single SQL statement to execute  [string]
      --persist-to  Specify directory to use for local persistence (for --local)  [string]
      --json        Return output as clean JSON  [boolean] [default: false]
      --preview     Execute commands/files against a preview D1 DB  [boolean] [default: false]
ğŸªµ  Logs were written to "/home/suhrob/.config/.wrangler/logs/wrangler-2024-06-13_06-52-43_441.log"
suhrob@suhrob:~/Project-3$ npm exec wrangler d1 execute DB --file  init.sql

âœ˜ [ERROR] Unknown argument: init.sql


wrangler d1 execute <database>

Executed command or SQL file

Positionals:
  database  The name or binding of the DB  [string] [required]

Flags:
  -j, --experimental-json-config  Experimental: Support wrangler.json  [boolean]
  -c, --config                    Path to .toml configuration file  [string]
  -e, --env                       Environment to use for operations and .env files  [string]
  -h, --help                      Show help  [boolean]
  -v, --version                   Show version number  [boolean]

Options:
  -y, --yes         Answer "yes" to any prompts  [boolean]
      --local       Execute commands/files against a local DB for use with wrangler dev  [boolean]
      --remote      Execute commands/files against a remote DB for use with wrangler dev  [boolean]
      --file        A .sql file to ingest  [string]
      --command     A single SQL statement to execute  [string]
      --persist-to  Specify directory to use for local persistence (for --local)  [string]
      --json        Return output as clean JSON  [boolean] [default: false]
      --preview     Execute commands/files against a preview D1 DB  [boolean] [default: false]
ğŸªµ  Logs were written to "/home/suhrob/.config/.wrangler/logs/wrangler-2024-06-13_06-53-05_766.log"
suhrob@suhrob:~/Project-3$ wrangler d1 execute project-3-db --file init.sql
wrangler: command not found
suhrob@suhrob:~/Project-3$ wrangler d1 execute project-3-db --file 
.eslintrc.json      .gitignore          jsconfig.json       next.config.mjs     package.json        postcss.config.js   README.md           tailwind.config.js  .wrangler/          
.git/               init.sql            .next/              node_modules/       package-lock.json   public/             src/                .vercel/            wrangler.toml       
suhrob@suhrob:~/Project-3$ npm exec wrangler d1 execute DB --file  init.sql

âœ˜ [ERROR] Unknown argument: init.sql


wrangler d1 execute <database>

Executed command or SQL file

Positionals:
  database  The name or binding of the DB  [string] [required]

Flags:
  -j, --experimental-json-config  Experimental: Support wrangler.json  [boolean]
  -c, --config                    Path to .toml configuration file  [string]
  -e, --env                       Environment to use for operations and .env files  [string]
  -h, --help                      Show help  [boolean]
  -v, --version                   Show version number  [boolean]

Options:
  -y, --yes         Answer "yes" to any prompts  [boolean]
      --local       Execute commands/files against a local DB for use with wrangler dev  [boolean]
      --remote      Execute commands/files against a remote DB for use with wrangler dev  [boolean]
      --file        A .sql file to ingest  [string]
      --command     A single SQL statement to execute  [string]
      --persist-to  Specify directory to use for local persistence (for --local)  [string]
      --json        Return output as clean JSON  [boolean] [default: false]
      --preview     Execute commands/files against a preview D1 DB  [boolean] [default: false]
ğŸªµ  Logs were written to "/home/suhrob/.config/.wrangler/logs/wrangler-2024-06-13_06-56-41_954.log"
suhrob@suhrob:~/Project-3$ npm exec wrangler d1 execute DB --file  ./init.sql

âœ˜ [ERROR] Unknown argument: ./init.sql


wrangler d1 execute <database>

Executed command or SQL file

Positionals:
  database  The name or binding of the DB  [string] [required]

Flags:
  -j, --experimental-json-config  Experimental: Support wrangler.json  [boolean]
  -c, --config                    Path to .toml configuration file  [string]
  -e, --env                       Environment to use for operations and .env files  [string]
  -h, --help                      Show help  [boolean]
  -v, --version                   Show version number  [boolean]

Options:
  -y, --yes         Answer "yes" to any prompts  [boolean]
      --local       Execute commands/files against a local DB for use with wrangler dev  [boolean]
      --remote      Execute commands/files against a remote DB for use with wrangler dev  [boolean]
      --file        A .sql file to ingest  [string]
      --command     A single SQL statement to execute  [string]
      --persist-to  Specify directory to use for local persistence (for --local)  [string]
      --json        Return output as clean JSON  [boolean] [default: false]
      --preview     Execute commands/files against a preview D1 DB  [boolean] [default: false]
ğŸªµ  Logs were written to "/home/suhrob/.config/.wrangler/logs/wrangler-2024-06-13_07-00-12_406.log"
suhrob@suhrob:~/Project-3$ npm exec wrangler d1 execute DB --command "show tables"

âœ˜ [ERROR] Unknown argument: show tables


wrangler d1 execute <database>

Executed command or SQL file

Positionals:
  database  The name or binding of the DB  [string] [required]

Flags:
  -j, --experimental-json-config  Experimental: Support wrangler.json  [boolean]
  -c, --config                    Path to .toml configuration file  [string]
  -e, --env                       Environment to use for operations and .env files  [string]
  -h, --help                      Show help  [boolean]
  -v, --version                   Show version number  [boolean]

Options:
  -y, --yes         Answer "yes" to any prompts  [boolean]
      --local       Execute commands/files against a local DB for use with wrangler dev  [boolean]
      --remote      Execute commands/files against a remote DB for use with wrangler dev  [boolean]
      --file        A .sql file to ingest  [string]
      --command     A single SQL statement to execute  [string]
      --persist-to  Specify directory to use for local persistence (for --local)  [string]
      --json        Return output as clean JSON  [boolean] [default: false]
      --preview     Execute commands/files against a preview D1 DB  [boolean] [default: false]
ğŸªµ  Logs were written to "/home/suhrob/.config/.wrangler/logs/wrangler-2024-06-13_07-03-41_379.log"
suhrob@suhrob:~/Project-3$ npx wrangler d1 list-tables project-3-db

âœ˜ [ERROR] Unknown arguments: list-tables, project-3-db


wrangler d1

ğŸ—„  Interact with a D1 database

Commands:
  wrangler d1 list                List D1 databases
  wrangler d1 info <name>         Get information about a D1 database, including the current database size and state.
  wrangler d1 insights <name>     Experimental command. Get information about the queries run on a D1 database.
  wrangler d1 create <name>       Create D1 database
  wrangler d1 delete <name>       Delete D1 database
  wrangler d1 backup              Interact with D1 Backups
  wrangler d1 execute <database>  Executed command or SQL file
  wrangler d1 export <name>       Export the contents or schema of your database as a .sql file
  wrangler d1 time-travel         Use Time Travel to restore, fork or copy a database at a specific point-in-time.
  wrangler d1 migrations          Interact with D1 Migrations

Flags:
  -j, --experimental-json-config  Experimental: Support wrangler.json  [boolean]
  -c, --config                    Path to .toml configuration file  [string]
  -e, --env                       Environment to use for operations and .env files  [string]
  -h, --help                      Show help  [boolean]
  -v, --version                   Show version number  [boolean]
ğŸªµ  Logs were written to "/home/suhrob/.config/.wrangler/logs/wrangler-2024-06-13_07-04-25_422.log"
suhrob@suhrob:~/Project-3$ npx wrangler d1 list

 â›…ï¸ wrangler 3.60.2
-------------------

â”Œâ”€â”€â”€â”€â”€â”€â”€â”€â”€â”€â”€â”€â”€â”€â”€â”€â”€â”€â”€â”€â”€â”€â”€â”€â”€â”€â”€â”€â”€â”€â”€â”€â”€â”€â”€â”€â”€â”€â”¬â”€â”€â”€â”€â”€â”€â”€â”€â”€â”€â”€â”€â”€â”€â”€â”€â”€â”€â”€â”€â”€â”€â”€â”€â”€â”€â”¬â”€â”€â”€â”€â”€â”€â”€â”€â”€â”€â”€â”€â”¬â”€â”€â”€â”€â”€â”€â”€â”€â”€â”€â”€â”€â”€â”€â”€â”€â”€â”€â”€â”€â”€â”€â”€â”€â”€â”€â”
â”‚ uuid                                 â”‚ name                     â”‚ version    â”‚ created_at               â”‚
â”œâ”€â”€â”€â”€â”€â”€â”€â”€â”€â”€â”€â”€â”€â”€â”€â”€â”€â”€â”€â”€â”€â”€â”€â”€â”€â”€â”€â”€â”€â”€â”€â”€â”€â”€â”€â”€â”€â”€â”¼â”€â”€â”€â”€â”€â”€â”€â”€â”€â”€â”€â”€â”€â”€â”€â”€â”€â”€â”€â”€â”€â”€â”€â”€â”€â”€â”¼â”€â”€â”€â”€â”€â”€â”€â”€â”€â”€â”€â”€â”¼â”€â”€â”€â”€â”€â”€â”€â”€â”€â”€â”€â”€â”€â”€â”€â”€â”€â”€â”€â”€â”€â”€â”€â”€â”€â”€â”¤
â”‚ 1ca9b7ac-f088-4e7f-8868-1b61daa2f192 â”‚ project-3-db             â”‚ production â”‚ 2024-06-13T06:35:14.402Z â”‚
â”œâ”€â”€â”€â”€â”€â”€â”€â”€â”€â”€â”€â”€â”€â”€â”€â”€â”€â”€â”€â”€â”€â”€â”€â”€â”€â”€â”€â”€â”€â”€â”€â”€â”€â”€â”€â”€â”€â”€â”¼â”€â”€â”€â”€â”€â”€â”€â”€â”€â”€â”€â”€â”€â”€â”€â”€â”€â”€â”€â”€â”€â”€â”€â”€â”€â”€â”¼â”€â”€â”€â”€â”€â”€â”€â”€â”€â”€â”€â”€â”¼â”€â”€â”€â”€â”€â”€â”€â”€â”€â”€â”€â”€â”€â”€â”€â”€â”€â”€â”€â”€â”€â”€â”€â”€â”€â”€â”¤
â”‚ a9b5ffa7-1b8c-4d27-b9c2-66a824430bc2 â”‚ my-app                   â”‚ production â”‚ 2024-06-13T05:21:18.692Z â”‚
â”œâ”€â”€â”€â”€â”€â”€â”€â”€â”€â”€â”€â”€â”€â”€â”€â”€â”€â”€â”€â”€â”€â”€â”€â”€â”€â”€â”€â”€â”€â”€â”€â”€â”€â”€â”€â”€â”€â”€â”¼â”€â”€â”€â”€â”€â”€â”€â”€â”€â”€â”€â”€â”€â”€â”€â”€â”€â”€â”€â”€â”€â”€â”€â”€â”€â”€â”¼â”€â”€â”€â”€â”€â”€â”€â”€â”€â”€â”€â”€â”¼â”€â”€â”€â”€â”€â”€â”€â”€â”€â”€â”€â”€â”€â”€â”€â”€â”€â”€â”€â”€â”€â”€â”€â”€â”€â”€â”¤
â”‚ 5b40b9c6-aadf-44a0-b998-c692e0fd63a2 â”‚ roof-app                 â”‚ production â”‚ 2024-06-13T05:08:12.545Z â”‚
â”œâ”€â”€â”€â”€â”€â”€â”€â”€â”€â”€â”€â”€â”€â”€â”€â”€â”€â”€â”€â”€â”€â”€â”€â”€â”€â”€â”€â”€â”€â”€â”€â”€â”€â”€â”€â”€â”€â”€â”¼â”€â”€â”€â”€â”€â”€â”€â”€â”€â”€â”€â”€â”€â”€â”€â”€â”€â”€â”€â”€â”€â”€â”€â”€â”€â”€â”¼â”€â”€â”€â”€â”€â”€â”€â”€â”€â”€â”€â”€â”¼â”€â”€â”€â”€â”€â”€â”€â”€â”€â”€â”€â”€â”€â”€â”€â”€â”€â”€â”€â”€â”€â”€â”€â”€â”€â”€â”¤
â”‚ 55c4c358-3490-4b06-9a89-5b828a54405e â”‚ for-images-db            â”‚ production â”‚ 2024-06-11T08:25:29.254Z â”‚
â”œâ”€â”€â”€â”€â”€â”€â”€â”€â”€â”€â”€â”€â”€â”€â”€â”€â”€â”€â”€â”€â”€â”€â”€â”€â”€â”€â”€â”€â”€â”€â”€â”€â”€â”€â”€â”€â”€â”€â”¼â”€â”€â”€â”€â”€â”€â”€â”€â”€â”€â”€â”€â”€â”€â”€â”€â”€â”€â”€â”€â”€â”€â”€â”€â”€â”€â”¼â”€â”€â”€â”€â”€â”€â”€â”€â”€â”€â”€â”€â”¼â”€â”€â”€â”€â”€â”€â”€â”€â”€â”€â”€â”€â”€â”€â”€â”€â”€â”€â”€â”€â”€â”€â”€â”€â”€â”€â”¤
â”‚ 524cbf20-f169-4c4d-b6b1-b51b50d22e7c â”‚ project-1-submissions-db â”‚ production â”‚ 2024-06-10T11:43:49.818Z â”‚
â””â”€â”€â”€â”€â”€â”€â”€â”€â”€â”€â”€â”€â”€â”€â”€â”€â”€â”€â”€â”€â”€â”€â”€â”€â”€â”€â”€â”€â”€â”€â”€â”€â”€â”€â”€â”€â”€â”€â”´â”€â”€â”€â”€â”€â”€â”€â”€â”€â”€â”€â”€â”€â”€â”€â”€â”€â”€â”€â”€â”€â”€â”€â”€â”€â”€â”´â”€â”€â”€â”€â”€â”€â”€â”€â”€â”€â”€â”€â”´â”€â”€â”€â”€â”€â”€â”€â”€â”€â”€â”€â”€â”€â”€â”€â”€â”€â”€â”€â”€â”€â”€â”€â”€â”€â”€â”˜
suhrob@suhrob:~/Project-3$ npx wrangler d1 execute project-3-db --command "select * from tables;"

 â›…ï¸ wrangler 3.60.2
-------------------

ğŸŒ€ Executing on local database project-3-db (DB) from .wrangler/state/v3/d1:
ğŸŒ€ To execute on your remote database, add a --remote flag to your wrangler command.

âœ˜ [ERROR] no such table: tables


If you think this is a bug then please create an issue at https://github.com/cloudflare/workers-sdk/issues/new/choose
âœ” Would you like to report this error to Cloudflare? â€¦ no
ğŸªµ  Logs were written to "/home/suhrob/.config/.wrangler/logs/wrangler-2024-06-13_07-06-47_136.log"
suhrob@suhrob:~/Project-3$ npx wrangler d1 execute project-3-db --file ./init.sql

 â›…ï¸ wrangler 3.60.2
-------------------

ğŸŒ€ Executing on local database project-3-db (DB) from .wrangler/state/v3/d1:
ğŸŒ€ To execute on your remote database, add a --remote flag to your wrangler command.

suhrob@suhrob:~/Project-3$ npx wrangler d1 execute project-3-db --file ./init.sql

 â›…ï¸ wrangler 3.60.2
-------------------

ğŸŒ€ Executing on local database project-3-db (DB) from .wrangler/state/v3/d1:
ğŸŒ€ To execute on your remote database, add a --remote flag to your wrangler command.

suhrob@suhrob:~/Project-3$ npx wrangler d1 execute project-3-db --command "select * from tables;"

 â›…ï¸ wrangler 3.60.2
-------------------

ğŸŒ€ Executing on local database project-3-db (DB) from .wrangler/state/v3/d1:
ğŸŒ€ To execute on your remote database, add a --remote flag to your wrangler command.

âœ˜ [ERROR] no such table: tables


If you think this is a bug then please create an issue at https://github.com/cloudflare/workers-sdk/issues/new/choose
âœ” Would you like to report this error to Cloudflare? â€¦ no
ğŸªµ  Logs were written to "/home/suhrob/.config/.wrangler/logs/wrangler-2024-06-13_07-07-55_675.log"
suhrob@suhrob:~/Project-3$ 
suhrob@suhrob:~/Project-3$ npx wrangler d1 execute project-3-db --file ./init.sql

 â›…ï¸ wrangler 3.60.2
-------------------

ğŸŒ€ Executing on local database project-3-db (DB) from .wrangler/state/v3/d1:
ğŸŒ€ To execute on your remote database, add a --remote flag to your wrangler command.

suhrob@suhrob:~/Project-3$ npx wrangler d1 execute project-3-db --file ./init.sql --remote

 â›…ï¸ wrangler 3.60.2
-------------------

âœ” âš ï¸ This process may take some time, during which your D1 database will be unavailable to serve queries.
  Ok to proceed? â€¦ yes
ğŸŒ€ Executing on preview database project-3-db (1ca9b7ac-f088-4e7f-8868-1b61daa2f192):
ğŸŒ€ To execute on your local development database, remove the --remote flag from your wrangler command.
Note: if the execution fails to complete, your DB will return to its original state and you can safely retry.
â”œ ğŸŒ€ Uploading 1ca9b7ac-f088-4e7f-8868-1b61daa2f192.003d93c8d1ee08d0.sql 
â”‚ ğŸŒ€ Uploading complete.
â”‚ 
ğŸŒ€ Starting import...
ğŸŒ€ Processed 3 queries.
ğŸš£ Executed 3 queries in 0.00 seconds (1 rows read, 5 rows written)
   Database is currently at bookmark 00000001-00000000-00004daf-2101aec35913e96030c2ddea75b07ed7.
â”Œâ”€â”€â”€â”€â”€â”€â”€â”€â”€â”€â”€â”€â”€â”€â”€â”€â”€â”€â”€â”€â”€â”€â”€â”€â”¬â”€â”€â”€â”€â”€â”€â”€â”€â”€â”€â”€â”¬â”€â”€â”€â”€â”€â”€â”€â”€â”€â”€â”€â”€â”€â”€â”¬â”€â”€â”€â”€â”€â”€â”€â”€â”€â”€â”€â”€â”€â”€â”€â”€â”€â”€â”€â”
â”‚ Total queries executed â”‚ Rows read â”‚ Rows written â”‚ Databas size (MB) â”‚
â”œâ”€â”€â”€â”€â”€â”€â”€â”€â”€â”€â”€â”€â”€â”€â”€â”€â”€â”€â”€â”€â”€â”€â”€â”€â”¼â”€â”€â”€â”€â”€â”€â”€â”€â”€â”€â”€â”¼â”€â”€â”€â”€â”€â”€â”€â”€â”€â”€â”€â”€â”€â”€â”¼â”€â”€â”€â”€â”€â”€â”€â”€â”€â”€â”€â”€â”€â”€â”€â”€â”€â”€â”€â”¤
â”‚ 3                      â”‚ 1         â”‚ 5            â”‚ 0.02              â”‚
â””â”€â”€â”€â”€â”€â”€â”€â”€â”€â”€â”€â”€â”€â”€â”€â”€â”€â”€â”€â”€â”€â”€â”€â”€â”´â”€â”€â”€â”€â”€â”€â”€â”€â”€â”€â”€â”´â”€â”€â”€â”€â”€â”€â”€â”€â”€â”€â”€â”€â”€â”€â”´â”€â”€â”€â”€â”€â”€â”€â”€â”€â”€â”€â”€â”€â”€â”€â”€â”€â”€â”€â”˜

suhrob@suhrob:~/Project-3$ npx wrangler d1 execute project-3-db --command "select * from tables;"

 â›…ï¸ wrangler 3.60.2
-------------------

ğŸŒ€ Executing on local database project-3-db (DB) from .wrangler/state/v3/d1:
ğŸŒ€ To execute on your remote database, add a --remote flag to your wrangler command.

âœ˜ [ERROR] no such table: tables


If you think this is a bug then please create an issue at https://github.com/cloudflare/workers-sdk/issues/new/choose
âœ” Would you like to report this error to Cloudflare? â€¦ no
ğŸªµ  Logs were written to "/home/suhrob/.config/.wrangler/logs/wrangler-2024-06-13_07-10-35_326.log"
suhrob@suhrob:~/Project-3$ npx wrangler d1 execute project-3-db --command "select * from tables;" --remote

 â›…ï¸ wrangler 3.60.2
-------------------

ğŸŒ€ Executing on preview database project-3-db (1ca9b7ac-f088-4e7f-8868-1b61daa2f192):
ğŸŒ€ To execute on your local development database, remove the --remote flag from your wrangler command.

âœ˜ [ERROR] A request to the Cloudflare API (/accounts/82de3e57bb564c662fbbc0e7321dd4a9/d1/database/1ca9b7ac-f088-4e7f-8868-1b61daa2f192/query) failed.

  no such table: tables [code: 7500]
  
  If you think this is a bug, please open an issue at:
  https://github.com/cloudflare/workers-sdk/issues/new/choose


suhrob@suhrob:~/Project-3$ npm exec wrangler d1 list-tables project-3-db

âœ˜ [ERROR] Unknown arguments: list-tables, project-3-db


wrangler d1

ğŸ—„  Interact with a D1 database

Commands:
  wrangler d1 list                List D1 databases
  wrangler d1 info <name>         Get information about a D1 database, including the current database size and state.
  wrangler d1 insights <name>     Experimental command. Get information about the queries run on a D1 database.
  wrangler d1 create <name>       Create D1 database
  wrangler d1 delete <name>       Delete D1 database
  wrangler d1 backup              Interact with D1 Backups
  wrangler d1 execute <database>  Executed command or SQL file
  wrangler d1 export <name>       Export the contents or schema of your database as a .sql file
  wrangler d1 time-travel         Use Time Travel to restore, fork or copy a database at a specific point-in-time.
  wrangler d1 migrations          Interact with D1 Migrations

Flags:
  -j, --experimental-json-config  Experimental: Support wrangler.json  [boolean]
  -c, --config                    Path to .toml configuration file  [string]
  -e, --env                       Environment to use for operations and .env files  [string]
  -h, --help                      Show help  [boolean]
  -v, --version                   Show version number  [boolean]
ğŸªµ  Logs were written to "/home/suhrob/.config/.wrangler/logs/wrangler-2024-06-13_07-12-48_290.log"
suhrob@suhrob:~/Project-3$ npm exec  wrangler d1 execute project-3-db --command "select * from todo_list;"

âœ˜ [ERROR] Unknown argument: select * from todo_list;


wrangler d1 execute <database>

Executed command or SQL file

Positionals:
  database  The name or binding of the DB  [string] [required]

Flags:
  -j, --experimental-json-config  Experimental: Support wrangler.json  [boolean]
  -c, --config                    Path to .toml configuration file  [string]
  -e, --env                       Environment to use for operations and .env files  [string]
  -h, --help                      Show help  [boolean]
  -v, --version                   Show version number  [boolean]

Options:
  -y, --yes         Answer "yes" to any prompts  [boolean]
      --local       Execute commands/files against a local DB for use with wrangler dev  [boolean]
      --remote      Execute commands/files against a remote DB for use with wrangler dev  [boolean]
      --file        A .sql file to ingest  [string]
      --command     A single SQL statement to execute  [string]
      --persist-to  Specify directory to use for local persistence (for --local)  [string]
      --json        Return output as clean JSON  [boolean] [default: false]
      --preview     Execute commands/files against a preview D1 DB  [boolean] [default: false]
ğŸªµ  Logs were written to "/home/suhrob/.config/.wrangler/logs/wrangler-2024-06-13_07-14-00_187.log"
suhrob@suhrob:~/Project-3$ npm exec  wrangler d1 execute project-3-db --command "select * from todo_lists;"

âœ˜ [ERROR] Unknown argument: select * from todo_lists;


wrangler d1 execute <database>

Executed command or SQL file

Positionals:
  database  The name or binding of the DB  [string] [required]

Flags:
  -j, --experimental-json-config  Experimental: Support wrangler.json  [boolean]
  -c, --config                    Path to .toml configuration file  [string]
  -e, --env                       Environment to use for operations and .env files  [string]
  -h, --help                      Show help  [boolean]
  -v, --version                   Show version number  [boolean]

Options:
  -y, --yes         Answer "yes" to any prompts  [boolean]
      --local       Execute commands/files against a local DB for use with wrangler dev  [boolean]
      --remote      Execute commands/files against a remote DB for use with wrangler dev  [boolean]
      --file        A .sql file to ingest  [string]
      --command     A single SQL statement to execute  [string]
      --persist-to  Specify directory to use for local persistence (for --local)  [string]
      --json        Return output as clean JSON  [boolean] [default: false]
      --preview     Execute commands/files against a preview D1 DB  [boolean] [default: false]
ğŸªµ  Logs were written to "/home/suhrob/.config/.wrangler/logs/wrangler-2024-06-13_07-14-09_495.log"
suhrob@suhrob:~/Project-3$ npx wrangler d1 list

 â›…ï¸ wrangler 3.60.2
-------------------

â”Œâ”€â”€â”€â”€â”€â”€â”€â”€â”€â”€â”€â”€â”€â”€â”€â”€â”€â”€â”€â”€â”€â”€â”€â”€â”€â”€â”€â”€â”€â”€â”€â”€â”€â”€â”€â”€â”€â”€â”¬â”€â”€â”€â”€â”€â”€â”€â”€â”€â”€â”€â”€â”€â”€â”€â”€â”€â”€â”€â”€â”€â”€â”€â”€â”€â”€â”¬â”€â”€â”€â”€â”€â”€â”€â”€â”€â”€â”€â”€â”¬â”€â”€â”€â”€â”€â”€â”€â”€â”€â”€â”€â”€â”€â”€â”€â”€â”€â”€â”€â”€â”€â”€â”€â”€â”€â”€â”
â”‚ uuid                                 â”‚ name                     â”‚ version    â”‚ created_at               â”‚
â”œâ”€â”€â”€â”€â”€â”€â”€â”€â”€â”€â”€â”€â”€â”€â”€â”€â”€â”€â”€â”€â”€â”€â”€â”€â”€â”€â”€â”€â”€â”€â”€â”€â”€â”€â”€â”€â”€â”€â”¼â”€â”€â”€â”€â”€â”€â”€â”€â”€â”€â”€â”€â”€â”€â”€â”€â”€â”€â”€â”€â”€â”€â”€â”€â”€â”€â”¼â”€â”€â”€â”€â”€â”€â”€â”€â”€â”€â”€â”€â”¼â”€â”€â”€â”€â”€â”€â”€â”€â”€â”€â”€â”€â”€â”€â”€â”€â”€â”€â”€â”€â”€â”€â”€â”€â”€â”€â”¤
â”‚ 1ca9b7ac-f088-4e7f-8868-1b61daa2f192 â”‚ project-3-db             â”‚ production â”‚ 2024-06-13T06:35:14.402Z â”‚
â”œâ”€â”€â”€â”€â”€â”€â”€â”€â”€â”€â”€â”€â”€â”€â”€â”€â”€â”€â”€â”€â”€â”€â”€â”€â”€â”€â”€â”€â”€â”€â”€â”€â”€â”€â”€â”€â”€â”€â”¼â”€â”€â”€â”€â”€â”€â”€â”€â”€â”€â”€â”€â”€â”€â”€â”€â”€â”€â”€â”€â”€â”€â”€â”€â”€â”€â”¼â”€â”€â”€â”€â”€â”€â”€â”€â”€â”€â”€â”€â”¼â”€â”€â”€â”€â”€â”€â”€â”€â”€â”€â”€â”€â”€â”€â”€â”€â”€â”€â”€â”€â”€â”€â”€â”€â”€â”€â”¤
â”‚ a9b5ffa7-1b8c-4d27-b9c2-66a824430bc2 â”‚ my-app                   â”‚ production â”‚ 2024-06-13T05:21:18.692Z â”‚
â”œâ”€â”€â”€â”€â”€â”€â”€â”€â”€â”€â”€â”€â”€â”€â”€â”€â”€â”€â”€â”€â”€â”€â”€â”€â”€â”€â”€â”€â”€â”€â”€â”€â”€â”€â”€â”€â”€â”€â”¼â”€â”€â”€â”€â”€â”€â”€â”€â”€â”€â”€â”€â”€â”€â”€â”€â”€â”€â”€â”€â”€â”€â”€â”€â”€â”€â”¼â”€â”€â”€â”€â”€â”€â”€â”€â”€â”€â”€â”€â”¼â”€â”€â”€â”€â”€â”€â”€â”€â”€â”€â”€â”€â”€â”€â”€â”€â”€â”€â”€â”€â”€â”€â”€â”€â”€â”€â”¤
â”‚ 5b40b9c6-aadf-44a0-b998-c692e0fd63a2 â”‚ roof-app                 â”‚ production â”‚ 2024-06-13T05:08:12.545Z â”‚
â”œâ”€â”€â”€â”€â”€â”€â”€â”€â”€â”€â”€â”€â”€â”€â”€â”€â”€â”€â”€â”€â”€â”€â”€â”€â”€â”€â”€â”€â”€â”€â”€â”€â”€â”€â”€â”€â”€â”€â”¼â”€â”€â”€â”€â”€â”€â”€â”€â”€â”€â”€â”€â”€â”€â”€â”€â”€â”€â”€â”€â”€â”€â”€â”€â”€â”€â”¼â”€â”€â”€â”€â”€â”€â”€â”€â”€â”€â”€â”€â”¼â”€â”€â”€â”€â”€â”€â”€â”€â”€â”€â”€â”€â”€â”€â”€â”€â”€â”€â”€â”€â”€â”€â”€â”€â”€â”€â”¤
â”‚ 55c4c358-3490-4b06-9a89-5b828a54405e â”‚ for-images-db            â”‚ production â”‚ 2024-06-11T08:25:29.254Z â”‚
â”œâ”€â”€â”€â”€â”€â”€â”€â”€â”€â”€â”€â”€â”€â”€â”€â”€â”€â”€â”€â”€â”€â”€â”€â”€â”€â”€â”€â”€â”€â”€â”€â”€â”€â”€â”€â”€â”€â”€â”¼â”€â”€â”€â”€â”€â”€â”€â”€â”€â”€â”€â”€â”€â”€â”€â”€â”€â”€â”€â”€â”€â”€â”€â”€â”€â”€â”¼â”€â”€â”€â”€â”€â”€â”€â”€â”€â”€â”€â”€â”¼â”€â”€â”€â”€â”€â”€â”€â”€â”€â”€â”€â”€â”€â”€â”€â”€â”€â”€â”€â”€â”€â”€â”€â”€â”€â”€â”¤
â”‚ 524cbf20-f169-4c4d-b6b1-b51b50d22e7c â”‚ project-1-submissions-db â”‚ production â”‚ 2024-06-10T11:43:49.818Z â”‚
â””â”€â”€â”€â”€â”€â”€â”€â”€â”€â”€â”€â”€â”€â”€â”€â”€â”€â”€â”€â”€â”€â”€â”€â”€â”€â”€â”€â”€â”€â”€â”€â”€â”€â”€â”€â”€â”€â”€â”´â”€â”€â”€â”€â”€â”€â”€â”€â”€â”€â”€â”€â”€â”€â”€â”€â”€â”€â”€â”€â”€â”€â”€â”€â”€â”€â”´â”€â”€â”€â”€â”€â”€â”€â”€â”€â”€â”€â”€â”´â”€â”€â”€â”€â”€â”€â”€â”€â”€â”€â”€â”€â”€â”€â”€â”€â”€â”€â”€â”€â”€â”€â”€â”€â”€â”€â”˜
suhrob@suhrob:~/Project-3$ npx wrangler d1 --help;
wrangler d1

ğŸ—„  Interact with a D1 database

Commands:
  wrangler d1 list                List D1 databases
  wrangler d1 info <name>         Get information about a D1 database, including the current database size and state.
  wrangler d1 insights <name>     Experimental command. Get information about the queries run on a D1 database.
  wrangler d1 create <name>       Create D1 database
  wrangler d1 delete <name>       Delete D1 database
  wrangler d1 backup              Interact with D1 Backups
  wrangler d1 execute <database>  Executed command or SQL file
  wrangler d1 export <name>       Export the contents or schema of your database as a .sql file
  wrangler d1 time-travel         Use Time Travel to restore, fork or copy a database at a specific point-in-time.
  wrangler d1 migrations          Interact with D1 Migrations

Flags:
  -j, --experimental-json-config  Experimental: Support wrangler.json  [boolean]
  -c, --config                    Path to .toml configuration file  [string]
  -e, --env                       Environment to use for operations and .env files  [string]
  -h, --help                      Show help  [boolean]
  -v, --version                   Show version number  [boolean]
suhrob@suhrob:~/Project-3$ npm exec  wrangler d1 execute project-3-db --command "SELECT name FROM sqlite_master WHERE type='table;'
> "

âœ˜ [ERROR] Unknown argument: SELECT name FROM sqlite_master WHERE type='table;'

  


wrangler d1 execute <database>

Executed command or SQL file

Positionals:
  database  The name or binding of the DB  [string] [required]

Flags:
  -j, --experimental-json-config  Experimental: Support wrangler.json  [boolean]
  -c, --config                    Path to .toml configuration file  [string]
  -e, --env                       Environment to use for operations and .env files  [string]
  -h, --help                      Show help  [boolean]
  -v, --version                   Show version number  [boolean]

Options:
  -y, --yes         Answer "yes" to any prompts  [boolean]
      --local       Execute commands/files against a local DB for use with wrangler dev  [boolean]
      --remote      Execute commands/files against a remote DB for use with wrangler dev  [boolean]
      --file        A .sql file to ingest  [string]
      --command     A single SQL statement to execute  [string]
      --persist-to  Specify directory to use for local persistence (for --local)  [string]
      --json        Return output as clean JSON  [boolean] [default: false]
      --preview     Execute commands/files against a preview D1 DB  [boolean] [default: false]
ğŸªµ  Logs were written to "/home/suhrob/.config/.wrangler/logs/wrangler-2024-06-13_07-17-22_418.log"
suhrob@suhrob:~/Project-3$ npm exec  wrangler d1 execute project-3-db --command "SELECT name FROM sqlite_master WHERE type='table;"

âœ˜ [ERROR] Unknown argument: SELECT name FROM sqlite_master WHERE type='table;


wrangler d1 execute <database>

Executed command or SQL file

Positionals:
  database  The name or binding of the DB  [string] [required]

Flags:
  -j, --experimental-json-config  Experimental: Support wrangler.json  [boolean]
  -c, --config                    Path to .toml configuration file  [string]
  -e, --env                       Environment to use for operations and .env files  [string]
  -h, --help                      Show help  [boolean]
  -v, --version                   Show version number  [boolean]

Options:
  -y, --yes         Answer "yes" to any prompts  [boolean]
      --local       Execute commands/files against a local DB for use with wrangler dev  [boolean]
      --remote      Execute commands/files against a remote DB for use with wrangler dev  [boolean]
      --file        A .sql file to ingest  [string]
      --command     A single SQL statement to execute  [string]
      --persist-to  Specify directory to use for local persistence (for --local)  [string]
      --json        Return output as clean JSON  [boolean] [default: false]
      --preview     Execute commands/files against a preview D1 DB  [boolean] [default: false]
ğŸªµ  Logs were written to "/home/suhrob/.config/.wrangler/logs/wrangler-2024-06-13_07-17-31_517.log"
suhrob@suhrob:~/Project-3$ npm exec wrangler d1
wrangler d1

ğŸ—„  Interact with a D1 database

Commands:
  wrangler d1 list                List D1 databases
  wrangler d1 info <name>         Get information about a D1 database, including the current database size and state.
  wrangler d1 insights <name>     Experimental command. Get information about the queries run on a D1 database.
  wrangler d1 create <name>       Create D1 database
  wrangler d1 delete <name>       Delete D1 database
  wrangler d1 backup              Interact with D1 Backups
  wrangler d1 execute <database>  Executed command or SQL file
  wrangler d1 export <name>       Export the contents or schema of your database as a .sql file
  wrangler d1 time-travel         Use Time Travel to restore, fork or copy a database at a specific point-in-time.
  wrangler d1 migrations          Interact with D1 Migrations

Flags:
  -j, --experimental-json-config  Experimental: Support wrangler.json  [boolean]
  -c, --config                    Path to .toml configuration file  [string]
  -e, --env                       Environment to use for operations and .env files  [string]
  -h, --help                      Show help  [boolean]
  -v, --version                   Show version number  [boolean]
suhrob@suhrob:~/Project-3$ npm exec wrangler d1 --help
Run a command from a local or remote npm package

Usage:
npm exec -- <pkg>[@<version>] [args...]
npm exec --package=<pkg>[@<version>] -- <cmd> [args...]
npm exec -c '<cmd> [args...]'
npm exec --package=foo -c '<cmd> [args...]'

Options:
[--package <package-spec> [--package <package-spec> ...]] [-c|--call <call>]
[-w|--workspace <workspace-name> [-w|--workspace <workspace-name> ...]]
[-ws|--workspaces] [--include-workspace-root]

alias: x

Run "npm help exec" for more info
suhrob@suhrob:~/Project-3$ npm exec wrangler d1
wrangler d1

ğŸ—„  Interact with a D1 database

Commands:
  wrangler d1 list                List D1 databases
  wrangler d1 info <name>         Get information about a D1 database, including the current database size and state.
  wrangler d1 insights <name>     Experimental command. Get information about the queries run on a D1 database.
  wrangler d1 create <name>       Create D1 database
  wrangler d1 delete <name>       Delete D1 database
  wrangler d1 backup              Interact with D1 Backups
  wrangler d1 execute <database>  Executed command or SQL file
  wrangler d1 export <name>       Export the contents or schema of your database as a .sql file
  wrangler d1 time-travel         Use Time Travel to restore, fork or copy a database at a specific point-in-time.
  wrangler d1 migrations          Interact with D1 Migrations

Flags:
  -j, --experimental-json-config  Experimental: Support wrangler.json  [boolean]
  -c, --config                    Path to .toml configuration file  [string]
  -e, --env                       Environment to use for operations and .env files  [string]
  -h, --help                      Show help  [boolean]
  -v, --version                   Show version number  [boolean]
suhrob@suhrob:~/Project-3$ npx wrangler --help
wrangler

Commands:
  wrangler docs [command..]            ğŸ“š Open wrangler's docs in your browser
  wrangler init [name]                 ğŸ“¥ Initialize a basic Worker project, including a wrangler.toml file
  wrangler generate [name] [template]  âœ¨ Generate a new Worker project from an existing Worker template. See https://github.com/cloudflare/workers-sdk/tree/main/templates
  wrangler dev [script]                ğŸ‘‚ Start a local server for developing your worker
  wrangler deploy [script]             ğŸ†™ Deploy your Worker to Cloudflare.  [aliases: publish]
  wrangler delete [script]             ğŸ—‘  Delete your Worker from Cloudflare.
  wrangler tail [worker]               ğŸ¦š Starts a log tailing session for a published Worker.
  wrangler secret                      ğŸ¤« Generate a secret that can be referenced in a Worker
  wrangler kv                          ğŸ—‚ï¸  Interact with your Workers KV Namespaces
  wrangler pages                       âš¡ï¸ Configure Cloudflare Pages
  wrangler queues                      ğŸ‡¶ Configure Workers Queues
  wrangler r2                          ğŸ“¦ Interact with an R2 store
  wrangler dispatch-namespace          ğŸ“¦ Interact with a dispatch namespace
  wrangler d1                          ğŸ—„  Interact with a D1 database
  wrangler hyperdrive                  ğŸš€ Configure Hyperdrive databases
  wrangler ai                          ğŸ¤– Interact with AI models
  wrangler vectorize                   ğŸ§® Interact with Vectorize indexes
  wrangler pubsub                      ğŸ“® Interact and manage Pub/Sub Brokers
  wrangler mtls-certificate            ğŸªª Manage certificates used for mTLS connections
  wrangler login                       ğŸ”“ Login to Cloudflare
  wrangler logout                      ğŸšª Logout from Cloudflare
  wrangler whoami                      ğŸ•µï¸  Retrieve your user info and test your auth config
  wrangler types [path]                ğŸ“ Generate types from bindings & module rules in config
  wrangler deployments                 ğŸš¢ List and view details for deployments
  wrangler rollback [deployment-id]    ğŸ”™ Rollback a deployment

Flags:
  -j, --experimental-json-config  Experimental: Support wrangler.json  [boolean]
  -c, --config                    Path to .toml configuration file  [string]
  -e, --env                       Environment to use for operations and .env files  [string]
  -h, --help                      Show help  [boolean]
  -v, --version                   Show version number  [boolean]
suhrob@suhrob:~/Project-3$ npx wrangler docs

 â›…ï¸ wrangler 3.60.2
-------------------

Opening a link in your default browser: https://developers.cloudflare.com/workers/wrangler/commands/
suhrob@suhrob:~/Project-3$ npx wrangler d1 info project-3-db

 â›…ï¸ wrangler 3.60.2
-------------------

â”Œâ”€â”€â”€â”€â”€â”€â”€â”€â”€â”€â”€â”€â”€â”€â”€â”€â”€â”€â”€â”¬â”€â”€â”€â”€â”€â”€â”€â”€â”€â”€â”€â”€â”€â”€â”€â”€â”€â”€â”€â”€â”€â”€â”€â”€â”€â”€â”€â”€â”€â”€â”€â”€â”€â”€â”€â”€â”€â”€â”
â”‚ DB                â”‚ 1ca9b7ac-f088-4e7f-8868-1b61daa2f192 â”‚
â”œâ”€â”€â”€â”€â”€â”€â”€â”€â”€â”€â”€â”€â”€â”€â”€â”€â”€â”€â”€â”¼â”€â”€â”€â”€â”€â”€â”€â”€â”€â”€â”€â”€â”€â”€â”€â”€â”€â”€â”€â”€â”€â”€â”€â”€â”€â”€â”€â”€â”€â”€â”€â”€â”€â”€â”€â”€â”€â”€â”¤
â”‚ name              â”‚ project-3-db                         â”‚
â”œâ”€â”€â”€â”€â”€â”€â”€â”€â”€â”€â”€â”€â”€â”€â”€â”€â”€â”€â”€â”¼â”€â”€â”€â”€â”€â”€â”€â”€â”€â”€â”€â”€â”€â”€â”€â”€â”€â”€â”€â”€â”€â”€â”€â”€â”€â”€â”€â”€â”€â”€â”€â”€â”€â”€â”€â”€â”€â”€â”¤
â”‚ created_at        â”‚ 2024-06-13T06:35:14.402Z             â”‚
â”œâ”€â”€â”€â”€â”€â”€â”€â”€â”€â”€â”€â”€â”€â”€â”€â”€â”€â”€â”€â”¼â”€â”€â”€â”€â”€â”€â”€â”€â”€â”€â”€â”€â”€â”€â”€â”€â”€â”€â”€â”€â”€â”€â”€â”€â”€â”€â”€â”€â”€â”€â”€â”€â”€â”€â”€â”€â”€â”€â”¤
â”‚ num_tables        â”‚ 1                                    â”‚
â”œâ”€â”€â”€â”€â”€â”€â”€â”€â”€â”€â”€â”€â”€â”€â”€â”€â”€â”€â”€â”¼â”€â”€â”€â”€â”€â”€â”€â”€â”€â”€â”€â”€â”€â”€â”€â”€â”€â”€â”€â”€â”€â”€â”€â”€â”€â”€â”€â”€â”€â”€â”€â”€â”€â”€â”€â”€â”€â”€â”¤
â”‚ running_in_region â”‚ EEUR                                 â”‚
â”œâ”€â”€â”€â”€â”€â”€â”€â”€â”€â”€â”€â”€â”€â”€â”€â”€â”€â”€â”€â”¼â”€â”€â”€â”€â”€â”€â”€â”€â”€â”€â”€â”€â”€â”€â”€â”€â”€â”€â”€â”€â”€â”€â”€â”€â”€â”€â”€â”€â”€â”€â”€â”€â”€â”€â”€â”€â”€â”€â”¤
â”‚ database_size     â”‚ 20.5 kB                              â”‚
â”œâ”€â”€â”€â”€â”€â”€â”€â”€â”€â”€â”€â”€â”€â”€â”€â”€â”€â”€â”€â”¼â”€â”€â”€â”€â”€â”€â”€â”€â”€â”€â”€â”€â”€â”€â”€â”€â”€â”€â”€â”€â”€â”€â”€â”€â”€â”€â”€â”€â”€â”€â”€â”€â”€â”€â”€â”€â”€â”€â”¤
â”‚ read_queries_24h  â”‚ 0                                    â”‚
â”œâ”€â”€â”€â”€â”€â”€â”€â”€â”€â”€â”€â”€â”€â”€â”€â”€â”€â”€â”€â”¼â”€â”€â”€â”€â”€â”€â”€â”€â”€â”€â”€â”€â”€â”€â”€â”€â”€â”€â”€â”€â”€â”€â”€â”€â”€â”€â”€â”€â”€â”€â”€â”€â”€â”€â”€â”€â”€â”€â”¤
â”‚ write_queries_24h â”‚ 1                                    â”‚
â”œâ”€â”€â”€â”€â”€â”€â”€â”€â”€â”€â”€â”€â”€â”€â”€â”€â”€â”€â”€â”¼â”€â”€â”€â”€â”€â”€â”€â”€â”€â”€â”€â”€â”€â”€â”€â”€â”€â”€â”€â”€â”€â”€â”€â”€â”€â”€â”€â”€â”€â”€â”€â”€â”€â”€â”€â”€â”€â”€â”¤
â”‚ rows_read_24h     â”‚ 1                                    â”‚
â”œâ”€â”€â”€â”€â”€â”€â”€â”€â”€â”€â”€â”€â”€â”€â”€â”€â”€â”€â”€â”¼â”€â”€â”€â”€â”€â”€â”€â”€â”€â”€â”€â”€â”€â”€â”€â”€â”€â”€â”€â”€â”€â”€â”€â”€â”€â”€â”€â”€â”€â”€â”€â”€â”€â”€â”€â”€â”€â”€â”¤
â”‚ rows_written_24h  â”‚ 5                                    â”‚
â””â”€â”€â”€â”€â”€â”€â”€â”€â”€â”€â”€â”€â”€â”€â”€â”€â”€â”€â”€â”´â”€â”€â”€â”€â”€â”€â”€â”€â”€â”€â”€â”€â”€â”€â”€â”€â”€â”€â”€â”€â”€â”€â”€â”€â”€â”€â”€â”€â”€â”€â”€â”€â”€â”€â”€â”€â”€â”€â”˜
suhrob@suhrob:~/Project-3$ npx wrangler d1 execute project-3-db --file ./init.sql --remote

 â›…ï¸ wrangler 3.60.2
-------------------

âœ” âš ï¸ This process may take some time, during which your D1 database will be unavailable to serve queries.
  Ok to proceed? â€¦ yes
ğŸŒ€ Executing on preview database project-3-db (1ca9b7ac-f088-4e7f-8868-1b61daa2f192):
ğŸŒ€ To execute on your local development database, remove the --remote flag from your wrangler command.
Note: if the execution fails to complete, your DB will return to its original state and you can safely retry.
â”œ ğŸŒ€ Uploading 1ca9b7ac-f088-4e7f-8868-1b61daa2f192.ee4d85122d0ce849.sql 
â”‚ ğŸŒ€ Uploading complete.
â”‚ 
ğŸŒ€ Starting import...
ğŸŒ€ Processed 6 queries.
ğŸš£ Executed 6 queries in 0.00 seconds (7 rows read, 10 rows written)
   Database is currently at bookmark 00000003-00000000-00004daf-3c779630420eb58bc454f9d6fb26ae86.
â”Œâ”€â”€â”€â”€â”€â”€â”€â”€â”€â”€â”€â”€â”€â”€â”€â”€â”€â”€â”€â”€â”€â”€â”€â”€â”¬â”€â”€â”€â”€â”€â”€â”€â”€â”€â”€â”€â”¬â”€â”€â”€â”€â”€â”€â”€â”€â”€â”€â”€â”€â”€â”€â”¬â”€â”€â”€â”€â”€â”€â”€â”€â”€â”€â”€â”€â”€â”€â”€â”€â”€â”€â”€â”
â”‚ Total queries executed â”‚ Rows read â”‚ Rows written â”‚ Databas size (MB) â”‚
â”œâ”€â”€â”€â”€â”€â”€â”€â”€â”€â”€â”€â”€â”€â”€â”€â”€â”€â”€â”€â”€â”€â”€â”€â”€â”¼â”€â”€â”€â”€â”€â”€â”€â”€â”€â”€â”€â”¼â”€â”€â”€â”€â”€â”€â”€â”€â”€â”€â”€â”€â”€â”€â”¼â”€â”€â”€â”€â”€â”€â”€â”€â”€â”€â”€â”€â”€â”€â”€â”€â”€â”€â”€â”¤
â”‚ 6                      â”‚ 7         â”‚ 10           â”‚ 0.03              â”‚
â””â”€â”€â”€â”€â”€â”€â”€â”€â”€â”€â”€â”€â”€â”€â”€â”€â”€â”€â”€â”€â”€â”€â”€â”€â”´â”€â”€â”€â”€â”€â”€â”€â”€â”€â”€â”€â”´â”€â”€â”€â”€â”€â”€â”€â”€â”€â”€â”€â”€â”€â”€â”´â”€â”€â”€â”€â”€â”€â”€â”€â”€â”€â”€â”€â”€â”€â”€â”€â”€â”€â”€â”˜

suhrob@suhrob:~/Project-3$ npx wrangler d1 info project-3-db

 â›…ï¸ wrangler 3.60.2
-------------------

â”Œâ”€â”€â”€â”€â”€â”€â”€â”€â”€â”€â”€â”€â”€â”€â”€â”€â”€â”€â”€â”¬â”€â”€â”€â”€â”€â”€â”€â”€â”€â”€â”€â”€â”€â”€â”€â”€â”€â”€â”€â”€â”€â”€â”€â”€â”€â”€â”€â”€â”€â”€â”€â”€â”€â”€â”€â”€â”€â”€â”
â”‚ DB                â”‚ 1ca9b7ac-f088-4e7f-8868-1b61daa2f192 â”‚
â”œâ”€â”€â”€â”€â”€â”€â”€â”€â”€â”€â”€â”€â”€â”€â”€â”€â”€â”€â”€â”¼â”€â”€â”€â”€â”€â”€â”€â”€â”€â”€â”€â”€â”€â”€â”€â”€â”€â”€â”€â”€â”€â”€â”€â”€â”€â”€â”€â”€â”€â”€â”€â”€â”€â”€â”€â”€â”€â”€â”¤
â”‚ name              â”‚ project-3-db                         â”‚
â”œâ”€â”€â”€â”€â”€â”€â”€â”€â”€â”€â”€â”€â”€â”€â”€â”€â”€â”€â”€â”¼â”€â”€â”€â”€â”€â”€â”€â”€â”€â”€â”€â”€â”€â”€â”€â”€â”€â”€â”€â”€â”€â”€â”€â”€â”€â”€â”€â”€â”€â”€â”€â”€â”€â”€â”€â”€â”€â”€â”¤
â”‚ created_at        â”‚ 2024-06-13T06:35:14.402Z             â”‚
â”œâ”€â”€â”€â”€â”€â”€â”€â”€â”€â”€â”€â”€â”€â”€â”€â”€â”€â”€â”€â”¼â”€â”€â”€â”€â”€â”€â”€â”€â”€â”€â”€â”€â”€â”€â”€â”€â”€â”€â”€â”€â”€â”€â”€â”€â”€â”€â”€â”€â”€â”€â”€â”€â”€â”€â”€â”€â”€â”€â”¤
â”‚ num_tables        â”‚ 2                                    â”‚
â”œâ”€â”€â”€â”€â”€â”€â”€â”€â”€â”€â”€â”€â”€â”€â”€â”€â”€â”€â”€â”¼â”€â”€â”€â”€â”€â”€â”€â”€â”€â”€â”€â”€â”€â”€â”€â”€â”€â”€â”€â”€â”€â”€â”€â”€â”€â”€â”€â”€â”€â”€â”€â”€â”€â”€â”€â”€â”€â”€â”¤
â”‚ running_in_region â”‚ EEUR                                 â”‚
â”œâ”€â”€â”€â”€â”€â”€â”€â”€â”€â”€â”€â”€â”€â”€â”€â”€â”€â”€â”€â”¼â”€â”€â”€â”€â”€â”€â”€â”€â”€â”€â”€â”€â”€â”€â”€â”€â”€â”€â”€â”€â”€â”€â”€â”€â”€â”€â”€â”€â”€â”€â”€â”€â”€â”€â”€â”€â”€â”€â”¤
â”‚ database_size     â”‚ 28.7 kB                              â”‚
â”œâ”€â”€â”€â”€â”€â”€â”€â”€â”€â”€â”€â”€â”€â”€â”€â”€â”€â”€â”€â”¼â”€â”€â”€â”€â”€â”€â”€â”€â”€â”€â”€â”€â”€â”€â”€â”€â”€â”€â”€â”€â”€â”€â”€â”€â”€â”€â”€â”€â”€â”€â”€â”€â”€â”€â”€â”€â”€â”€â”¤
â”‚ read_queries_24h  â”‚ 0                                    â”‚
â”œâ”€â”€â”€â”€â”€â”€â”€â”€â”€â”€â”€â”€â”€â”€â”€â”€â”€â”€â”€â”¼â”€â”€â”€â”€â”€â”€â”€â”€â”€â”€â”€â”€â”€â”€â”€â”€â”€â”€â”€â”€â”€â”€â”€â”€â”€â”€â”€â”€â”€â”€â”€â”€â”€â”€â”€â”€â”€â”€â”¤
â”‚ write_queries_24h â”‚ 1                                    â”‚
â”œâ”€â”€â”€â”€â”€â”€â”€â”€â”€â”€â”€â”€â”€â”€â”€â”€â”€â”€â”€â”¼â”€â”€â”€â”€â”€â”€â”€â”€â”€â”€â”€â”€â”€â”€â”€â”€â”€â”€â”€â”€â”€â”€â”€â”€â”€â”€â”€â”€â”€â”€â”€â”€â”€â”€â”€â”€â”€â”€â”¤
â”‚ rows_read_24h     â”‚ 1                                    â”‚
â”œâ”€â”€â”€â”€â”€â”€â”€â”€â”€â”€â”€â”€â”€â”€â”€â”€â”€â”€â”€â”¼â”€â”€â”€â”€â”€â”€â”€â”€â”€â”€â”€â”€â”€â”€â”€â”€â”€â”€â”€â”€â”€â”€â”€â”€â”€â”€â”€â”€â”€â”€â”€â”€â”€â”€â”€â”€â”€â”€â”¤
â”‚ rows_written_24h  â”‚ 5                                    â”‚
â””â”€â”€â”€â”€â”€â”€â”€â”€â”€â”€â”€â”€â”€â”€â”€â”€â”€â”€â”€â”´â”€â”€â”€â”€â”€â”€â”€â”€â”€â”€â”€â”€â”€â”€â”€â”€â”€â”€â”€â”€â”€â”€â”€â”€â”€â”€â”€â”€â”€â”€â”€â”€â”€â”€â”€â”€â”€â”€â”˜
suhrob@suhrob:~/Project-3$ npx wrangler d1 execute project-3-db --file ./init.sql --remote

 â›…ï¸ wrangler 3.60.2
-------------------

âœ” âš ï¸ This process may take some time, during which your D1 database will be unavailable to serve queries.
  Ok to proceed? â€¦ yes
ğŸŒ€ Executing on preview database project-3-db (1ca9b7ac-f088-4e7f-8868-1b61daa2f192):
ğŸŒ€ To execute on your local development database, remove the --remote flag from your wrangler command.
Note: if the execution fails to complete, your DB will return to its original state and you can safely retry.

âœ˜ [ERROR] Received a malformed response from the API

  <!DOCTYPE html>
  <!--[if lt IE 7]> <html class="no-js ie6 oldie" lang="en-US"> <![endif]-->
  <!--[if I... (length = 6421)

  POST
  /accounts/82de3e57bb564c662fbbc0e7321dd4a9/d1/database/1ca9b7ac-f088-4e7f-8868-1b61daa2f192/import
  -> 502 Bad Gateway
  
  If you think this is a bug, please open an issue at:
  https://github.com/cloudflare/workers-sdk/issues/new/choose


suhrob@suhrob:~/Project-3$ npx wrangler d1 info project-3-db

 â›…ï¸ wrangler 3.60.2
-------------------

â”Œâ”€â”€â”€â”€â”€â”€â”€â”€â”€â”€â”€â”€â”€â”€â”€â”€â”€â”€â”€â”¬â”€â”€â”€â”€â”€â”€â”€â”€â”€â”€â”€â”€â”€â”€â”€â”€â”€â”€â”€â”€â”€â”€â”€â”€â”€â”€â”€â”€â”€â”€â”€â”€â”€â”€â”€â”€â”€â”€â”
â”‚ DB                â”‚ 1ca9b7ac-f088-4e7f-8868-1b61daa2f192 â”‚
â”œâ”€â”€â”€â”€â”€â”€â”€â”€â”€â”€â”€â”€â”€â”€â”€â”€â”€â”€â”€â”¼â”€â”€â”€â”€â”€â”€â”€â”€â”€â”€â”€â”€â”€â”€â”€â”€â”€â”€â”€â”€â”€â”€â”€â”€â”€â”€â”€â”€â”€â”€â”€â”€â”€â”€â”€â”€â”€â”€â”¤
â”‚ name              â”‚ project-3-db                         â”‚
â”œâ”€â”€â”€â”€â”€â”€â”€â”€â”€â”€â”€â”€â”€â”€â”€â”€â”€â”€â”€â”¼â”€â”€â”€â”€â”€â”€â”€â”€â”€â”€â”€â”€â”€â”€â”€â”€â”€â”€â”€â”€â”€â”€â”€â”€â”€â”€â”€â”€â”€â”€â”€â”€â”€â”€â”€â”€â”€â”€â”¤
â”‚ created_at        â”‚ 2024-06-13T06:35:14.402Z             â”‚
â”œâ”€â”€â”€â”€â”€â”€â”€â”€â”€â”€â”€â”€â”€â”€â”€â”€â”€â”€â”€â”¼â”€â”€â”€â”€â”€â”€â”€â”€â”€â”€â”€â”€â”€â”€â”€â”€â”€â”€â”€â”€â”€â”€â”€â”€â”€â”€â”€â”€â”€â”€â”€â”€â”€â”€â”€â”€â”€â”€â”¤
â”‚ num_tables        â”‚ 2                                    â”‚
â”œâ”€â”€â”€â”€â”€â”€â”€â”€â”€â”€â”€â”€â”€â”€â”€â”€â”€â”€â”€â”¼â”€â”€â”€â”€â”€â”€â”€â”€â”€â”€â”€â”€â”€â”€â”€â”€â”€â”€â”€â”€â”€â”€â”€â”€â”€â”€â”€â”€â”€â”€â”€â”€â”€â”€â”€â”€â”€â”€â”¤
â”‚ running_in_region â”‚ EEUR                                 â”‚
â”œâ”€â”€â”€â”€â”€â”€â”€â”€â”€â”€â”€â”€â”€â”€â”€â”€â”€â”€â”€â”¼â”€â”€â”€â”€â”€â”€â”€â”€â”€â”€â”€â”€â”€â”€â”€â”€â”€â”€â”€â”€â”€â”€â”€â”€â”€â”€â”€â”€â”€â”€â”€â”€â”€â”€â”€â”€â”€â”€â”¤
â”‚ database_size     â”‚ 28.7 kB                              â”‚
â”œâ”€â”€â”€â”€â”€â”€â”€â”€â”€â”€â”€â”€â”€â”€â”€â”€â”€â”€â”€â”¼â”€â”€â”€â”€â”€â”€â”€â”€â”€â”€â”€â”€â”€â”€â”€â”€â”€â”€â”€â”€â”€â”€â”€â”€â”€â”€â”€â”€â”€â”€â”€â”€â”€â”€â”€â”€â”€â”€â”¤
â”‚ read_queries_24h  â”‚ 0                                    â”‚
â”œâ”€â”€â”€â”€â”€â”€â”€â”€â”€â”€â”€â”€â”€â”€â”€â”€â”€â”€â”€â”¼â”€â”€â”€â”€â”€â”€â”€â”€â”€â”€â”€â”€â”€â”€â”€â”€â”€â”€â”€â”€â”€â”€â”€â”€â”€â”€â”€â”€â”€â”€â”€â”€â”€â”€â”€â”€â”€â”€â”¤
â”‚ write_queries_24h â”‚ 2                                    â”‚
â”œâ”€â”€â”€â”€â”€â”€â”€â”€â”€â”€â”€â”€â”€â”€â”€â”€â”€â”€â”€â”¼â”€â”€â”€â”€â”€â”€â”€â”€â”€â”€â”€â”€â”€â”€â”€â”€â”€â”€â”€â”€â”€â”€â”€â”€â”€â”€â”€â”€â”€â”€â”€â”€â”€â”€â”€â”€â”€â”€â”¤
â”‚ rows_read_24h     â”‚ 8                                    â”‚
â”œâ”€â”€â”€â”€â”€â”€â”€â”€â”€â”€â”€â”€â”€â”€â”€â”€â”€â”€â”€â”¼â”€â”€â”€â”€â”€â”€â”€â”€â”€â”€â”€â”€â”€â”€â”€â”€â”€â”€â”€â”€â”€â”€â”€â”€â”€â”€â”€â”€â”€â”€â”€â”€â”€â”€â”€â”€â”€â”€â”¤
â”‚ rows_written_24h  â”‚ 15                                   â”‚
â””â”€â”€â”€â”€â”€â”€â”€â”€â”€â”€â”€â”€â”€â”€â”€â”€â”€â”€â”€â”´â”€â”€â”€â”€â”€â”€â”€â”€â”€â”€â”€â”€â”€â”€â”€â”€â”€â”€â”€â”€â”€â”€â”€â”€â”€â”€â”€â”€â”€â”€â”€â”€â”€â”€â”€â”€â”€â”€â”˜
suhrob@suhrob:~/Project-3$ npx wrangler d1 execute your-d1-database-name --command "SELECT name FROM sqlite_master WHERE type='table';"

 â›…ï¸ wrangler 3.60.2
-------------------


âœ˜ [ERROR] Couldn't find a D1 DB with the name or binding 'your-d1-database-name' in wrangler.toml.


ğŸªµ  Logs were written to "/home/suhrob/.config/.wrangler/logs/wrangler-2024-06-13_07-29-46_249.log"
suhrob@suhrob:~/Project-3$ npx wrangler d1 execute DB --command "SELECT name FROM sqlite_master WHERE type='table';"

 â›…ï¸ wrangler 3.60.2
-------------------

ğŸŒ€ Executing on local database DB (DB) from .wrangler/state/v3/d1:
ğŸŒ€ To execute on your remote database, add a --remote flag to your wrangler command.
â”Œâ”€â”€â”€â”€â”€â”€â”€â”€â”€â”€â”€â”
â”‚ name      â”‚
â”œâ”€â”€â”€â”€â”€â”€â”€â”€â”€â”€â”€â”¤
â”‚ _cf_KV    â”‚
â”œâ”€â”€â”€â”€â”€â”€â”€â”€â”€â”€â”€â”¤
â”‚ todo_list â”‚
â””â”€â”€â”€â”€â”€â”€â”€â”€â”€â”€â”€â”˜

suhrob@suhrob:~/Project-3$ npx wrangler d1 execute DB --command "SELECT * FROM todo-list;"

 â›…ï¸ wrangler 3.60.2
-------------------

ğŸŒ€ Executing on local database DB (DB) from .wrangler/state/v3/d1:
ğŸŒ€ To execute on your remote database, add a --remote flag to your wrangler command.

âœ˜ [ERROR] near "-": syntax error at offset 18


If you think this is a bug then please create an issue at https://github.com/cloudflare/workers-sdk/issues/new/choose
âœ” Would you like to report this error to Cloudflare? â€¦ yes
ğŸªµ  Logs were written to "/home/suhrob/.config/.wrangler/logs/wrangler-2024-06-13_07-31-29_726.log"
suhrob@suhrob:~/Project-3$ npx wrangler d1 execute DB --command "SELECT * FROM todo_list;"

 â›…ï¸ wrangler 3.60.2
-------------------

ğŸŒ€ Executing on local database DB (DB) from .wrangler/state/v3/d1:
ğŸŒ€ To execute on your remote database, add a --remote flag to your wrangler command.
â”Œâ”€â”€â”€â”€â”€â”€â”¬â”€â”€â”€â”€â”€â”€â”€â”€â”€â”€â”€â”€â”€â”¬â”€â”€â”€â”€â”€â”€â”€â”€â”€â”€â”€â”
â”‚ id   â”‚ description â”‚ completed â”‚
â”œâ”€â”€â”€â”€â”€â”€â”¼â”€â”€â”€â”€â”€â”€â”€â”€â”€â”€â”€â”€â”€â”¼â”€â”€â”€â”€â”€â”€â”€â”€â”€â”€â”€â”¤
â”‚ null â”‚ buy milk    â”‚ 0         â”‚
â””â”€â”€â”€â”€â”€â”€â”´â”€â”€â”€â”€â”€â”€â”€â”€â”€â”€â”€â”€â”€â”´â”€â”€â”€â”€â”€â”€â”€â”€â”€â”€â”€â”˜

suhrob@suhrob:~/Project-3$ npx wrangler d1 execute DB --command "DROP table todo-list"

 â›…ï¸ wrangler 3.60.2
-------------------

ğŸŒ€ Executing on local database DB (DB) from .wrangler/state/v3/d1:
ğŸŒ€ To execute on your remote database, add a --remote flag to your wrangler command.

âœ˜ [ERROR] near "-": syntax error at offset 15


If you think this is a bug then please create an issue at https://github.com/cloudflare/workers-sdk/issues/new/choose
âœ” Would you like to report this error to Cloudflare? â€¦ yes
ğŸªµ  Logs were written to "/home/suhrob/.config/.wrangler/logs/wrangler-2024-06-13_07-33-27_067.log"
suhrob@suhrob:~/Project-3$ npx wrangler d1 execute DB --command "DROP table todo_list"

 â›…ï¸ wrangler 3.60.2
-------------------

ğŸŒ€ Executing on local database DB (DB) from .wrangler/state/v3/d1:
ğŸŒ€ To execute on your remote database, add a --remote flag to your wrangler command.

suhrob@suhrob:~/Project-3$ npx wrangler d1 execute DB --command "SELECT name FROM sqlite_master WHERE type='table';"

 â›…ï¸ wrangler 3.60.2
-------------------

ğŸŒ€ Executing on local database DB (DB) from .wrangler/state/v3/d1:
ğŸŒ€ To execute on your remote database, add a --remote flag to your wrangler command.
â”Œâ”€â”€â”€â”€â”€â”€â”€â”€â”
â”‚ name   â”‚
â”œâ”€â”€â”€â”€â”€â”€â”€â”€â”¤
â”‚ _cf_KV â”‚
â””â”€â”€â”€â”€â”€â”€â”€â”€â”˜

suhrob@suhrob:~/Project-3$ npx wrangler d1 execute project-3-db --file ./init.sql --remote

 â›…ï¸ wrangler 3.60.2
-------------------

âœ” âš ï¸ This process may take some time, during which your D1 database will be unavailable to serve queries.
  Ok to proceed? â€¦ yes
ğŸŒ€ Executing on preview database project-3-db (1ca9b7ac-f088-4e7f-8868-1b61daa2f192):
ğŸŒ€ To execute on your local development database, remove the --remote flag from your wrangler command.
Note: if the execution fails to complete, your DB will return to its original state and you can safely retry.
â”œ ğŸŒ€ Uploading 1ca9b7ac-f088-4e7f-8868-1b61daa2f192.af4b539e478e067e.sql 
â”‚ ğŸŒ€ Uploading complete.
â”‚ 
ğŸŒ€ Starting import...
ğŸŒ€ Processed 4 queries.
ğŸš£ Executed 4 queries in 0.01 seconds (17 rows read, 7 rows written)
   Database is currently at bookmark 00000004-00000000-00004daf-f9d607157ccc98ed6e7425022820b0ad.
â”Œâ”€â”€â”€â”€â”€â”€â”€â”€â”€â”€â”€â”€â”€â”€â”€â”€â”€â”€â”€â”€â”€â”€â”€â”€â”¬â”€â”€â”€â”€â”€â”€â”€â”€â”€â”€â”€â”¬â”€â”€â”€â”€â”€â”€â”€â”€â”€â”€â”€â”€â”€â”€â”¬â”€â”€â”€â”€â”€â”€â”€â”€â”€â”€â”€â”€â”€â”€â”€â”€â”€â”€â”€â”
â”‚ Total queries executed â”‚ Rows read â”‚ Rows written â”‚ Databas size (MB) â”‚
â”œâ”€â”€â”€â”€â”€â”€â”€â”€â”€â”€â”€â”€â”€â”€â”€â”€â”€â”€â”€â”€â”€â”€â”€â”€â”¼â”€â”€â”€â”€â”€â”€â”€â”€â”€â”€â”€â”¼â”€â”€â”€â”€â”€â”€â”€â”€â”€â”€â”€â”€â”€â”€â”¼â”€â”€â”€â”€â”€â”€â”€â”€â”€â”€â”€â”€â”€â”€â”€â”€â”€â”€â”€â”¤
â”‚ 4                      â”‚ 17        â”‚ 7            â”‚ 0.03              â”‚
â””â”€â”€â”€â”€â”€â”€â”€â”€â”€â”€â”€â”€â”€â”€â”€â”€â”€â”€â”€â”€â”€â”€â”€â”€â”´â”€â”€â”€â”€â”€â”€â”€â”€â”€â”€â”€â”´â”€â”€â”€â”€â”€â”€â”€â”€â”€â”€â”€â”€â”€â”€â”´â”€â”€â”€â”€â”€â”€â”€â”€â”€â”€â”€â”€â”€â”€â”€â”€â”€â”€â”€â”˜

suhrob@suhrob:~/Project-3$ npx wrangler d1 execute DB --command "SELECT name FROM sqlite_master WHERE type='table';"

 â›…ï¸ wrangler 3.60.2
-------------------

ğŸŒ€ Executing on local database DB (DB) from .wrangler/state/v3/d1:
ğŸŒ€ To execute on your remote database, add a --remote flag to your wrangler command.
â”Œâ”€â”€â”€â”€â”€â”€â”€â”€â”
â”‚ name   â”‚
â”œâ”€â”€â”€â”€â”€â”€â”€â”€â”¤
â”‚ _cf_KV â”‚
â””â”€â”€â”€â”€â”€â”€â”€â”€â”˜

suhrob@suhrob:~/Project-3$ npx wrangler d1 execute project-3-db --file ./init.sql

 â›…ï¸ wrangler 3.60.2
-------------------

ğŸŒ€ Executing on local database project-3-db (DB) from .wrangler/state/v3/d1:
ğŸŒ€ To execute on your remote database, add a --remote flag to your wrangler command.
â”Œâ”€â”€â”€â”€â”€â”€â”¬â”€â”€â”€â”€â”€â”€â”€â”€â”€â”€â”€â”€â”€â”¬â”€â”€â”€â”€â”€â”€â”€â”€â”€â”€â”€â”
â”‚ id   â”‚ description â”‚ completed â”‚
â”œâ”€â”€â”€â”€â”€â”€â”¼â”€â”€â”€â”€â”€â”€â”€â”€â”€â”€â”€â”€â”€â”¼â”€â”€â”€â”€â”€â”€â”€â”€â”€â”€â”€â”¤
â”‚ null â”‚ buy milk    â”‚ 0         â”‚
â””â”€â”€â”€â”€â”€â”€â”´â”€â”€â”€â”€â”€â”€â”€â”€â”€â”€â”€â”€â”€â”´â”€â”€â”€â”€â”€â”€â”€â”€â”€â”€â”€â”˜

suhrob@suhrob:~/Project-3$ 
suhrob@suhrob:~/Project-3$ npx wrangler d1 execute project-3-db --file ./init.sql

 â›…ï¸ wrangler 3.60.2
-------------------

ğŸŒ€ Executing on local database project-3-db (DB) from .wrangler/state/v3/d1:
ğŸŒ€ To execute on your remote database, add a --remote flag to your wrangler command.
â”Œâ”€â”€â”€â”€â”€â”€â”¬â”€â”€â”€â”€â”€â”€â”€â”€â”€â”€â”€â”€â”€â”¬â”€â”€â”€â”€â”€â”€â”€â”€â”€â”€â”€â”
â”‚ id   â”‚ description â”‚ completed â”‚
â”œâ”€â”€â”€â”€â”€â”€â”¼â”€â”€â”€â”€â”€â”€â”€â”€â”€â”€â”€â”€â”€â”¼â”€â”€â”€â”€â”€â”€â”€â”€â”€â”€â”€â”¤
â”‚ null â”‚ buy milk    â”‚ 0         â”‚
â””â”€â”€â”€â”€â”€â”€â”´â”€â”€â”€â”€â”€â”€â”€â”€â”€â”€â”€â”€â”€â”´â”€â”€â”€â”€â”€â”€â”€â”€â”€â”€â”€â”˜

suhrob@suhrob:~/Project-3$ npx wrangler d1 execute project-3-db --file ./init.sql

 â›…ï¸ wrangler 3.60.2
-------------------

ğŸŒ€ Executing on local database project-3-db (DB) from .wrangler/state/v3/d1:
ğŸŒ€ To execute on your remote database, add a --remote flag to your wrangler command.

suhrob@suhrob:~/Project-3$ npx wrangler d1 execute DB --command "PRAGMA table_info(connections);"

 â›…ï¸ wrangler 3.60.2
-------------------

ğŸŒ€ Executing on local database DB (DB) from .wrangler/state/v3/d1:
ğŸŒ€ To execute on your remote database, add a --remote flag to your wrangler command.

suhrob@suhrob:~/Project-3$ npx wrangler d1 execute DB --command "DESCRIBE connections"

 â›…ï¸ wrangler 3.60.2
-------------------

ğŸŒ€ Executing on local database DB (DB) from .wrangler/state/v3/d1:
ğŸŒ€ To execute on your remote database, add a --remote flag to your wrangler command.

âœ˜ [ERROR] near "DESCRIBE": syntax error at offset 0


If you think this is a bug then please create an issue at https://github.com/cloudflare/workers-sdk/issues/new/choose
âœ” Would you like to report this error to Cloudflare? â€¦ yes
ğŸªµ  Logs were written to "/home/suhrob/.config/.wrangler/logs/wrangler-2024-06-13_10-54-05_466.log"
suhrob@suhrob:~/Project-3$ npx wrangler d1 execute DB --command "DESCRIBE connections;"

 â›…ï¸ wrangler 3.60.2
-------------------

ğŸŒ€ Executing on local database DB (DB) from .wrangler/state/v3/d1:
ğŸŒ€ To execute on your remote database, add a --remote flag to your wrangler command.

âœ˜ [ERROR] near "DESCRIBE": syntax error at offset 0


If you think this is a bug then please create an issue at https://github.com/cloudflare/workers-sdk/issues/new/choose
âœ” Would you like to report this error to Cloudflare? â€¦ yes
ğŸªµ  Logs were written to "/home/suhrob/.config/.wrangler/logs/wrangler-2024-06-13_10-54-13_959.log"
suhrob@suhrob:~/Project-3$ npx wrangler d1 execute DB --command "PRAGMA table_info(connections);"

 â›…ï¸ wrangler 3.60.2
-------------------

ğŸŒ€ Executing on local database DB (DB) from .wrangler/state/v3/d1:
ğŸŒ€ To execute on your remote database, add a --remote flag to your wrangler command.

suhrob@suhrob:~/Project-3$ npx wrangler d1 execute DB --command "select * from connections;"

 â›…ï¸ wrangler 3.60.2
-------------------

ğŸŒ€ Executing on local database DB (DB) from .wrangler/state/v3/d1:
ğŸŒ€ To execute on your remote database, add a --remote flag to your wrangler command.

âœ˜ [ERROR] no such table: connections


If you think this is a bug then please create an issue at https://github.com/cloudflare/workers-sdk/issues/new/choose
âœ” Would you like to report this error to Cloudflare? â€¦ yes
ğŸªµ  Logs were written to "/home/suhrob/.config/.wrangler/logs/wrangler-2024-06-13_10-55-25_289.log"
suhrob@suhrob:~/Project-3$ npx wrangler d1 execute project-3-db --command "select * from connections;"

 â›…ï¸ wrangler 3.60.2
-------------------

ğŸŒ€ Executing on local database project-3-db (DB) from .wrangler/state/v3/d1:
ğŸŒ€ To execute on your remote database, add a --remote flag to your wrangler command.

âœ˜ [ERROR] no such table: connections


If you think this is a bug then please create an issue at https://github.com/cloudflare/workers-sdk/issues/new/choose
âœ” Would you like to report this error to Cloudflare? â€¦ yes
ğŸªµ  Logs were written to "/home/suhrob/.config/.wrangler/logs/wrangler-2024-06-13_10-55-45_991.log"
suhrob@suhrob:~/Project-3$ npx wrangler d1 execute DB --command "SELECT name FROM sqlite_master WHERE type='table';"

 â›…ï¸ wrangler 3.60.2
-------------------

ğŸŒ€ Executing on local database DB (DB) from .wrangler/state/v3/d1:
ğŸŒ€ To execute on your remote database, add a --remote flag to your wrangler command.
â”Œâ”€â”€â”€â”€â”€â”€â”€â”€â”€â”€â”€â”
â”‚ name      â”‚
â”œâ”€â”€â”€â”€â”€â”€â”€â”€â”€â”€â”€â”¤
â”‚ _cf_KV    â”‚
â”œâ”€â”€â”€â”€â”€â”€â”€â”€â”€â”€â”€â”¤
â”‚ todo_list â”‚
â”œâ”€â”€â”€â”€â”€â”€â”€â”€â”€â”€â”€â”¤
â”‚ images    â”‚
â””â”€â”€â”€â”€â”€â”€â”€â”€â”€â”€â”€â”˜

suhrob@suhrob:~/Project-3$ npx wrangler d1 execute project-3-db --command "drop table todo_list;"

 â›…ï¸ wrangler 3.60.2
-------------------

ğŸŒ€ Executing on local database project-3-db (DB) from .wrangler/state/v3/d1:
ğŸŒ€ To execute on your remote database, add a --remote flag to your wrangler command.

suhrob@suhrob:~/Project-3$ npx wrangler d1 execute project-3-db --command "drop table images;"

 â›…ï¸ wrangler 3.60.2
-------------------

ğŸŒ€ Executing on local database project-3-db (DB) from .wrangler/state/v3/d1:
ğŸŒ€ To execute on your remote database, add a --remote flag to your wrangler command.

suhrob@suhrob:~/Project-3$ npx wrangler d1 execute project-3-db --file ./init.sql

 â›…ï¸ wrangler 3.60.2
-------------------

ğŸŒ€ Executing on local database project-3-db (DB) from .wrangler/state/v3/d1:
ğŸŒ€ To execute on your remote database, add a --remote flag to your wrangler command.

suhrob@suhrob:~/Project-3$ npx wrangler d1 execute DB --command "SELECT name FROM sqlite_master WHERE type='table';"

 â›…ï¸ wrangler 3.60.2
-------------------

ğŸŒ€ Executing on local database DB (DB) from .wrangler/state/v3/d1:
ğŸŒ€ To execute on your remote database, add a --remote flag to your wrangler command.
â”Œâ”€â”€â”€â”€â”€â”€â”€â”€â”€â”€â”€â”€â”€â”
â”‚ name        â”‚
â”œâ”€â”€â”€â”€â”€â”€â”€â”€â”€â”€â”€â”€â”€â”¤
â”‚ _cf_KV      â”‚
â”œâ”€â”€â”€â”€â”€â”€â”€â”€â”€â”€â”€â”€â”€â”¤
â”‚ connections â”‚
â”œâ”€â”€â”€â”€â”€â”€â”€â”€â”€â”€â”€â”€â”€â”¤
â”‚ images      â”‚
â””â”€â”€â”€â”€â”€â”€â”€â”€â”€â”€â”€â”€â”€â”˜

suhrob@suhrob:~/Project-3$ npx wrangler d1 execute DB --command "select * from connections;"

 â›…ï¸ wrangler 3.60.2
-------------------

ğŸŒ€ Executing on local database DB (DB) from .wrangler/state/v3/d1:
ğŸŒ€ To execute on your remote database, add a --remote flag to your wrangler command.

suhrob@suhrob:~/Project-3$ npx wrangler d1 execute DB --command "PRAGMA table_info(connections);"

 â›…ï¸ wrangler 3.60.2
-------------------

ğŸŒ€ Executing on local database DB (DB) from .wrangler/state/v3/d1:
ğŸŒ€ To execute on your remote database, add a --remote flag to your wrangler command.
â”Œâ”€â”€â”€â”€â”€â”¬â”€â”€â”€â”€â”€â”€â”€â”€â”€â”€â”€â”€â”€â”€â”€â”€â”€â”€â”€â”¬â”€â”€â”€â”€â”€â”€â”€â”€â”€â”€â”€â”¬â”€â”€â”€â”€â”€â”€â”€â”€â”€â”¬â”€â”€â”€â”€â”€â”€â”€â”€â”€â”€â”€â”€â”¬â”€â”€â”€â”€â”
â”‚ cid â”‚ name              â”‚ type      â”‚ notnull â”‚ dflt_value â”‚ pk â”‚
â”œâ”€â”€â”€â”€â”€â”¼â”€â”€â”€â”€â”€â”€â”€â”€â”€â”€â”€â”€â”€â”€â”€â”€â”€â”€â”€â”¼â”€â”€â”€â”€â”€â”€â”€â”€â”€â”€â”€â”¼â”€â”€â”€â”€â”€â”€â”€â”€â”€â”¼â”€â”€â”€â”€â”€â”€â”€â”€â”€â”€â”€â”€â”¼â”€â”€â”€â”€â”¤
â”‚ 0   â”‚ id                â”‚ SERIAL    â”‚ 0       â”‚ null       â”‚ 1  â”‚
â”œâ”€â”€â”€â”€â”€â”¼â”€â”€â”€â”€â”€â”€â”€â”€â”€â”€â”€â”€â”€â”€â”€â”€â”€â”€â”€â”¼â”€â”€â”€â”€â”€â”€â”€â”€â”€â”€â”€â”¼â”€â”€â”€â”€â”€â”€â”€â”€â”€â”¼â”€â”€â”€â”€â”€â”€â”€â”€â”€â”€â”€â”€â”¼â”€â”€â”€â”€â”¤
â”‚ 1   â”‚ mail              â”‚ TEXT      â”‚ 0       â”‚ null       â”‚ 0  â”‚
â”œâ”€â”€â”€â”€â”€â”¼â”€â”€â”€â”€â”€â”€â”€â”€â”€â”€â”€â”€â”€â”€â”€â”€â”€â”€â”€â”¼â”€â”€â”€â”€â”€â”€â”€â”€â”€â”€â”€â”¼â”€â”€â”€â”€â”€â”€â”€â”€â”€â”¼â”€â”€â”€â”€â”€â”€â”€â”€â”€â”€â”€â”€â”¼â”€â”€â”€â”€â”¤
â”‚ 2   â”‚ title             â”‚ TEXT      â”‚ 0       â”‚ null       â”‚ 0  â”‚
â”œâ”€â”€â”€â”€â”€â”¼â”€â”€â”€â”€â”€â”€â”€â”€â”€â”€â”€â”€â”€â”€â”€â”€â”€â”€â”€â”¼â”€â”€â”€â”€â”€â”€â”€â”€â”€â”€â”€â”¼â”€â”€â”€â”€â”€â”€â”€â”€â”€â”¼â”€â”€â”€â”€â”€â”€â”€â”€â”€â”€â”€â”€â”¼â”€â”€â”€â”€â”¤
â”‚ 3   â”‚ short_description â”‚ TEXT      â”‚ 0       â”‚ null       â”‚ 0  â”‚
â”œâ”€â”€â”€â”€â”€â”¼â”€â”€â”€â”€â”€â”€â”€â”€â”€â”€â”€â”€â”€â”€â”€â”€â”€â”€â”€â”¼â”€â”€â”€â”€â”€â”€â”€â”€â”€â”€â”€â”¼â”€â”€â”€â”€â”€â”€â”€â”€â”€â”¼â”€â”€â”€â”€â”€â”€â”€â”€â”€â”€â”€â”€â”¼â”€â”€â”€â”€â”¤
â”‚ 4   â”‚ long_description  â”‚ TEXT      â”‚ 0       â”‚ null       â”‚ 0  â”‚
â”œâ”€â”€â”€â”€â”€â”¼â”€â”€â”€â”€â”€â”€â”€â”€â”€â”€â”€â”€â”€â”€â”€â”€â”€â”€â”€â”¼â”€â”€â”€â”€â”€â”€â”€â”€â”€â”€â”€â”¼â”€â”€â”€â”€â”€â”€â”€â”€â”€â”¼â”€â”€â”€â”€â”€â”€â”€â”€â”€â”€â”€â”€â”¼â”€â”€â”€â”€â”¤
â”‚ 5   â”‚ contact           â”‚ TEXT      â”‚ 0       â”‚ null       â”‚ 0  â”‚
â”œâ”€â”€â”€â”€â”€â”¼â”€â”€â”€â”€â”€â”€â”€â”€â”€â”€â”€â”€â”€â”€â”€â”€â”€â”€â”€â”¼â”€â”€â”€â”€â”€â”€â”€â”€â”€â”€â”€â”¼â”€â”€â”€â”€â”€â”€â”€â”€â”€â”¼â”€â”€â”€â”€â”€â”€â”€â”€â”€â”€â”€â”€â”¼â”€â”€â”€â”€â”¤
â”‚ 6   â”‚ img_url           â”‚ TEXT      â”‚ 0       â”‚ null       â”‚ 0  â”‚
â”œâ”€â”€â”€â”€â”€â”¼â”€â”€â”€â”€â”€â”€â”€â”€â”€â”€â”€â”€â”€â”€â”€â”€â”€â”€â”€â”¼â”€â”€â”€â”€â”€â”€â”€â”€â”€â”€â”€â”¼â”€â”€â”€â”€â”€â”€â”€â”€â”€â”¼â”€â”€â”€â”€â”€â”€â”€â”€â”€â”€â”€â”€â”¼â”€â”€â”€â”€â”¤
â”‚ 7   â”‚ img_id            â”‚ INT       â”‚ 0       â”‚ null       â”‚ 0  â”‚
â”œâ”€â”€â”€â”€â”€â”¼â”€â”€â”€â”€â”€â”€â”€â”€â”€â”€â”€â”€â”€â”€â”€â”€â”€â”€â”€â”¼â”€â”€â”€â”€â”€â”€â”€â”€â”€â”€â”€â”¼â”€â”€â”€â”€â”€â”€â”€â”€â”€â”¼â”€â”€â”€â”€â”€â”€â”€â”€â”€â”€â”€â”€â”¼â”€â”€â”€â”€â”¤
â”‚ 8   â”‚ created_at        â”‚ TIMESTAMP â”‚ 0       â”‚ null       â”‚ 0  â”‚
â””â”€â”€â”€â”€â”€â”´â”€â”€â”€â”€â”€â”€â”€â”€â”€â”€â”€â”€â”€â”€â”€â”€â”€â”€â”€â”´â”€â”€â”€â”€â”€â”€â”€â”€â”€â”€â”€â”´â”€â”€â”€â”€â”€â”€â”€â”€â”€â”´â”€â”€â”€â”€â”€â”€â”€â”€â”€â”€â”€â”€â”´â”€â”€â”€â”€â”˜

suhrob@suhrob:~/Project-3$ npx wrangler d1 execute project-3-db --file ./init.sql

 â›…ï¸ wrangler 3.60.2
-------------------

ğŸŒ€ Executing on local database project-3-db (DB) from .wrangler/state/v3/d1:
ğŸŒ€ To execute on your remote database, add a --remote flag to your wrangler command.

âœ˜ [ERROR] near "created_at": syntax error at offset 103


If you think this is a bug then please create an issue at https://github.com/cloudflare/workers-sdk/issues/new/choose
âœ” Would you like to report this error to Cloudflare? â€¦ no
ğŸªµ  Logs were written to "/home/suhrob/.config/.wrangler/logs/wrangler-2024-06-13_11-53-06_686.log"
suhrob@suhrob:~/Project-3$ npx wrangler d1 execute project-3-db --file ./init.sql

 â›…ï¸ wrangler 3.60.2
-------------------

ğŸŒ€ Executing on local database project-3-db (DB) from .wrangler/state/v3/d1:
ğŸŒ€ To execute on your remote database, add a --remote flag to your wrangler command.

âœ˜ [ERROR] near "created_at": syntax error at offset 103


If you think this is a bug then please create an issue at https://github.com/cloudflare/workers-sdk/issues/new/choose
âœ” Would you like to report this error to Cloudflare? â€¦ no
ğŸªµ  Logs were written to "/home/suhrob/.config/.wrangler/logs/wrangler-2024-06-13_11-56-08_941.log"
suhrob@suhrob:~/Project-3$ npx wrangler d1 execute project-3-db --file ./init.sql

 â›…ï¸ wrangler 3.60.2
-------------------

ğŸŒ€ Executing on local database project-3-db (DB) from .wrangler/state/v3/d1:
ğŸŒ€ To execute on your remote database, add a --remote flag to your wrangler command.

âœ˜ [ERROR] near "created_at": syntax error at offset 103


If you think this is a bug then please create an issue at https://github.com/cloudflare/workers-sdk/issues/new/choose
âœ– Would you like to report this error to Cloudflare? â€¦ yes
ğŸªµ  Logs were written to "/home/suhrob/.config/.wrangler/logs/wrangler-2024-06-13_11-56-45_595.log"
suhrob@suhrob:~/Project-3$ npx wrangler d1 execute project-3-db --file ./init.sql

 â›…ï¸ wrangler 3.60.2
-------------------

ğŸŒ€ Executing on local database project-3-db (DB) from .wrangler/state/v3/d1:
ğŸŒ€ To execute on your remote database, add a --remote flag to your wrangler command.

âœ˜ [ERROR] near "created_at": syntax error at offset 103


If you think this is a bug then please create an issue at https://github.com/cloudflare/workers-sdk/issues/new/choose
âœ” Would you like to report this error to Cloudflare? â€¦ no
ğŸªµ  Logs were written to "/home/suhrob/.config/.wrangler/logs/wrangler-2024-06-13_13-24-46_893.log"
suhrob@suhrob:~/Project-3$ npx wrangler d1 execute project-3-db --file ./init.sql

 â›…ï¸ wrangler 3.60.2
-------------------

ğŸŒ€ Executing on local database project-3-db (DB) from .wrangler/state/v3/d1:
ğŸŒ€ To execute on your remote database, add a --remote flag to your wrangler command.

âœ˜ [ERROR] near "created_at": syntax error at offset 103


If you think this is a bug then please create an issue at https://github.com/cloudflare/workers-sdk/issues/new/choose
âœ” Would you like to report this error to Cloudflare? â€¦ no
ğŸªµ  Logs were written to "/home/suhrob/.config/.wrangler/logs/wrangler-2024-06-13_13-27-58_090.log"
suhrob@suhrob:~/Project-3$ npx wrangler d1 execute project-3-db --file ./init.sql

 â›…ï¸ wrangler 3.60.2
-------------------

ğŸŒ€ Executing on local database project-3-db (DB) from .wrangler/state/v3/d1:
ğŸŒ€ To execute on your remote database, add a --remote flag to your wrangler command.

âœ˜ [ERROR] near "created_at": syntax error at offset 103


If you think this is a bug then please create an issue at https://github.com/cloudflare/workers-sdk/issues/new/choose
âœ– Would you like to report this error to Cloudflare? â€¦ yes
ğŸªµ  Logs were written to "/home/suhrob/.config/.wrangler/logs/wrangler-2024-06-13_13-28-29_163.log"
suhrob@suhrob:~/Project-3$ npx wrangler d1 execute project-3-db --file ./init.sql

 â›…ï¸ wrangler 3.60.2
-------------------

ğŸŒ€ Executing on local database project-3-db (DB) from .wrangler/state/v3/d1:
ğŸŒ€ To execute on your remote database, add a --remote flag to your wrangler command.

suhrob@suhrob:~/Project-3$ npx wrangler d1 execute project-3-db --file ./init.sql

 â›…ï¸ wrangler 3.60.2
-------------------

ğŸŒ€ Executing on local database project-3-db (DB) from .wrangler/state/v3/d1:
ğŸŒ€ To execute on your remote database, add a --remote flag to your wrangler command.

suhrob@suhrob:~/Project-3$ npx wrangler d1 execute DB  --file ./init.sql

 â›…ï¸ wrangler 3.60.2
-------------------

ğŸŒ€ Executing on local database DB (DB) from .wrangler/state/v3/d1:
ğŸŒ€ To execute on your remote database, add a --remote flag to your wrangler command.

suhrob@suhrob:~/Project-3$ npx wrangler d1 execute DB  --file ./init.sql --remote

 â›…ï¸ wrangler 3.60.2
-------------------

âœ” âš ï¸ This process may take some time, during which your D1 database will be unavailable to serve queries.
  Ok to proceed? â€¦ yes
uğŸŒ€ Executing on preview database DB (1ca9b7ac-f088-4e7f-8868-1b61daa2f192):
ğŸŒ€ To execute on your local development database, remove the --remote flag from your wrangler command.
Note: if the execution fails to complete, your DB will return to its original state and you can safely retry.
â”œ ğŸŒ€ Uploading 1ca9b7ac-f088-4e7f-8868-1b61daa2f192.cc213ff93ecf3b2d.sql 
â”‚ ğŸŒ€ Uploading complete.
â”‚ 
ğŸŒ€ Starting import...
ğŸŒ€ Processed 6 queries.
ğŸš£ Executed 6 queries in 0.01 seconds (2 rows read, 46 rows written)
   Database is currently at bookmark 0000000a-00000000-00004daf-d5fc155b70874a24a1333992cd890dd9.
â”Œâ”€â”€â”€â”€â”€â”€â”€â”€â”€â”€â”€â”€â”€â”€â”€â”€â”€â”€â”€â”€â”€â”€â”€â”€â”¬â”€â”€â”€â”€â”€â”€â”€â”€â”€â”€â”€â”¬â”€â”€â”€â”€â”€â”€â”€â”€â”€â”€â”€â”€â”€â”€â”¬â”€â”€â”€â”€â”€â”€â”€â”€â”€â”€â”€â”€â”€â”€â”€â”€â”€â”€â”€â”
â”‚ Total queries executed â”‚ Rows read â”‚ Rows written â”‚ Databas size (MB) â”‚
â”œâ”€â”€â”€â”€â”€â”€â”€â”€â”€â”€â”€â”€â”€â”€â”€â”€â”€â”€â”€â”€â”€â”€â”€â”€â”¼â”€â”€â”€â”€â”€â”€â”€â”€â”€â”€â”€â”¼â”€â”€â”€â”€â”€â”€â”€â”€â”€â”€â”€â”€â”€â”€â”¼â”€â”€â”€â”€â”€â”€â”€â”€â”€â”€â”€â”€â”€â”€â”€â”€â”€â”€â”€â”¤
â”‚ 6                      â”‚ 2         â”‚ 46           â”‚ 0.03              â”‚
â””â”€â”€â”€â”€â”€â”€â”€â”€â”€â”€â”€â”€â”€â”€â”€â”€â”€â”€â”€â”€â”€â”€â”€â”€â”´â”€â”€â”€â”€â”€â”€â”€â”€â”€â”€â”€â”´â”€â”€â”€â”€â”€â”€â”€â”€â”€â”€â”€â”€â”€â”€â”´â”€â”€â”€â”€â”€â”€â”€â”€â”€â”€â”€â”€â”€â”€â”€â”€â”€â”€â”€â”˜

suhrob@suhrob:~/Project-3$ npx wrangler d1 execute DB --command "SELECT * FROM connections;"

 â›…ï¸ wrangler 3.60.2
-------------------

ğŸŒ€ Executing on local database DB (DB) from .wrangler/state/v3/d1:
ğŸŒ€ To execute on your remote database, add a --remote flag to your wrangler command.
â”Œâ”€â”€â”€â”€â”¬â”€â”€â”€â”€â”€â”€â”¬â”€â”€â”€â”€â”€â”€â”€â”¬â”€â”€â”€â”€â”€â”€â”€â”€â”€â”€â”€â”€â”€â”€â”€â”€â”€â”€â”€â”¬â”€â”€â”€â”€â”€â”€â”€â”€â”€â”€â”€â”€â”€â”€â”€â”€â”€â”€â”¬â”€â”€â”€â”€â”€â”€â”€â”€â”€â”¬â”€â”€â”€â”€â”€â”€â”€â”€â”€â”€â”€â”€â”€â”€â”€â”€â”€â”€â”€â”€â”€â”€â”€â”€â”€â”€â”€â”€â”€â”€â”€â”€â”€â”€â”€â”€â”€â”€â”€â”€â”€â”€â”€â”€â”€â”€â”€â”€â”€â”€â”€â”€â”€â”€â”€â”€â”€â”€â”€â”€â”€â”€â”€â”€â”€â”€â”€â”€â”€â”€â”€â”€â”€â”€â”€â”€â”€â”€â”€â”€â”€â”€â”€â”€â”€â”€â”€â”€â”€â”€â”€â”€â”€â”€â”€â”€â”€â”€â”€â”€â”€â”€â”€â”€â”€â”€â”¬â”€â”€â”€â”€â”€â”€â”€â”€â”¬â”€â”€â”€â”€â”€â”€â”€â”€â”€â”€â”€â”€â”€â”€â”€â”€â”€â”€â”€â”€â”€â”€â”€â”€â”€â”€â”
â”‚ id â”‚ mail â”‚ title â”‚ short_description â”‚ long_description â”‚ contact â”‚ img_url                                                                                                  â”‚ img_id â”‚ created_at               â”‚
â”œâ”€â”€â”€â”€â”¼â”€â”€â”€â”€â”€â”€â”¼â”€â”€â”€â”€â”€â”€â”€â”¼â”€â”€â”€â”€â”€â”€â”€â”€â”€â”€â”€â”€â”€â”€â”€â”€â”€â”€â”€â”¼â”€â”€â”€â”€â”€â”€â”€â”€â”€â”€â”€â”€â”€â”€â”€â”€â”€â”€â”¼â”€â”€â”€â”€â”€â”€â”€â”€â”€â”¼â”€â”€â”€â”€â”€â”€â”€â”€â”€â”€â”€â”€â”€â”€â”€â”€â”€â”€â”€â”€â”€â”€â”€â”€â”€â”€â”€â”€â”€â”€â”€â”€â”€â”€â”€â”€â”€â”€â”€â”€â”€â”€â”€â”€â”€â”€â”€â”€â”€â”€â”€â”€â”€â”€â”€â”€â”€â”€â”€â”€â”€â”€â”€â”€â”€â”€â”€â”€â”€â”€â”€â”€â”€â”€â”€â”€â”€â”€â”€â”€â”€â”€â”€â”€â”€â”€â”€â”€â”€â”€â”€â”€â”€â”€â”€â”€â”€â”€â”€â”€â”€â”€â”€â”€â”€â”€â”¼â”€â”€â”€â”€â”€â”€â”€â”€â”¼â”€â”€â”€â”€â”€â”€â”€â”€â”€â”€â”€â”€â”€â”€â”€â”€â”€â”€â”€â”€â”€â”€â”€â”€â”€â”€â”¤
â”‚ 14 â”‚ asdf â”‚ asdf  â”‚ asdf              â”‚ asdf             â”‚ asdf    â”‚ http://res.cloudinary.com/dq5dvbrtp/image/upload/v1718122567/my_website_images/nmfppijzzpcb73fcuxou.jpg  â”‚ 1      â”‚ 2024-06-11T16:23:10.070Z â”‚
â”œâ”€â”€â”€â”€â”¼â”€â”€â”€â”€â”€â”€â”¼â”€â”€â”€â”€â”€â”€â”€â”¼â”€â”€â”€â”€â”€â”€â”€â”€â”€â”€â”€â”€â”€â”€â”€â”€â”€â”€â”€â”¼â”€â”€â”€â”€â”€â”€â”€â”€â”€â”€â”€â”€â”€â”€â”€â”€â”€â”€â”¼â”€â”€â”€â”€â”€â”€â”€â”€â”€â”¼â”€â”€â”€â”€â”€â”€â”€â”€â”€â”€â”€â”€â”€â”€â”€â”€â”€â”€â”€â”€â”€â”€â”€â”€â”€â”€â”€â”€â”€â”€â”€â”€â”€â”€â”€â”€â”€â”€â”€â”€â”€â”€â”€â”€â”€â”€â”€â”€â”€â”€â”€â”€â”€â”€â”€â”€â”€â”€â”€â”€â”€â”€â”€â”€â”€â”€â”€â”€â”€â”€â”€â”€â”€â”€â”€â”€â”€â”€â”€â”€â”€â”€â”€â”€â”€â”€â”€â”€â”€â”€â”€â”€â”€â”€â”€â”€â”€â”€â”€â”€â”€â”€â”€â”€â”€â”€â”¼â”€â”€â”€â”€â”€â”€â”€â”€â”¼â”€â”€â”€â”€â”€â”€â”€â”€â”€â”€â”€â”€â”€â”€â”€â”€â”€â”€â”€â”€â”€â”€â”€â”€â”€â”€â”¤
â”‚ 15 â”‚ asdf â”‚ asdf  â”‚ asdf              â”‚ asdf             â”‚ asdf    â”‚ http://res.cloudinary.com/dq5dvbrtp/image/upload/v1718122988/my_website_images/hlmliacvwol0t45jwcru.jpg  â”‚ 2      â”‚ 2024-06-11T16:31:56.772Z â”‚
â”œâ”€â”€â”€â”€â”¼â”€â”€â”€â”€â”€â”€â”¼â”€â”€â”€â”€â”€â”€â”€â”¼â”€â”€â”€â”€â”€â”€â”€â”€â”€â”€â”€â”€â”€â”€â”€â”€â”€â”€â”€â”¼â”€â”€â”€â”€â”€â”€â”€â”€â”€â”€â”€â”€â”€â”€â”€â”€â”€â”€â”¼â”€â”€â”€â”€â”€â”€â”€â”€â”€â”¼â”€â”€â”€â”€â”€â”€â”€â”€â”€â”€â”€â”€â”€â”€â”€â”€â”€â”€â”€â”€â”€â”€â”€â”€â”€â”€â”€â”€â”€â”€â”€â”€â”€â”€â”€â”€â”€â”€â”€â”€â”€â”€â”€â”€â”€â”€â”€â”€â”€â”€â”€â”€â”€â”€â”€â”€â”€â”€â”€â”€â”€â”€â”€â”€â”€â”€â”€â”€â”€â”€â”€â”€â”€â”€â”€â”€â”€â”€â”€â”€â”€â”€â”€â”€â”€â”€â”€â”€â”€â”€â”€â”€â”€â”€â”€â”€â”€â”€â”€â”€â”€â”€â”€â”€â”€â”€â”¼â”€â”€â”€â”€â”€â”€â”€â”€â”¼â”€â”€â”€â”€â”€â”€â”€â”€â”€â”€â”€â”€â”€â”€â”€â”€â”€â”€â”€â”€â”€â”€â”€â”€â”€â”€â”¤
â”‚ 16 â”‚ asdf â”‚ asdf  â”‚ adsf              â”‚ asdf             â”‚ asdf    â”‚ https://res.cloudinary.com/dq5dvbrtp/image/upload/v1718123773/my_website_images/n7845sndo9qtcgiuud8w.jpg â”‚ 3      â”‚ 2024-06-11T16:36:14.767Z â”‚
â”œâ”€â”€â”€â”€â”¼â”€â”€â”€â”€â”€â”€â”¼â”€â”€â”€â”€â”€â”€â”€â”¼â”€â”€â”€â”€â”€â”€â”€â”€â”€â”€â”€â”€â”€â”€â”€â”€â”€â”€â”€â”¼â”€â”€â”€â”€â”€â”€â”€â”€â”€â”€â”€â”€â”€â”€â”€â”€â”€â”€â”¼â”€â”€â”€â”€â”€â”€â”€â”€â”€â”¼â”€â”€â”€â”€â”€â”€â”€â”€â”€â”€â”€â”€â”€â”€â”€â”€â”€â”€â”€â”€â”€â”€â”€â”€â”€â”€â”€â”€â”€â”€â”€â”€â”€â”€â”€â”€â”€â”€â”€â”€â”€â”€â”€â”€â”€â”€â”€â”€â”€â”€â”€â”€â”€â”€â”€â”€â”€â”€â”€â”€â”€â”€â”€â”€â”€â”€â”€â”€â”€â”€â”€â”€â”€â”€â”€â”€â”€â”€â”€â”€â”€â”€â”€â”€â”€â”€â”€â”€â”€â”€â”€â”€â”€â”€â”€â”€â”€â”€â”€â”€â”€â”€â”€â”€â”€â”€â”¼â”€â”€â”€â”€â”€â”€â”€â”€â”¼â”€â”€â”€â”€â”€â”€â”€â”€â”€â”€â”€â”€â”€â”€â”€â”€â”€â”€â”€â”€â”€â”€â”€â”€â”€â”€â”¤
â”‚ 17 â”‚ asdf â”‚ asdf  â”‚ adsf              â”‚ asdf             â”‚ asdf    â”‚ https://res.cloudinary.com/dq5dvbrtp/image/upload/v1718123808/my_website_images/o7lmfdkyhrgxctznfxl7.jpg â”‚ 4      â”‚ 2024-06-11T16:36:49.945Z â”‚
â””â”€â”€â”€â”€â”´â”€â”€â”€â”€â”€â”€â”´â”€â”€â”€â”€â”€â”€â”€â”´â”€â”€â”€â”€â”€â”€â”€â”€â”€â”€â”€â”€â”€â”€â”€â”€â”€â”€â”€â”´â”€â”€â”€â”€â”€â”€â”€â”€â”€â”€â”€â”€â”€â”€â”€â”€â”€â”€â”´â”€â”€â”€â”€â”€â”€â”€â”€â”€â”´â”€â”€â”€â”€â”€â”€â”€â”€â”€â”€â”€â”€â”€â”€â”€â”€â”€â”€â”€â”€â”€â”€â”€â”€â”€â”€â”€â”€â”€â”€â”€â”€â”€â”€â”€â”€â”€â”€â”€â”€â”€â”€â”€â”€â”€â”€â”€â”€â”€â”€â”€â”€â”€â”€â”€â”€â”€â”€â”€â”€â”€â”€â”€â”€â”€â”€â”€â”€â”€â”€â”€â”€â”€â”€â”€â”€â”€â”€â”€â”€â”€â”€â”€â”€â”€â”€â”€â”€â”€â”€â”€â”€â”€â”€â”€â”€â”€â”€â”€â”€â”€â”€â”€â”€â”€â”€â”´â”€â”€â”€â”€â”€â”€â”€â”€â”´â”€â”€â”€â”€â”€â”€â”€â”€â”€â”€â”€â”€â”€â”€â”€â”€â”€â”€â”€â”€â”€â”€â”€â”€â”€â”€â”˜

suhrob@suhrob:~/Project-3$ npx wrangler d1 execute DB --command "SELECT * FROM images;"

 â›…ï¸ wrangler 3.60.2
-------------------

ğŸŒ€ Executing on local database DB (DB) from .wrangler/state/v3/d1:
ğŸŒ€ To execute on your remote database, add a --remote flag to your wrangler command.
â”Œâ”€â”€â”€â”€â”€â”€â”¬â”€â”€â”€â”€â”€â”€â”€â”€â”€â”€â”€â”€â”€â”€â”€â”€â”€â”€â”€â”€â”€â”€â”€â”€â”€â”€â”€â”€â”€â”€â”€â”€â”€â”€â”€â”€â”€â”€â”€â”€â”€â”€â”€â”€â”€â”€â”€â”€â”€â”€â”€â”€â”€â”€â”€â”€â”€â”€â”€â”€â”€â”€â”€â”€â”€â”€â”€â”€â”€â”€â”€â”€â”€â”€â”€â”€â”€â”€â”€â”€â”€â”€â”€â”€â”€â”€â”€â”€â”€â”€â”€â”€â”€â”€â”€â”€â”€â”€â”€â”€â”€â”€â”€â”€â”€â”¬â”€â”€â”€â”€â”€â”€â”€â”¬â”€â”€â”€â”€â”€â”€â”€â”€â”€â”¬â”€â”€â”€â”€â”€â”€â”€â”€â”€â”€â”€â”¬â”€â”€â”€â”€â”€â”€â”€â”¬â”€â”€â”€â”€â”€â”€â”€â”€â”¬â”€â”€â”€â”€â”€â”€â”€â”€â”¬â”€â”€â”€â”€â”€â”€â”€â”€â”€â”€â”€â”€â”€â”€â”€â”€â”€â”€â”€â”¬â”€â”€â”€â”€â”€â”€â”€â”€â”¬â”€â”€â”€â”€â”€â”€â”€â”€â”€â”€â”€â”€â”€â”€â”€â”€â”€â”€â”€â”€â”€â”€â”€â”€â”€â”€â”
â”‚ id   â”‚ img_url                                                                                                 â”‚ title â”‚ context â”‚ file_name â”‚ width â”‚ height â”‚ format â”‚ folder            â”‚ bytes  â”‚ created_at               â”‚
â”œâ”€â”€â”€â”€â”€â”€â”¼â”€â”€â”€â”€â”€â”€â”€â”€â”€â”€â”€â”€â”€â”€â”€â”€â”€â”€â”€â”€â”€â”€â”€â”€â”€â”€â”€â”€â”€â”€â”€â”€â”€â”€â”€â”€â”€â”€â”€â”€â”€â”€â”€â”€â”€â”€â”€â”€â”€â”€â”€â”€â”€â”€â”€â”€â”€â”€â”€â”€â”€â”€â”€â”€â”€â”€â”€â”€â”€â”€â”€â”€â”€â”€â”€â”€â”€â”€â”€â”€â”€â”€â”€â”€â”€â”€â”€â”€â”€â”€â”€â”€â”€â”€â”€â”€â”€â”€â”€â”€â”€â”€â”€â”€â”€â”¼â”€â”€â”€â”€â”€â”€â”€â”¼â”€â”€â”€â”€â”€â”€â”€â”€â”€â”¼â”€â”€â”€â”€â”€â”€â”€â”€â”€â”€â”€â”¼â”€â”€â”€â”€â”€â”€â”€â”¼â”€â”€â”€â”€â”€â”€â”€â”€â”¼â”€â”€â”€â”€â”€â”€â”€â”€â”¼â”€â”€â”€â”€â”€â”€â”€â”€â”€â”€â”€â”€â”€â”€â”€â”€â”€â”€â”€â”¼â”€â”€â”€â”€â”€â”€â”€â”€â”¼â”€â”€â”€â”€â”€â”€â”€â”€â”€â”€â”€â”€â”€â”€â”€â”€â”€â”€â”€â”€â”€â”€â”€â”€â”€â”€â”¤
â”‚ 48   â”‚ http://res.cloudinary.com/dl8bppbqg/image/upload/v1718167314/my_website_images/axfsfvbuqbanysgpjrkl.jpg â”‚ dfg   â”‚ dfg     â”‚ file      â”‚ 1700  â”‚ 2185   â”‚ jpg    â”‚ my_website_images â”‚ 143403 â”‚ 2024-06-12T04:41:55.116Z â”‚
â”œâ”€â”€â”€â”€â”€â”€â”¼â”€â”€â”€â”€â”€â”€â”€â”€â”€â”€â”€â”€â”€â”€â”€â”€â”€â”€â”€â”€â”€â”€â”€â”€â”€â”€â”€â”€â”€â”€â”€â”€â”€â”€â”€â”€â”€â”€â”€â”€â”€â”€â”€â”€â”€â”€â”€â”€â”€â”€â”€â”€â”€â”€â”€â”€â”€â”€â”€â”€â”€â”€â”€â”€â”€â”€â”€â”€â”€â”€â”€â”€â”€â”€â”€â”€â”€â”€â”€â”€â”€â”€â”€â”€â”€â”€â”€â”€â”€â”€â”€â”€â”€â”€â”€â”€â”€â”€â”€â”€â”€â”€â”€â”€â”€â”¼â”€â”€â”€â”€â”€â”€â”€â”¼â”€â”€â”€â”€â”€â”€â”€â”€â”€â”¼â”€â”€â”€â”€â”€â”€â”€â”€â”€â”€â”€â”¼â”€â”€â”€â”€â”€â”€â”€â”¼â”€â”€â”€â”€â”€â”€â”€â”€â”¼â”€â”€â”€â”€â”€â”€â”€â”€â”¼â”€â”€â”€â”€â”€â”€â”€â”€â”€â”€â”€â”€â”€â”€â”€â”€â”€â”€â”€â”¼â”€â”€â”€â”€â”€â”€â”€â”€â”¼â”€â”€â”€â”€â”€â”€â”€â”€â”€â”€â”€â”€â”€â”€â”€â”€â”€â”€â”€â”€â”€â”€â”€â”€â”€â”€â”¤
â”‚ 47   â”‚ http://res.cloudinary.com/dl8bppbqg/image/upload/v1718167291/my_website_images/pvsrfwsp4si6bb3ozfvb.jpg â”‚ qwe   â”‚ qwe     â”‚ file      â”‚ 1948  â”‚ 2505   â”‚ jpg    â”‚ my_website_images â”‚ 165162 â”‚ 2024-06-12T04:41:32.151Z â”‚
â”œâ”€â”€â”€â”€â”€â”€â”¼â”€â”€â”€â”€â”€â”€â”€â”€â”€â”€â”€â”€â”€â”€â”€â”€â”€â”€â”€â”€â”€â”€â”€â”€â”€â”€â”€â”€â”€â”€â”€â”€â”€â”€â”€â”€â”€â”€â”€â”€â”€â”€â”€â”€â”€â”€â”€â”€â”€â”€â”€â”€â”€â”€â”€â”€â”€â”€â”€â”€â”€â”€â”€â”€â”€â”€â”€â”€â”€â”€â”€â”€â”€â”€â”€â”€â”€â”€â”€â”€â”€â”€â”€â”€â”€â”€â”€â”€â”€â”€â”€â”€â”€â”€â”€â”€â”€â”€â”€â”€â”€â”€â”€â”€â”€â”¼â”€â”€â”€â”€â”€â”€â”€â”¼â”€â”€â”€â”€â”€â”€â”€â”€â”€â”¼â”€â”€â”€â”€â”€â”€â”€â”€â”€â”€â”€â”¼â”€â”€â”€â”€â”€â”€â”€â”¼â”€â”€â”€â”€â”€â”€â”€â”€â”¼â”€â”€â”€â”€â”€â”€â”€â”€â”¼â”€â”€â”€â”€â”€â”€â”€â”€â”€â”€â”€â”€â”€â”€â”€â”€â”€â”€â”€â”¼â”€â”€â”€â”€â”€â”€â”€â”€â”¼â”€â”€â”€â”€â”€â”€â”€â”€â”€â”€â”€â”€â”€â”€â”€â”€â”€â”€â”€â”€â”€â”€â”€â”€â”€â”€â”¤
â”‚ 46   â”‚ http://res.cloudinary.com/dl8bppbqg/image/upload/v1718166647/my_website_images/dgpfv3tvp8emv1ysxv3o.png â”‚ 32    â”‚ 32      â”‚ file      â”‚ 32    â”‚ 32     â”‚ png    â”‚ my_website_images â”‚ 975    â”‚ 2024-06-12T04:30:48.207Z â”‚
â”œâ”€â”€â”€â”€â”€â”€â”¼â”€â”€â”€â”€â”€â”€â”€â”€â”€â”€â”€â”€â”€â”€â”€â”€â”€â”€â”€â”€â”€â”€â”€â”€â”€â”€â”€â”€â”€â”€â”€â”€â”€â”€â”€â”€â”€â”€â”€â”€â”€â”€â”€â”€â”€â”€â”€â”€â”€â”€â”€â”€â”€â”€â”€â”€â”€â”€â”€â”€â”€â”€â”€â”€â”€â”€â”€â”€â”€â”€â”€â”€â”€â”€â”€â”€â”€â”€â”€â”€â”€â”€â”€â”€â”€â”€â”€â”€â”€â”€â”€â”€â”€â”€â”€â”€â”€â”€â”€â”€â”€â”€â”€â”€â”€â”¼â”€â”€â”€â”€â”€â”€â”€â”¼â”€â”€â”€â”€â”€â”€â”€â”€â”€â”¼â”€â”€â”€â”€â”€â”€â”€â”€â”€â”€â”€â”¼â”€â”€â”€â”€â”€â”€â”€â”¼â”€â”€â”€â”€â”€â”€â”€â”€â”¼â”€â”€â”€â”€â”€â”€â”€â”€â”¼â”€â”€â”€â”€â”€â”€â”€â”€â”€â”€â”€â”€â”€â”€â”€â”€â”€â”€â”€â”¼â”€â”€â”€â”€â”€â”€â”€â”€â”¼â”€â”€â”€â”€â”€â”€â”€â”€â”€â”€â”€â”€â”€â”€â”€â”€â”€â”€â”€â”€â”€â”€â”€â”€â”€â”€â”¤
â”‚ 45   â”‚ http://res.cloudinary.com/dl8bppbqg/image/upload/v1718166647/my_website_images/kvc873pvavofgyobi7rt.png â”‚ 32    â”‚ 32      â”‚ file      â”‚ 32    â”‚ 32     â”‚ png    â”‚ my_website_images â”‚ 975    â”‚ 2024-06-12T04:30:47.997Z â”‚
â”œâ”€â”€â”€â”€â”€â”€â”¼â”€â”€â”€â”€â”€â”€â”€â”€â”€â”€â”€â”€â”€â”€â”€â”€â”€â”€â”€â”€â”€â”€â”€â”€â”€â”€â”€â”€â”€â”€â”€â”€â”€â”€â”€â”€â”€â”€â”€â”€â”€â”€â”€â”€â”€â”€â”€â”€â”€â”€â”€â”€â”€â”€â”€â”€â”€â”€â”€â”€â”€â”€â”€â”€â”€â”€â”€â”€â”€â”€â”€â”€â”€â”€â”€â”€â”€â”€â”€â”€â”€â”€â”€â”€â”€â”€â”€â”€â”€â”€â”€â”€â”€â”€â”€â”€â”€â”€â”€â”€â”€â”€â”€â”€â”€â”¼â”€â”€â”€â”€â”€â”€â”€â”¼â”€â”€â”€â”€â”€â”€â”€â”€â”€â”¼â”€â”€â”€â”€â”€â”€â”€â”€â”€â”€â”€â”¼â”€â”€â”€â”€â”€â”€â”€â”¼â”€â”€â”€â”€â”€â”€â”€â”€â”¼â”€â”€â”€â”€â”€â”€â”€â”€â”¼â”€â”€â”€â”€â”€â”€â”€â”€â”€â”€â”€â”€â”€â”€â”€â”€â”€â”€â”€â”¼â”€â”€â”€â”€â”€â”€â”€â”€â”¼â”€â”€â”€â”€â”€â”€â”€â”€â”€â”€â”€â”€â”€â”€â”€â”€â”€â”€â”€â”€â”€â”€â”€â”€â”€â”€â”¤
â”‚ 44   â”‚ http://res.cloudinary.com/dl8bppbqg/image/upload/v1718166647/my_website_images/v5mbcd8bqxjxvpbnek13.png â”‚ 32    â”‚ 32      â”‚ file      â”‚ 32    â”‚ 32     â”‚ png    â”‚ my_website_images â”‚ 975    â”‚ 2024-06-12T04:30:47.916Z â”‚
â”œâ”€â”€â”€â”€â”€â”€â”¼â”€â”€â”€â”€â”€â”€â”€â”€â”€â”€â”€â”€â”€â”€â”€â”€â”€â”€â”€â”€â”€â”€â”€â”€â”€â”€â”€â”€â”€â”€â”€â”€â”€â”€â”€â”€â”€â”€â”€â”€â”€â”€â”€â”€â”€â”€â”€â”€â”€â”€â”€â”€â”€â”€â”€â”€â”€â”€â”€â”€â”€â”€â”€â”€â”€â”€â”€â”€â”€â”€â”€â”€â”€â”€â”€â”€â”€â”€â”€â”€â”€â”€â”€â”€â”€â”€â”€â”€â”€â”€â”€â”€â”€â”€â”€â”€â”€â”€â”€â”€â”€â”€â”€â”€â”€â”¼â”€â”€â”€â”€â”€â”€â”€â”¼â”€â”€â”€â”€â”€â”€â”€â”€â”€â”¼â”€â”€â”€â”€â”€â”€â”€â”€â”€â”€â”€â”¼â”€â”€â”€â”€â”€â”€â”€â”¼â”€â”€â”€â”€â”€â”€â”€â”€â”¼â”€â”€â”€â”€â”€â”€â”€â”€â”¼â”€â”€â”€â”€â”€â”€â”€â”€â”€â”€â”€â”€â”€â”€â”€â”€â”€â”€â”€â”¼â”€â”€â”€â”€â”€â”€â”€â”€â”¼â”€â”€â”€â”€â”€â”€â”€â”€â”€â”€â”€â”€â”€â”€â”€â”€â”€â”€â”€â”€â”€â”€â”€â”€â”€â”€â”¤
â”‚ 43   â”‚ http://res.cloudinary.com/dl8bppbqg/image/upload/v1718166647/my_website_images/r20lubwwmxztevfjfwxj.png â”‚ 32    â”‚ 32      â”‚ file      â”‚ 32    â”‚ 32     â”‚ png    â”‚ my_website_images â”‚ 975    â”‚ 2024-06-12T04:30:47.864Z â”‚
â”œâ”€â”€â”€â”€â”€â”€â”¼â”€â”€â”€â”€â”€â”€â”€â”€â”€â”€â”€â”€â”€â”€â”€â”€â”€â”€â”€â”€â”€â”€â”€â”€â”€â”€â”€â”€â”€â”€â”€â”€â”€â”€â”€â”€â”€â”€â”€â”€â”€â”€â”€â”€â”€â”€â”€â”€â”€â”€â”€â”€â”€â”€â”€â”€â”€â”€â”€â”€â”€â”€â”€â”€â”€â”€â”€â”€â”€â”€â”€â”€â”€â”€â”€â”€â”€â”€â”€â”€â”€â”€â”€â”€â”€â”€â”€â”€â”€â”€â”€â”€â”€â”€â”€â”€â”€â”€â”€â”€â”€â”€â”€â”€â”€â”¼â”€â”€â”€â”€â”€â”€â”€â”¼â”€â”€â”€â”€â”€â”€â”€â”€â”€â”¼â”€â”€â”€â”€â”€â”€â”€â”€â”€â”€â”€â”¼â”€â”€â”€â”€â”€â”€â”€â”¼â”€â”€â”€â”€â”€â”€â”€â”€â”¼â”€â”€â”€â”€â”€â”€â”€â”€â”¼â”€â”€â”€â”€â”€â”€â”€â”€â”€â”€â”€â”€â”€â”€â”€â”€â”€â”€â”€â”¼â”€â”€â”€â”€â”€â”€â”€â”€â”¼â”€â”€â”€â”€â”€â”€â”€â”€â”€â”€â”€â”€â”€â”€â”€â”€â”€â”€â”€â”€â”€â”€â”€â”€â”€â”€â”¤
â”‚ 42   â”‚ http://res.cloudinary.com/dl8bppbqg/image/upload/v1718166647/my_website_images/swkckzof9kkflw8r2otg.png â”‚ 32    â”‚ 32      â”‚ file      â”‚ 32    â”‚ 32     â”‚ png    â”‚ my_website_images â”‚ 975    â”‚ 2024-06-12T04:30:47.789Z â”‚
â”œâ”€â”€â”€â”€â”€â”€â”¼â”€â”€â”€â”€â”€â”€â”€â”€â”€â”€â”€â”€â”€â”€â”€â”€â”€â”€â”€â”€â”€â”€â”€â”€â”€â”€â”€â”€â”€â”€â”€â”€â”€â”€â”€â”€â”€â”€â”€â”€â”€â”€â”€â”€â”€â”€â”€â”€â”€â”€â”€â”€â”€â”€â”€â”€â”€â”€â”€â”€â”€â”€â”€â”€â”€â”€â”€â”€â”€â”€â”€â”€â”€â”€â”€â”€â”€â”€â”€â”€â”€â”€â”€â”€â”€â”€â”€â”€â”€â”€â”€â”€â”€â”€â”€â”€â”€â”€â”€â”€â”€â”€â”€â”€â”€â”¼â”€â”€â”€â”€â”€â”€â”€â”¼â”€â”€â”€â”€â”€â”€â”€â”€â”€â”¼â”€â”€â”€â”€â”€â”€â”€â”€â”€â”€â”€â”¼â”€â”€â”€â”€â”€â”€â”€â”¼â”€â”€â”€â”€â”€â”€â”€â”€â”¼â”€â”€â”€â”€â”€â”€â”€â”€â”¼â”€â”€â”€â”€â”€â”€â”€â”€â”€â”€â”€â”€â”€â”€â”€â”€â”€â”€â”€â”¼â”€â”€â”€â”€â”€â”€â”€â”€â”¼â”€â”€â”€â”€â”€â”€â”€â”€â”€â”€â”€â”€â”€â”€â”€â”€â”€â”€â”€â”€â”€â”€â”€â”€â”€â”€â”¤
â”‚ 41   â”‚ http://res.cloudinary.com/dl8bppbqg/image/upload/v1718166647/my_website_images/lsqg1u6dxipgfnwaiekd.png â”‚ 32    â”‚ 32      â”‚ file      â”‚ 32    â”‚ 32     â”‚ png    â”‚ my_website_images â”‚ 975    â”‚ 2024-06-12T04:30:47.747Z â”‚
â”œâ”€â”€â”€â”€â”€â”€â”¼â”€â”€â”€â”€â”€â”€â”€â”€â”€â”€â”€â”€â”€â”€â”€â”€â”€â”€â”€â”€â”€â”€â”€â”€â”€â”€â”€â”€â”€â”€â”€â”€â”€â”€â”€â”€â”€â”€â”€â”€â”€â”€â”€â”€â”€â”€â”€â”€â”€â”€â”€â”€â”€â”€â”€â”€â”€â”€â”€â”€â”€â”€â”€â”€â”€â”€â”€â”€â”€â”€â”€â”€â”€â”€â”€â”€â”€â”€â”€â”€â”€â”€â”€â”€â”€â”€â”€â”€â”€â”€â”€â”€â”€â”€â”€â”€â”€â”€â”€â”€â”€â”€â”€â”€â”€â”¼â”€â”€â”€â”€â”€â”€â”€â”¼â”€â”€â”€â”€â”€â”€â”€â”€â”€â”¼â”€â”€â”€â”€â”€â”€â”€â”€â”€â”€â”€â”¼â”€â”€â”€â”€â”€â”€â”€â”¼â”€â”€â”€â”€â”€â”€â”€â”€â”¼â”€â”€â”€â”€â”€â”€â”€â”€â”¼â”€â”€â”€â”€â”€â”€â”€â”€â”€â”€â”€â”€â”€â”€â”€â”€â”€â”€â”€â”¼â”€â”€â”€â”€â”€â”€â”€â”€â”¼â”€â”€â”€â”€â”€â”€â”€â”€â”€â”€â”€â”€â”€â”€â”€â”€â”€â”€â”€â”€â”€â”€â”€â”€â”€â”€â”¤
â”‚ 40   â”‚ http://res.cloudinary.com/dl8bppbqg/image/upload/v1718166646/my_website_images/z4p9kojq7h34wbwco5mo.png â”‚ 32    â”‚ 32      â”‚ file      â”‚ 32    â”‚ 32     â”‚ png    â”‚ my_website_images â”‚ 975    â”‚ 2024-06-12T04:30:47.156Z â”‚
â”œâ”€â”€â”€â”€â”€â”€â”¼â”€â”€â”€â”€â”€â”€â”€â”€â”€â”€â”€â”€â”€â”€â”€â”€â”€â”€â”€â”€â”€â”€â”€â”€â”€â”€â”€â”€â”€â”€â”€â”€â”€â”€â”€â”€â”€â”€â”€â”€â”€â”€â”€â”€â”€â”€â”€â”€â”€â”€â”€â”€â”€â”€â”€â”€â”€â”€â”€â”€â”€â”€â”€â”€â”€â”€â”€â”€â”€â”€â”€â”€â”€â”€â”€â”€â”€â”€â”€â”€â”€â”€â”€â”€â”€â”€â”€â”€â”€â”€â”€â”€â”€â”€â”€â”€â”€â”€â”€â”€â”€â”€â”€â”€â”€â”¼â”€â”€â”€â”€â”€â”€â”€â”¼â”€â”€â”€â”€â”€â”€â”€â”€â”€â”¼â”€â”€â”€â”€â”€â”€â”€â”€â”€â”€â”€â”¼â”€â”€â”€â”€â”€â”€â”€â”¼â”€â”€â”€â”€â”€â”€â”€â”€â”¼â”€â”€â”€â”€â”€â”€â”€â”€â”¼â”€â”€â”€â”€â”€â”€â”€â”€â”€â”€â”€â”€â”€â”€â”€â”€â”€â”€â”€â”¼â”€â”€â”€â”€â”€â”€â”€â”€â”¼â”€â”€â”€â”€â”€â”€â”€â”€â”€â”€â”€â”€â”€â”€â”€â”€â”€â”€â”€â”€â”€â”€â”€â”€â”€â”€â”¤
â”‚ 39   â”‚ http://res.cloudinary.com/dl8bppbqg/image/upload/v1718166646/my_website_images/jyc3mhct9j5ddmcrbklf.png â”‚ 32    â”‚ 32      â”‚ file      â”‚ 32    â”‚ 32     â”‚ png    â”‚ my_website_images â”‚ 975    â”‚ 2024-06-12T04:30:46.985Z â”‚
â”œâ”€â”€â”€â”€â”€â”€â”¼â”€â”€â”€â”€â”€â”€â”€â”€â”€â”€â”€â”€â”€â”€â”€â”€â”€â”€â”€â”€â”€â”€â”€â”€â”€â”€â”€â”€â”€â”€â”€â”€â”€â”€â”€â”€â”€â”€â”€â”€â”€â”€â”€â”€â”€â”€â”€â”€â”€â”€â”€â”€â”€â”€â”€â”€â”€â”€â”€â”€â”€â”€â”€â”€â”€â”€â”€â”€â”€â”€â”€â”€â”€â”€â”€â”€â”€â”€â”€â”€â”€â”€â”€â”€â”€â”€â”€â”€â”€â”€â”€â”€â”€â”€â”€â”€â”€â”€â”€â”€â”€â”€â”€â”€â”€â”¼â”€â”€â”€â”€â”€â”€â”€â”¼â”€â”€â”€â”€â”€â”€â”€â”€â”€â”¼â”€â”€â”€â”€â”€â”€â”€â”€â”€â”€â”€â”¼â”€â”€â”€â”€â”€â”€â”€â”¼â”€â”€â”€â”€â”€â”€â”€â”€â”¼â”€â”€â”€â”€â”€â”€â”€â”€â”¼â”€â”€â”€â”€â”€â”€â”€â”€â”€â”€â”€â”€â”€â”€â”€â”€â”€â”€â”€â”¼â”€â”€â”€â”€â”€â”€â”€â”€â”¼â”€â”€â”€â”€â”€â”€â”€â”€â”€â”€â”€â”€â”€â”€â”€â”€â”€â”€â”€â”€â”€â”€â”€â”€â”€â”€â”¤
â”‚ 38   â”‚ http://res.cloudinary.com/dl8bppbqg/image/upload/v1718166646/my_website_images/zz0uu8priblpgejjmf2v.png â”‚ 32    â”‚ 32      â”‚ file      â”‚ 32    â”‚ 32     â”‚ png    â”‚ my_website_images â”‚ 975    â”‚ 2024-06-12T04:30:46.941Z â”‚
â”œâ”€â”€â”€â”€â”€â”€â”¼â”€â”€â”€â”€â”€â”€â”€â”€â”€â”€â”€â”€â”€â”€â”€â”€â”€â”€â”€â”€â”€â”€â”€â”€â”€â”€â”€â”€â”€â”€â”€â”€â”€â”€â”€â”€â”€â”€â”€â”€â”€â”€â”€â”€â”€â”€â”€â”€â”€â”€â”€â”€â”€â”€â”€â”€â”€â”€â”€â”€â”€â”€â”€â”€â”€â”€â”€â”€â”€â”€â”€â”€â”€â”€â”€â”€â”€â”€â”€â”€â”€â”€â”€â”€â”€â”€â”€â”€â”€â”€â”€â”€â”€â”€â”€â”€â”€â”€â”€â”€â”€â”€â”€â”€â”€â”¼â”€â”€â”€â”€â”€â”€â”€â”¼â”€â”€â”€â”€â”€â”€â”€â”€â”€â”¼â”€â”€â”€â”€â”€â”€â”€â”€â”€â”€â”€â”¼â”€â”€â”€â”€â”€â”€â”€â”¼â”€â”€â”€â”€â”€â”€â”€â”€â”¼â”€â”€â”€â”€â”€â”€â”€â”€â”¼â”€â”€â”€â”€â”€â”€â”€â”€â”€â”€â”€â”€â”€â”€â”€â”€â”€â”€â”€â”¼â”€â”€â”€â”€â”€â”€â”€â”€â”¼â”€â”€â”€â”€â”€â”€â”€â”€â”€â”€â”€â”€â”€â”€â”€â”€â”€â”€â”€â”€â”€â”€â”€â”€â”€â”€â”¤
â”‚ 37   â”‚ http://res.cloudinary.com/dl8bppbqg/image/upload/v1718166646/my_website_images/qfzuyybxb3aoz7dgne4s.png â”‚ 32    â”‚ 32      â”‚ file      â”‚ 32    â”‚ 32     â”‚ png    â”‚ my_website_images â”‚ 975    â”‚ 2024-06-12T04:30:46.937Z â”‚
â”œâ”€â”€â”€â”€â”€â”€â”¼â”€â”€â”€â”€â”€â”€â”€â”€â”€â”€â”€â”€â”€â”€â”€â”€â”€â”€â”€â”€â”€â”€â”€â”€â”€â”€â”€â”€â”€â”€â”€â”€â”€â”€â”€â”€â”€â”€â”€â”€â”€â”€â”€â”€â”€â”€â”€â”€â”€â”€â”€â”€â”€â”€â”€â”€â”€â”€â”€â”€â”€â”€â”€â”€â”€â”€â”€â”€â”€â”€â”€â”€â”€â”€â”€â”€â”€â”€â”€â”€â”€â”€â”€â”€â”€â”€â”€â”€â”€â”€â”€â”€â”€â”€â”€â”€â”€â”€â”€â”€â”€â”€â”€â”€â”€â”¼â”€â”€â”€â”€â”€â”€â”€â”¼â”€â”€â”€â”€â”€â”€â”€â”€â”€â”¼â”€â”€â”€â”€â”€â”€â”€â”€â”€â”€â”€â”¼â”€â”€â”€â”€â”€â”€â”€â”¼â”€â”€â”€â”€â”€â”€â”€â”€â”¼â”€â”€â”€â”€â”€â”€â”€â”€â”¼â”€â”€â”€â”€â”€â”€â”€â”€â”€â”€â”€â”€â”€â”€â”€â”€â”€â”€â”€â”¼â”€â”€â”€â”€â”€â”€â”€â”€â”¼â”€â”€â”€â”€â”€â”€â”€â”€â”€â”€â”€â”€â”€â”€â”€â”€â”€â”€â”€â”€â”€â”€â”€â”€â”€â”€â”¤
â”‚ 36   â”‚ http://res.cloudinary.com/dl8bppbqg/image/upload/v1718166646/my_website_images/ry4isijzo3r3x0s3ucf3.png â”‚ 32    â”‚ 32      â”‚ file      â”‚ 32    â”‚ 32     â”‚ png    â”‚ my_website_images â”‚ 975    â”‚ 2024-06-12T04:30:46.922Z â”‚
â”œâ”€â”€â”€â”€â”€â”€â”¼â”€â”€â”€â”€â”€â”€â”€â”€â”€â”€â”€â”€â”€â”€â”€â”€â”€â”€â”€â”€â”€â”€â”€â”€â”€â”€â”€â”€â”€â”€â”€â”€â”€â”€â”€â”€â”€â”€â”€â”€â”€â”€â”€â”€â”€â”€â”€â”€â”€â”€â”€â”€â”€â”€â”€â”€â”€â”€â”€â”€â”€â”€â”€â”€â”€â”€â”€â”€â”€â”€â”€â”€â”€â”€â”€â”€â”€â”€â”€â”€â”€â”€â”€â”€â”€â”€â”€â”€â”€â”€â”€â”€â”€â”€â”€â”€â”€â”€â”€â”€â”€â”€â”€â”€â”€â”¼â”€â”€â”€â”€â”€â”€â”€â”¼â”€â”€â”€â”€â”€â”€â”€â”€â”€â”¼â”€â”€â”€â”€â”€â”€â”€â”€â”€â”€â”€â”¼â”€â”€â”€â”€â”€â”€â”€â”¼â”€â”€â”€â”€â”€â”€â”€â”€â”¼â”€â”€â”€â”€â”€â”€â”€â”€â”¼â”€â”€â”€â”€â”€â”€â”€â”€â”€â”€â”€â”€â”€â”€â”€â”€â”€â”€â”€â”¼â”€â”€â”€â”€â”€â”€â”€â”€â”¼â”€â”€â”€â”€â”€â”€â”€â”€â”€â”€â”€â”€â”€â”€â”€â”€â”€â”€â”€â”€â”€â”€â”€â”€â”€â”€â”¤
â”‚ 35   â”‚ http://res.cloudinary.com/dl8bppbqg/image/upload/v1718166646/my_website_images/oypgzvzevmg4w0ifv06f.png â”‚ 32    â”‚ 32      â”‚ file      â”‚ 32    â”‚ 32     â”‚ png    â”‚ my_website_images â”‚ 975    â”‚ 2024-06-12T04:30:46.897Z â”‚
â”œâ”€â”€â”€â”€â”€â”€â”¼â”€â”€â”€â”€â”€â”€â”€â”€â”€â”€â”€â”€â”€â”€â”€â”€â”€â”€â”€â”€â”€â”€â”€â”€â”€â”€â”€â”€â”€â”€â”€â”€â”€â”€â”€â”€â”€â”€â”€â”€â”€â”€â”€â”€â”€â”€â”€â”€â”€â”€â”€â”€â”€â”€â”€â”€â”€â”€â”€â”€â”€â”€â”€â”€â”€â”€â”€â”€â”€â”€â”€â”€â”€â”€â”€â”€â”€â”€â”€â”€â”€â”€â”€â”€â”€â”€â”€â”€â”€â”€â”€â”€â”€â”€â”€â”€â”€â”€â”€â”€â”€â”€â”€â”€â”€â”¼â”€â”€â”€â”€â”€â”€â”€â”¼â”€â”€â”€â”€â”€â”€â”€â”€â”€â”¼â”€â”€â”€â”€â”€â”€â”€â”€â”€â”€â”€â”¼â”€â”€â”€â”€â”€â”€â”€â”¼â”€â”€â”€â”€â”€â”€â”€â”€â”¼â”€â”€â”€â”€â”€â”€â”€â”€â”¼â”€â”€â”€â”€â”€â”€â”€â”€â”€â”€â”€â”€â”€â”€â”€â”€â”€â”€â”€â”¼â”€â”€â”€â”€â”€â”€â”€â”€â”¼â”€â”€â”€â”€â”€â”€â”€â”€â”€â”€â”€â”€â”€â”€â”€â”€â”€â”€â”€â”€â”€â”€â”€â”€â”€â”€â”¤
â”‚ 34   â”‚ http://res.cloudinary.com/dl8bppbqg/image/upload/v1718166645/my_website_images/m8ox0ekg12l44v4e7ahc.png â”‚ 32    â”‚ 32      â”‚ file      â”‚ 32    â”‚ 32     â”‚ png    â”‚ my_website_images â”‚ 975    â”‚ 2024-06-12T04:30:46.092Z â”‚
â”œâ”€â”€â”€â”€â”€â”€â”¼â”€â”€â”€â”€â”€â”€â”€â”€â”€â”€â”€â”€â”€â”€â”€â”€â”€â”€â”€â”€â”€â”€â”€â”€â”€â”€â”€â”€â”€â”€â”€â”€â”€â”€â”€â”€â”€â”€â”€â”€â”€â”€â”€â”€â”€â”€â”€â”€â”€â”€â”€â”€â”€â”€â”€â”€â”€â”€â”€â”€â”€â”€â”€â”€â”€â”€â”€â”€â”€â”€â”€â”€â”€â”€â”€â”€â”€â”€â”€â”€â”€â”€â”€â”€â”€â”€â”€â”€â”€â”€â”€â”€â”€â”€â”€â”€â”€â”€â”€â”€â”€â”€â”€â”€â”€â”¼â”€â”€â”€â”€â”€â”€â”€â”¼â”€â”€â”€â”€â”€â”€â”€â”€â”€â”¼â”€â”€â”€â”€â”€â”€â”€â”€â”€â”€â”€â”¼â”€â”€â”€â”€â”€â”€â”€â”¼â”€â”€â”€â”€â”€â”€â”€â”€â”¼â”€â”€â”€â”€â”€â”€â”€â”€â”¼â”€â”€â”€â”€â”€â”€â”€â”€â”€â”€â”€â”€â”€â”€â”€â”€â”€â”€â”€â”¼â”€â”€â”€â”€â”€â”€â”€â”€â”¼â”€â”€â”€â”€â”€â”€â”€â”€â”€â”€â”€â”€â”€â”€â”€â”€â”€â”€â”€â”€â”€â”€â”€â”€â”€â”€â”¤
â”‚ 32   â”‚ http://res.cloudinary.com/dl8bppbqg/image/upload/v1718166645/my_website_images/bvswye39tgjipxh7vfpm.png â”‚ 32    â”‚ 32      â”‚ file      â”‚ 32    â”‚ 32     â”‚ png    â”‚ my_website_images â”‚ 975    â”‚ 2024-06-12T04:30:46.022Z â”‚
â”œâ”€â”€â”€â”€â”€â”€â”¼â”€â”€â”€â”€â”€â”€â”€â”€â”€â”€â”€â”€â”€â”€â”€â”€â”€â”€â”€â”€â”€â”€â”€â”€â”€â”€â”€â”€â”€â”€â”€â”€â”€â”€â”€â”€â”€â”€â”€â”€â”€â”€â”€â”€â”€â”€â”€â”€â”€â”€â”€â”€â”€â”€â”€â”€â”€â”€â”€â”€â”€â”€â”€â”€â”€â”€â”€â”€â”€â”€â”€â”€â”€â”€â”€â”€â”€â”€â”€â”€â”€â”€â”€â”€â”€â”€â”€â”€â”€â”€â”€â”€â”€â”€â”€â”€â”€â”€â”€â”€â”€â”€â”€â”€â”€â”¼â”€â”€â”€â”€â”€â”€â”€â”¼â”€â”€â”€â”€â”€â”€â”€â”€â”€â”¼â”€â”€â”€â”€â”€â”€â”€â”€â”€â”€â”€â”¼â”€â”€â”€â”€â”€â”€â”€â”¼â”€â”€â”€â”€â”€â”€â”€â”€â”¼â”€â”€â”€â”€â”€â”€â”€â”€â”¼â”€â”€â”€â”€â”€â”€â”€â”€â”€â”€â”€â”€â”€â”€â”€â”€â”€â”€â”€â”¼â”€â”€â”€â”€â”€â”€â”€â”€â”¼â”€â”€â”€â”€â”€â”€â”€â”€â”€â”€â”€â”€â”€â”€â”€â”€â”€â”€â”€â”€â”€â”€â”€â”€â”€â”€â”¤
â”‚ null â”‚ https://res.cloudinary.com/dl8bppbqg/image/upload/v1718307985/contact_images/flihleykp8uh6qtiykra.png   â”‚       â”‚         â”‚ file      â”‚ 1920  â”‚ 1080   â”‚ png    â”‚ contact_images    â”‚ 634802 â”‚ 2024-06-13T19:46:26.306Z â”‚
â”œâ”€â”€â”€â”€â”€â”€â”¼â”€â”€â”€â”€â”€â”€â”€â”€â”€â”€â”€â”€â”€â”€â”€â”€â”€â”€â”€â”€â”€â”€â”€â”€â”€â”€â”€â”€â”€â”€â”€â”€â”€â”€â”€â”€â”€â”€â”€â”€â”€â”€â”€â”€â”€â”€â”€â”€â”€â”€â”€â”€â”€â”€â”€â”€â”€â”€â”€â”€â”€â”€â”€â”€â”€â”€â”€â”€â”€â”€â”€â”€â”€â”€â”€â”€â”€â”€â”€â”€â”€â”€â”€â”€â”€â”€â”€â”€â”€â”€â”€â”€â”€â”€â”€â”€â”€â”€â”€â”€â”€â”€â”€â”€â”€â”¼â”€â”€â”€â”€â”€â”€â”€â”¼â”€â”€â”€â”€â”€â”€â”€â”€â”€â”¼â”€â”€â”€â”€â”€â”€â”€â”€â”€â”€â”€â”¼â”€â”€â”€â”€â”€â”€â”€â”¼â”€â”€â”€â”€â”€â”€â”€â”€â”¼â”€â”€â”€â”€â”€â”€â”€â”€â”¼â”€â”€â”€â”€â”€â”€â”€â”€â”€â”€â”€â”€â”€â”€â”€â”€â”€â”€â”€â”¼â”€â”€â”€â”€â”€â”€â”€â”€â”¼â”€â”€â”€â”€â”€â”€â”€â”€â”€â”€â”€â”€â”€â”€â”€â”€â”€â”€â”€â”€â”€â”€â”€â”€â”€â”€â”¤
â”‚ null â”‚ https://res.cloudinary.com/dl8bppbqg/image/upload/v1718308117/contact_images/rcccvqdwltfmvubgkw0v.png   â”‚       â”‚ asdfasd â”‚ file      â”‚ 1920  â”‚ 1080   â”‚ png    â”‚ contact_images    â”‚ 425989 â”‚ 2024-06-13T19:48:38.141Z â”‚
â”œâ”€â”€â”€â”€â”€â”€â”¼â”€â”€â”€â”€â”€â”€â”€â”€â”€â”€â”€â”€â”€â”€â”€â”€â”€â”€â”€â”€â”€â”€â”€â”€â”€â”€â”€â”€â”€â”€â”€â”€â”€â”€â”€â”€â”€â”€â”€â”€â”€â”€â”€â”€â”€â”€â”€â”€â”€â”€â”€â”€â”€â”€â”€â”€â”€â”€â”€â”€â”€â”€â”€â”€â”€â”€â”€â”€â”€â”€â”€â”€â”€â”€â”€â”€â”€â”€â”€â”€â”€â”€â”€â”€â”€â”€â”€â”€â”€â”€â”€â”€â”€â”€â”€â”€â”€â”€â”€â”€â”€â”€â”€â”€â”€â”¼â”€â”€â”€â”€â”€â”€â”€â”¼â”€â”€â”€â”€â”€â”€â”€â”€â”€â”¼â”€â”€â”€â”€â”€â”€â”€â”€â”€â”€â”€â”¼â”€â”€â”€â”€â”€â”€â”€â”¼â”€â”€â”€â”€â”€â”€â”€â”€â”¼â”€â”€â”€â”€â”€â”€â”€â”€â”¼â”€â”€â”€â”€â”€â”€â”€â”€â”€â”€â”€â”€â”€â”€â”€â”€â”€â”€â”€â”¼â”€â”€â”€â”€â”€â”€â”€â”€â”¼â”€â”€â”€â”€â”€â”€â”€â”€â”€â”€â”€â”€â”€â”€â”€â”€â”€â”€â”€â”€â”€â”€â”€â”€â”€â”€â”¤
â”‚ null â”‚ https://res.cloudinary.com/dl8bppbqg/image/upload/v1718309059/contact_images/tiotx7cbi6s0uiysspqg.png   â”‚ asdas â”‚         â”‚ file      â”‚ 1920  â”‚ 1080   â”‚ png    â”‚ contact_images    â”‚ 391247 â”‚ 2024-06-13T20:04:20.705Z â”‚
â”œâ”€â”€â”€â”€â”€â”€â”¼â”€â”€â”€â”€â”€â”€â”€â”€â”€â”€â”€â”€â”€â”€â”€â”€â”€â”€â”€â”€â”€â”€â”€â”€â”€â”€â”€â”€â”€â”€â”€â”€â”€â”€â”€â”€â”€â”€â”€â”€â”€â”€â”€â”€â”€â”€â”€â”€â”€â”€â”€â”€â”€â”€â”€â”€â”€â”€â”€â”€â”€â”€â”€â”€â”€â”€â”€â”€â”€â”€â”€â”€â”€â”€â”€â”€â”€â”€â”€â”€â”€â”€â”€â”€â”€â”€â”€â”€â”€â”€â”€â”€â”€â”€â”€â”€â”€â”€â”€â”€â”€â”€â”€â”€â”€â”¼â”€â”€â”€â”€â”€â”€â”€â”¼â”€â”€â”€â”€â”€â”€â”€â”€â”€â”¼â”€â”€â”€â”€â”€â”€â”€â”€â”€â”€â”€â”¼â”€â”€â”€â”€â”€â”€â”€â”¼â”€â”€â”€â”€â”€â”€â”€â”€â”¼â”€â”€â”€â”€â”€â”€â”€â”€â”¼â”€â”€â”€â”€â”€â”€â”€â”€â”€â”€â”€â”€â”€â”€â”€â”€â”€â”€â”€â”¼â”€â”€â”€â”€â”€â”€â”€â”€â”¼â”€â”€â”€â”€â”€â”€â”€â”€â”€â”€â”€â”€â”€â”€â”€â”€â”€â”€â”€â”€â”€â”€â”€â”€â”€â”€â”¤
â”‚ null â”‚ https://res.cloudinary.com/dl8bppbqg/image/upload/v1718309221/contact_images/dpai7uzj1nb9vdp5m7n0.png   â”‚       â”‚         â”‚ file      â”‚ 1920  â”‚ 1080   â”‚ png    â”‚ contact_images    â”‚ 391247 â”‚ 2024-06-13T20:07:03.403Z â”‚
â”œâ”€â”€â”€â”€â”€â”€â”¼â”€â”€â”€â”€â”€â”€â”€â”€â”€â”€â”€â”€â”€â”€â”€â”€â”€â”€â”€â”€â”€â”€â”€â”€â”€â”€â”€â”€â”€â”€â”€â”€â”€â”€â”€â”€â”€â”€â”€â”€â”€â”€â”€â”€â”€â”€â”€â”€â”€â”€â”€â”€â”€â”€â”€â”€â”€â”€â”€â”€â”€â”€â”€â”€â”€â”€â”€â”€â”€â”€â”€â”€â”€â”€â”€â”€â”€â”€â”€â”€â”€â”€â”€â”€â”€â”€â”€â”€â”€â”€â”€â”€â”€â”€â”€â”€â”€â”€â”€â”€â”€â”€â”€â”€â”€â”¼â”€â”€â”€â”€â”€â”€â”€â”¼â”€â”€â”€â”€â”€â”€â”€â”€â”€â”¼â”€â”€â”€â”€â”€â”€â”€â”€â”€â”€â”€â”¼â”€â”€â”€â”€â”€â”€â”€â”¼â”€â”€â”€â”€â”€â”€â”€â”€â”¼â”€â”€â”€â”€â”€â”€â”€â”€â”¼â”€â”€â”€â”€â”€â”€â”€â”€â”€â”€â”€â”€â”€â”€â”€â”€â”€â”€â”€â”¼â”€â”€â”€â”€â”€â”€â”€â”€â”¼â”€â”€â”€â”€â”€â”€â”€â”€â”€â”€â”€â”€â”€â”€â”€â”€â”€â”€â”€â”€â”€â”€â”€â”€â”€â”€â”¤
â”‚ null â”‚ https://res.cloudinary.com/dl8bppbqg/image/upload/v1718309571/contact_images/xkga111ntpfumvahm0sf.png   â”‚       â”‚         â”‚ file      â”‚ 1920  â”‚ 1080   â”‚ png    â”‚ contact_images    â”‚ 391247 â”‚ 2024-06-13T20:12:51.936Z â”‚
â”œâ”€â”€â”€â”€â”€â”€â”¼â”€â”€â”€â”€â”€â”€â”€â”€â”€â”€â”€â”€â”€â”€â”€â”€â”€â”€â”€â”€â”€â”€â”€â”€â”€â”€â”€â”€â”€â”€â”€â”€â”€â”€â”€â”€â”€â”€â”€â”€â”€â”€â”€â”€â”€â”€â”€â”€â”€â”€â”€â”€â”€â”€â”€â”€â”€â”€â”€â”€â”€â”€â”€â”€â”€â”€â”€â”€â”€â”€â”€â”€â”€â”€â”€â”€â”€â”€â”€â”€â”€â”€â”€â”€â”€â”€â”€â”€â”€â”€â”€â”€â”€â”€â”€â”€â”€â”€â”€â”€â”€â”€â”€â”€â”€â”¼â”€â”€â”€â”€â”€â”€â”€â”¼â”€â”€â”€â”€â”€â”€â”€â”€â”€â”¼â”€â”€â”€â”€â”€â”€â”€â”€â”€â”€â”€â”¼â”€â”€â”€â”€â”€â”€â”€â”¼â”€â”€â”€â”€â”€â”€â”€â”€â”¼â”€â”€â”€â”€â”€â”€â”€â”€â”¼â”€â”€â”€â”€â”€â”€â”€â”€â”€â”€â”€â”€â”€â”€â”€â”€â”€â”€â”€â”¼â”€â”€â”€â”€â”€â”€â”€â”€â”¼â”€â”€â”€â”€â”€â”€â”€â”€â”€â”€â”€â”€â”€â”€â”€â”€â”€â”€â”€â”€â”€â”€â”€â”€â”€â”€â”¤
â”‚ null â”‚ https://res.cloudinary.com/dl8bppbqg/image/upload/v1718309637/contact_images/no66obh8kpw8c91o50rr.png   â”‚       â”‚         â”‚ file      â”‚ 1920  â”‚ 1080   â”‚ png    â”‚ contact_images    â”‚ 371201 â”‚ 2024-06-13T20:13:57.860Z â”‚
â”œâ”€â”€â”€â”€â”€â”€â”¼â”€â”€â”€â”€â”€â”€â”€â”€â”€â”€â”€â”€â”€â”€â”€â”€â”€â”€â”€â”€â”€â”€â”€â”€â”€â”€â”€â”€â”€â”€â”€â”€â”€â”€â”€â”€â”€â”€â”€â”€â”€â”€â”€â”€â”€â”€â”€â”€â”€â”€â”€â”€â”€â”€â”€â”€â”€â”€â”€â”€â”€â”€â”€â”€â”€â”€â”€â”€â”€â”€â”€â”€â”€â”€â”€â”€â”€â”€â”€â”€â”€â”€â”€â”€â”€â”€â”€â”€â”€â”€â”€â”€â”€â”€â”€â”€â”€â”€â”€â”€â”€â”€â”€â”€â”€â”¼â”€â”€â”€â”€â”€â”€â”€â”¼â”€â”€â”€â”€â”€â”€â”€â”€â”€â”¼â”€â”€â”€â”€â”€â”€â”€â”€â”€â”€â”€â”¼â”€â”€â”€â”€â”€â”€â”€â”¼â”€â”€â”€â”€â”€â”€â”€â”€â”¼â”€â”€â”€â”€â”€â”€â”€â”€â”¼â”€â”€â”€â”€â”€â”€â”€â”€â”€â”€â”€â”€â”€â”€â”€â”€â”€â”€â”€â”¼â”€â”€â”€â”€â”€â”€â”€â”€â”¼â”€â”€â”€â”€â”€â”€â”€â”€â”€â”€â”€â”€â”€â”€â”€â”€â”€â”€â”€â”€â”€â”€â”€â”€â”€â”€â”¤
â”‚ null â”‚ https://res.cloudinary.com/dl8bppbqg/image/upload/v1718309980/contact_images/rzrcurcghevm6r3e77st.png   â”‚       â”‚         â”‚ file      â”‚ 1920  â”‚ 1080   â”‚ png    â”‚ contact_images    â”‚ 391247 â”‚ 2024-06-13T20:19:42.268Z â”‚
â”œâ”€â”€â”€â”€â”€â”€â”¼â”€â”€â”€â”€â”€â”€â”€â”€â”€â”€â”€â”€â”€â”€â”€â”€â”€â”€â”€â”€â”€â”€â”€â”€â”€â”€â”€â”€â”€â”€â”€â”€â”€â”€â”€â”€â”€â”€â”€â”€â”€â”€â”€â”€â”€â”€â”€â”€â”€â”€â”€â”€â”€â”€â”€â”€â”€â”€â”€â”€â”€â”€â”€â”€â”€â”€â”€â”€â”€â”€â”€â”€â”€â”€â”€â”€â”€â”€â”€â”€â”€â”€â”€â”€â”€â”€â”€â”€â”€â”€â”€â”€â”€â”€â”€â”€â”€â”€â”€â”€â”€â”€â”€â”€â”€â”¼â”€â”€â”€â”€â”€â”€â”€â”¼â”€â”€â”€â”€â”€â”€â”€â”€â”€â”¼â”€â”€â”€â”€â”€â”€â”€â”€â”€â”€â”€â”¼â”€â”€â”€â”€â”€â”€â”€â”¼â”€â”€â”€â”€â”€â”€â”€â”€â”¼â”€â”€â”€â”€â”€â”€â”€â”€â”¼â”€â”€â”€â”€â”€â”€â”€â”€â”€â”€â”€â”€â”€â”€â”€â”€â”€â”€â”€â”¼â”€â”€â”€â”€â”€â”€â”€â”€â”¼â”€â”€â”€â”€â”€â”€â”€â”€â”€â”€â”€â”€â”€â”€â”€â”€â”€â”€â”€â”€â”€â”€â”€â”€â”€â”€â”¤
â”‚ null â”‚ https://res.cloudinary.com/dl8bppbqg/image/upload/v1718310147/contact_images/uodsrtjwpt8kpny0zl9a.png   â”‚       â”‚         â”‚ file      â”‚ 1920  â”‚ 1080   â”‚ png    â”‚ contact_images    â”‚ 391247 â”‚ 2024-06-13T20:22:28.447Z â”‚
â”œâ”€â”€â”€â”€â”€â”€â”¼â”€â”€â”€â”€â”€â”€â”€â”€â”€â”€â”€â”€â”€â”€â”€â”€â”€â”€â”€â”€â”€â”€â”€â”€â”€â”€â”€â”€â”€â”€â”€â”€â”€â”€â”€â”€â”€â”€â”€â”€â”€â”€â”€â”€â”€â”€â”€â”€â”€â”€â”€â”€â”€â”€â”€â”€â”€â”€â”€â”€â”€â”€â”€â”€â”€â”€â”€â”€â”€â”€â”€â”€â”€â”€â”€â”€â”€â”€â”€â”€â”€â”€â”€â”€â”€â”€â”€â”€â”€â”€â”€â”€â”€â”€â”€â”€â”€â”€â”€â”€â”€â”€â”€â”€â”€â”¼â”€â”€â”€â”€â”€â”€â”€â”¼â”€â”€â”€â”€â”€â”€â”€â”€â”€â”¼â”€â”€â”€â”€â”€â”€â”€â”€â”€â”€â”€â”¼â”€â”€â”€â”€â”€â”€â”€â”¼â”€â”€â”€â”€â”€â”€â”€â”€â”¼â”€â”€â”€â”€â”€â”€â”€â”€â”¼â”€â”€â”€â”€â”€â”€â”€â”€â”€â”€â”€â”€â”€â”€â”€â”€â”€â”€â”€â”¼â”€â”€â”€â”€â”€â”€â”€â”€â”¼â”€â”€â”€â”€â”€â”€â”€â”€â”€â”€â”€â”€â”€â”€â”€â”€â”€â”€â”€â”€â”€â”€â”€â”€â”€â”€â”¤
â”‚ null â”‚ https://res.cloudinary.com/dl8bppbqg/image/upload/v1718310280/contact_images/gngdg6dhjbq2lala44kl.png   â”‚       â”‚         â”‚ file      â”‚ 1920  â”‚ 1080   â”‚ png    â”‚ contact_images    â”‚ 391247 â”‚ 2024-06-13T20:24:41.221Z â”‚
â”œâ”€â”€â”€â”€â”€â”€â”¼â”€â”€â”€â”€â”€â”€â”€â”€â”€â”€â”€â”€â”€â”€â”€â”€â”€â”€â”€â”€â”€â”€â”€â”€â”€â”€â”€â”€â”€â”€â”€â”€â”€â”€â”€â”€â”€â”€â”€â”€â”€â”€â”€â”€â”€â”€â”€â”€â”€â”€â”€â”€â”€â”€â”€â”€â”€â”€â”€â”€â”€â”€â”€â”€â”€â”€â”€â”€â”€â”€â”€â”€â”€â”€â”€â”€â”€â”€â”€â”€â”€â”€â”€â”€â”€â”€â”€â”€â”€â”€â”€â”€â”€â”€â”€â”€â”€â”€â”€â”€â”€â”€â”€â”€â”€â”¼â”€â”€â”€â”€â”€â”€â”€â”¼â”€â”€â”€â”€â”€â”€â”€â”€â”€â”¼â”€â”€â”€â”€â”€â”€â”€â”€â”€â”€â”€â”¼â”€â”€â”€â”€â”€â”€â”€â”¼â”€â”€â”€â”€â”€â”€â”€â”€â”¼â”€â”€â”€â”€â”€â”€â”€â”€â”¼â”€â”€â”€â”€â”€â”€â”€â”€â”€â”€â”€â”€â”€â”€â”€â”€â”€â”€â”€â”¼â”€â”€â”€â”€â”€â”€â”€â”€â”¼â”€â”€â”€â”€â”€â”€â”€â”€â”€â”€â”€â”€â”€â”€â”€â”€â”€â”€â”€â”€â”€â”€â”€â”€â”€â”€â”¤
â”‚ null â”‚ https://res.cloudinary.com/dl8bppbqg/image/upload/v1718312961/contact_images/eazqnlkvk7ytrvcnuvgg.png   â”‚       â”‚         â”‚ file      â”‚ 1920  â”‚ 1080   â”‚ png    â”‚ contact_images    â”‚ 371201 â”‚ 2024-06-13T21:09:22.599Z â”‚
â”œâ”€â”€â”€â”€â”€â”€â”¼â”€â”€â”€â”€â”€â”€â”€â”€â”€â”€â”€â”€â”€â”€â”€â”€â”€â”€â”€â”€â”€â”€â”€â”€â”€â”€â”€â”€â”€â”€â”€â”€â”€â”€â”€â”€â”€â”€â”€â”€â”€â”€â”€â”€â”€â”€â”€â”€â”€â”€â”€â”€â”€â”€â”€â”€â”€â”€â”€â”€â”€â”€â”€â”€â”€â”€â”€â”€â”€â”€â”€â”€â”€â”€â”€â”€â”€â”€â”€â”€â”€â”€â”€â”€â”€â”€â”€â”€â”€â”€â”€â”€â”€â”€â”€â”€â”€â”€â”€â”€â”€â”€â”€â”€â”€â”¼â”€â”€â”€â”€â”€â”€â”€â”¼â”€â”€â”€â”€â”€â”€â”€â”€â”€â”¼â”€â”€â”€â”€â”€â”€â”€â”€â”€â”€â”€â”¼â”€â”€â”€â”€â”€â”€â”€â”¼â”€â”€â”€â”€â”€â”€â”€â”€â”¼â”€â”€â”€â”€â”€â”€â”€â”€â”¼â”€â”€â”€â”€â”€â”€â”€â”€â”€â”€â”€â”€â”€â”€â”€â”€â”€â”€â”€â”¼â”€â”€â”€â”€â”€â”€â”€â”€â”¼â”€â”€â”€â”€â”€â”€â”€â”€â”€â”€â”€â”€â”€â”€â”€â”€â”€â”€â”€â”€â”€â”€â”€â”€â”€â”€â”¤
â”‚ null â”‚ https://res.cloudinary.com/dl8bppbqg/image/upload/v1718313629/contact_images/pjfihnocvi57akrnbepb.png   â”‚ asdas â”‚ asdsda  â”‚ file      â”‚ 1920  â”‚ 1080   â”‚ png    â”‚ contact_images    â”‚ 386327 â”‚ 2024-06-13T21:20:30.882Z â”‚
â””â”€â”€â”€â”€â”€â”€â”´â”€â”€â”€â”€â”€â”€â”€â”€â”€â”€â”€â”€â”€â”€â”€â”€â”€â”€â”€â”€â”€â”€â”€â”€â”€â”€â”€â”€â”€â”€â”€â”€â”€â”€â”€â”€â”€â”€â”€â”€â”€â”€â”€â”€â”€â”€â”€â”€â”€â”€â”€â”€â”€â”€â”€â”€â”€â”€â”€â”€â”€â”€â”€â”€â”€â”€â”€â”€â”€â”€â”€â”€â”€â”€â”€â”€â”€â”€â”€â”€â”€â”€â”€â”€â”€â”€â”€â”€â”€â”€â”€â”€â”€â”€â”€â”€â”€â”€â”€â”€â”€â”€â”€â”€â”€â”´â”€â”€â”€â”€â”€â”€â”€â”´â”€â”€â”€â”€â”€â”€â”€â”€â”€â”´â”€â”€â”€â”€â”€â”€â”€â”€â”€â”€â”€â”´â”€â”€â”€â”€â”€â”€â”€â”´â”€â”€â”€â”€â”€â”€â”€â”€â”´â”€â”€â”€â”€â”€â”€â”€â”€â”´â”€â”€â”€â”€â”€â”€â”€â”€â”€â”€â”€â”€â”€â”€â”€â”€â”€â”€â”€â”´â”€â”€â”€â”€â”€â”€â”€â”€â”´â”€â”€â”€â”€â”€â”€â”€â”€â”€â”€â”€â”€â”€â”€â”€â”€â”€â”€â”€â”€â”€â”€â”€â”€â”€â”€â”˜

suhrob@suhrob:~/Project-3$ npx wrangler d1 execute DB  --file ./init.sql --remote

 â›…ï¸ wrangler 3.60.2
-------------------

âœ” âš ï¸ This process may take some time, during which your D1 database will be unavailable to serve queries.
  Ok to proceed? â€¦ yes
ğŸŒ€ Executing on preview database DB (1ca9b7ac-f088-4e7f-8868-1b61daa2f192):
ğŸŒ€ To execute on your local development database, remove the --remote flag from your wrangler command.
Note: if the execution fails to complete, your DB will return to its original state and you can safely retry.
ğŸŒ€ File already uploaded. Processing.
ğŸŒ€ Starting import...
ğŸŒ€ Processed 6 queries.
ğŸš£ Executed 6 queries in 0.01 seconds (32 rows read, 50 rows written)
   Database is currently at bookmark 00000014-00000000-00004daf-330dcf6c1a0e2a980852e0c13a0d57fa.
â”Œâ”€â”€â”€â”€â”€â”€â”€â”€â”€â”€â”€â”€â”€â”€â”€â”€â”€â”€â”€â”€â”€â”€â”€â”€â”¬â”€â”€â”€â”€â”€â”€â”€â”€â”€â”€â”€â”¬â”€â”€â”€â”€â”€â”€â”€â”€â”€â”€â”€â”€â”€â”€â”¬â”€â”€â”€â”€â”€â”€â”€â”€â”€â”€â”€â”€â”€â”€â”€â”€â”€â”€â”€â”
â”‚ Total queries executed â”‚ Rows read â”‚ Rows written â”‚ Databas size (MB) â”‚
â”œâ”€â”€â”€â”€â”€â”€â”€â”€â”€â”€â”€â”€â”€â”€â”€â”€â”€â”€â”€â”€â”€â”€â”€â”€â”¼â”€â”€â”€â”€â”€â”€â”€â”€â”€â”€â”€â”¼â”€â”€â”€â”€â”€â”€â”€â”€â”€â”€â”€â”€â”€â”€â”¼â”€â”€â”€â”€â”€â”€â”€â”€â”€â”€â”€â”€â”€â”€â”€â”€â”€â”€â”€â”¤
â”‚ 6                      â”‚ 32        â”‚ 50           â”‚ 0.03              â”‚
â””â”€â”€â”€â”€â”€â”€â”€â”€â”€â”€â”€â”€â”€â”€â”€â”€â”€â”€â”€â”€â”€â”€â”€â”€â”´â”€â”€â”€â”€â”€â”€â”€â”€â”€â”€â”€â”´â”€â”€â”€â”€â”€â”€â”€â”€â”€â”€â”€â”€â”€â”€â”´â”€â”€â”€â”€â”€â”€â”€â”€â”€â”€â”€â”€â”€â”€â”€â”€â”€â”€â”€â”˜

suhrob@suhrob:~/Project-3$ npx wrangler d1 execute DB  --file ./init.sql

 â›…ï¸ wrangler 3.60.2
-------------------

ğŸŒ€ Executing on local database DB (DB) from .wrangler/state/v3/d1:
ğŸŒ€ To execute on your remote database, add a --remote flag to your wrangler command.

suhrob@suhrob:~/Project-3$ npx wrangler d1 execute DB --command "SELECT * FROM connections;"

 â›…ï¸ wrangler 3.60.2
-------------------

ğŸŒ€ Executing on local database DB (DB) from .wrangler/state/v3/d1:
ğŸŒ€ To execute on your remote database, add a --remote flag to your wrangler command.
â”Œâ”€â”€â”€â”€â”¬â”€â”€â”€â”€â”€â”€â”¬â”€â”€â”€â”€â”€â”€â”€â”¬â”€â”€â”€â”€â”€â”€â”€â”€â”€â”€â”€â”€â”€â”€â”€â”€â”€â”€â”€â”¬â”€â”€â”€â”€â”€â”€â”€â”€â”€â”€â”€â”€â”€â”€â”€â”€â”€â”€â”¬â”€â”€â”€â”€â”€â”€â”€â”€â”€â”¬â”€â”€â”€â”€â”€â”€â”€â”€â”€â”€â”€â”€â”€â”€â”€â”€â”€â”€â”€â”€â”€â”€â”€â”€â”€â”€â”€â”€â”€â”€â”€â”€â”€â”€â”€â”€â”€â”€â”€â”€â”€â”€â”€â”€â”€â”€â”€â”€â”€â”€â”€â”€â”€â”€â”€â”€â”€â”€â”€â”€â”€â”€â”€â”€â”€â”€â”€â”€â”€â”€â”€â”€â”€â”€â”€â”€â”€â”€â”€â”€â”€â”€â”€â”€â”€â”€â”€â”€â”€â”€â”€â”€â”€â”€â”€â”€â”€â”€â”€â”€â”€â”€â”€â”€â”€â”€â”¬â”€â”€â”€â”€â”€â”€â”€â”€â”¬â”€â”€â”€â”€â”€â”€â”€â”€â”€â”€â”€â”€â”€â”€â”€â”€â”€â”€â”€â”€â”€â”€â”€â”€â”€â”€â”
â”‚ id â”‚ mail â”‚ title â”‚ short_description â”‚ long_description â”‚ contact â”‚ img_url                                                                                                  â”‚ img_id â”‚ created_at               â”‚
â”œâ”€â”€â”€â”€â”¼â”€â”€â”€â”€â”€â”€â”¼â”€â”€â”€â”€â”€â”€â”€â”¼â”€â”€â”€â”€â”€â”€â”€â”€â”€â”€â”€â”€â”€â”€â”€â”€â”€â”€â”€â”¼â”€â”€â”€â”€â”€â”€â”€â”€â”€â”€â”€â”€â”€â”€â”€â”€â”€â”€â”¼â”€â”€â”€â”€â”€â”€â”€â”€â”€â”¼â”€â”€â”€â”€â”€â”€â”€â”€â”€â”€â”€â”€â”€â”€â”€â”€â”€â”€â”€â”€â”€â”€â”€â”€â”€â”€â”€â”€â”€â”€â”€â”€â”€â”€â”€â”€â”€â”€â”€â”€â”€â”€â”€â”€â”€â”€â”€â”€â”€â”€â”€â”€â”€â”€â”€â”€â”€â”€â”€â”€â”€â”€â”€â”€â”€â”€â”€â”€â”€â”€â”€â”€â”€â”€â”€â”€â”€â”€â”€â”€â”€â”€â”€â”€â”€â”€â”€â”€â”€â”€â”€â”€â”€â”€â”€â”€â”€â”€â”€â”€â”€â”€â”€â”€â”€â”€â”¼â”€â”€â”€â”€â”€â”€â”€â”€â”¼â”€â”€â”€â”€â”€â”€â”€â”€â”€â”€â”€â”€â”€â”€â”€â”€â”€â”€â”€â”€â”€â”€â”€â”€â”€â”€â”¤
â”‚ 14 â”‚ asdf â”‚ asdf  â”‚ asdf              â”‚ asdf             â”‚ asdf    â”‚ http://res.cloudinary.com/dq5dvbrtp/image/upload/v1718122567/my_website_images/nmfppijzzpcb73fcuxou.jpg  â”‚ 1      â”‚ 2024-06-11T16:23:10.070Z â”‚
â”œâ”€â”€â”€â”€â”¼â”€â”€â”€â”€â”€â”€â”¼â”€â”€â”€â”€â”€â”€â”€â”¼â”€â”€â”€â”€â”€â”€â”€â”€â”€â”€â”€â”€â”€â”€â”€â”€â”€â”€â”€â”¼â”€â”€â”€â”€â”€â”€â”€â”€â”€â”€â”€â”€â”€â”€â”€â”€â”€â”€â”¼â”€â”€â”€â”€â”€â”€â”€â”€â”€â”¼â”€â”€â”€â”€â”€â”€â”€â”€â”€â”€â”€â”€â”€â”€â”€â”€â”€â”€â”€â”€â”€â”€â”€â”€â”€â”€â”€â”€â”€â”€â”€â”€â”€â”€â”€â”€â”€â”€â”€â”€â”€â”€â”€â”€â”€â”€â”€â”€â”€â”€â”€â”€â”€â”€â”€â”€â”€â”€â”€â”€â”€â”€â”€â”€â”€â”€â”€â”€â”€â”€â”€â”€â”€â”€â”€â”€â”€â”€â”€â”€â”€â”€â”€â”€â”€â”€â”€â”€â”€â”€â”€â”€â”€â”€â”€â”€â”€â”€â”€â”€â”€â”€â”€â”€â”€â”€â”¼â”€â”€â”€â”€â”€â”€â”€â”€â”¼â”€â”€â”€â”€â”€â”€â”€â”€â”€â”€â”€â”€â”€â”€â”€â”€â”€â”€â”€â”€â”€â”€â”€â”€â”€â”€â”¤
â”‚ 15 â”‚ asdf â”‚ asdf  â”‚ asdf              â”‚ asdf             â”‚ asdf    â”‚ http://res.cloudinary.com/dq5dvbrtp/image/upload/v1718122988/my_website_images/hlmliacvwol0t45jwcru.jpg  â”‚ 2      â”‚ 2024-06-11T16:31:56.772Z â”‚
â”œâ”€â”€â”€â”€â”¼â”€â”€â”€â”€â”€â”€â”¼â”€â”€â”€â”€â”€â”€â”€â”¼â”€â”€â”€â”€â”€â”€â”€â”€â”€â”€â”€â”€â”€â”€â”€â”€â”€â”€â”€â”¼â”€â”€â”€â”€â”€â”€â”€â”€â”€â”€â”€â”€â”€â”€â”€â”€â”€â”€â”¼â”€â”€â”€â”€â”€â”€â”€â”€â”€â”¼â”€â”€â”€â”€â”€â”€â”€â”€â”€â”€â”€â”€â”€â”€â”€â”€â”€â”€â”€â”€â”€â”€â”€â”€â”€â”€â”€â”€â”€â”€â”€â”€â”€â”€â”€â”€â”€â”€â”€â”€â”€â”€â”€â”€â”€â”€â”€â”€â”€â”€â”€â”€â”€â”€â”€â”€â”€â”€â”€â”€â”€â”€â”€â”€â”€â”€â”€â”€â”€â”€â”€â”€â”€â”€â”€â”€â”€â”€â”€â”€â”€â”€â”€â”€â”€â”€â”€â”€â”€â”€â”€â”€â”€â”€â”€â”€â”€â”€â”€â”€â”€â”€â”€â”€â”€â”€â”¼â”€â”€â”€â”€â”€â”€â”€â”€â”¼â”€â”€â”€â”€â”€â”€â”€â”€â”€â”€â”€â”€â”€â”€â”€â”€â”€â”€â”€â”€â”€â”€â”€â”€â”€â”€â”¤
â”‚ 16 â”‚ asdf â”‚ asdf  â”‚ adsf              â”‚ asdf             â”‚ asdf    â”‚ https://res.cloudinary.com/dq5dvbrtp/image/upload/v1718123773/my_website_images/n7845sndo9qtcgiuud8w.jpg â”‚ 3      â”‚ 2024-06-11T16:36:14.767Z â”‚
â”œâ”€â”€â”€â”€â”¼â”€â”€â”€â”€â”€â”€â”¼â”€â”€â”€â”€â”€â”€â”€â”¼â”€â”€â”€â”€â”€â”€â”€â”€â”€â”€â”€â”€â”€â”€â”€â”€â”€â”€â”€â”¼â”€â”€â”€â”€â”€â”€â”€â”€â”€â”€â”€â”€â”€â”€â”€â”€â”€â”€â”¼â”€â”€â”€â”€â”€â”€â”€â”€â”€â”¼â”€â”€â”€â”€â”€â”€â”€â”€â”€â”€â”€â”€â”€â”€â”€â”€â”€â”€â”€â”€â”€â”€â”€â”€â”€â”€â”€â”€â”€â”€â”€â”€â”€â”€â”€â”€â”€â”€â”€â”€â”€â”€â”€â”€â”€â”€â”€â”€â”€â”€â”€â”€â”€â”€â”€â”€â”€â”€â”€â”€â”€â”€â”€â”€â”€â”€â”€â”€â”€â”€â”€â”€â”€â”€â”€â”€â”€â”€â”€â”€â”€â”€â”€â”€â”€â”€â”€â”€â”€â”€â”€â”€â”€â”€â”€â”€â”€â”€â”€â”€â”€â”€â”€â”€â”€â”€â”¼â”€â”€â”€â”€â”€â”€â”€â”€â”¼â”€â”€â”€â”€â”€â”€â”€â”€â”€â”€â”€â”€â”€â”€â”€â”€â”€â”€â”€â”€â”€â”€â”€â”€â”€â”€â”¤
â”‚ 17 â”‚ asdf â”‚ asdf  â”‚ adsf              â”‚ asdf             â”‚ asdf    â”‚ https://res.cloudinary.com/dq5dvbrtp/image/upload/v1718123808/my_website_images/o7lmfdkyhrgxctznfxl7.jpg â”‚ 4      â”‚ 2024-06-11T16:36:49.945Z â”‚
â””â”€â”€â”€â”€â”´â”€â”€â”€â”€â”€â”€â”´â”€â”€â”€â”€â”€â”€â”€â”´â”€â”€â”€â”€â”€â”€â”€â”€â”€â”€â”€â”€â”€â”€â”€â”€â”€â”€â”€â”´â”€â”€â”€â”€â”€â”€â”€â”€â”€â”€â”€â”€â”€â”€â”€â”€â”€â”€â”´â”€â”€â”€â”€â”€â”€â”€â”€â”€â”´â”€â”€â”€â”€â”€â”€â”€â”€â”€â”€â”€â”€â”€â”€â”€â”€â”€â”€â”€â”€â”€â”€â”€â”€â”€â”€â”€â”€â”€â”€â”€â”€â”€â”€â”€â”€â”€â”€â”€â”€â”€â”€â”€â”€â”€â”€â”€â”€â”€â”€â”€â”€â”€â”€â”€â”€â”€â”€â”€â”€â”€â”€â”€â”€â”€â”€â”€â”€â”€â”€â”€â”€â”€â”€â”€â”€â”€â”€â”€â”€â”€â”€â”€â”€â”€â”€â”€â”€â”€â”€â”€â”€â”€â”€â”€â”€â”€â”€â”€â”€â”€â”€â”€â”€â”€â”€â”´â”€â”€â”€â”€â”€â”€â”€â”€â”´â”€â”€â”€â”€â”€â”€â”€â”€â”€â”€â”€â”€â”€â”€â”€â”€â”€â”€â”€â”€â”€â”€â”€â”€â”€â”€â”˜

suhrob@suhrob:~/Project-3$ AAAAAAAAAAAAAAAAAAAA

